Archive member included to satisfy reference by file (symbol)

c:/program files (x86)/embitz/1.11/share/em_armgcc/bin/../lib/gcc/arm-none-eabi/5.4.1/../../../../arm-none-eabi/lib/armv7-m\libg_n.a(lib_a-asctime.o)
                              obj\release\src\gtclib.o (asctime)
c:/program files (x86)/embitz/1.11/share/em_armgcc/bin/../lib/gcc/arm-none-eabi/5.4.1/../../../../arm-none-eabi/lib/armv7-m\libg_n.a(lib_a-asctime_r.o)
                              c:/program files (x86)/embitz/1.11/share/em_armgcc/bin/../lib/gcc/arm-none-eabi/5.4.1/../../../../arm-none-eabi/lib/armv7-m\libg_n.a(lib_a-asctime.o) (asctime_r)
c:/program files (x86)/embitz/1.11/share/em_armgcc/bin/../lib/gcc/arm-none-eabi/5.4.1/../../../../arm-none-eabi/lib/armv7-m\libg_n.a(lib_a-exit.o)
                              c:/program files (x86)/embitz/1.11/share/em_armgcc/bin/../lib/gcc/arm-none-eabi/5.4.1/../../../../arm-none-eabi/lib/armv7-m/crt0.o (exit)
c:/program files (x86)/embitz/1.11/share/em_armgcc/bin/../lib/gcc/arm-none-eabi/5.4.1/../../../../arm-none-eabi/lib/armv7-m\libg_n.a(lib_a-impure.o)
                              c:/program files (x86)/embitz/1.11/share/em_armgcc/bin/../lib/gcc/arm-none-eabi/5.4.1/../../../../arm-none-eabi/lib/armv7-m\libg_n.a(lib_a-exit.o) (_global_impure_ptr)
c:/program files (x86)/embitz/1.11/share/em_armgcc/bin/../lib/gcc/arm-none-eabi/5.4.1/../../../../arm-none-eabi/lib/armv7-m\libg_n.a(lib_a-init.o)
                              c:/program files (x86)/embitz/1.11/share/em_armgcc/bin/../lib/gcc/arm-none-eabi/5.4.1/../../../../arm-none-eabi/lib/armv7-m/crt0.o (__libc_init_array)
c:/program files (x86)/embitz/1.11/share/em_armgcc/bin/../lib/gcc/arm-none-eabi/5.4.1/../../../../arm-none-eabi/lib/armv7-m\libg_n.a(lib_a-lcltime.o)
                              obj\release\src\gtclib.o (localtime)
c:/program files (x86)/embitz/1.11/share/em_armgcc/bin/../lib/gcc/arm-none-eabi/5.4.1/../../../../arm-none-eabi/lib/armv7-m\libg_n.a(lib_a-lcltime_r.o)
                              c:/program files (x86)/embitz/1.11/share/em_armgcc/bin/../lib/gcc/arm-none-eabi/5.4.1/../../../../arm-none-eabi/lib/armv7-m\libg_n.a(lib_a-lcltime.o) (localtime_r)
c:/program files (x86)/embitz/1.11/share/em_armgcc/bin/../lib/gcc/arm-none-eabi/5.4.1/../../../../arm-none-eabi/lib/armv7-m\libg_n.a(lib_a-malloc.o)
                              c:/program files (x86)/embitz/1.11/share/em_armgcc/bin/../lib/gcc/arm-none-eabi/5.4.1/../../../../arm-none-eabi/lib/armv7-m\libg_n.a(lib_a-asctime.o) (malloc)
c:/program files (x86)/embitz/1.11/share/em_armgcc/bin/../lib/gcc/arm-none-eabi/5.4.1/../../../../arm-none-eabi/lib/armv7-m\libg_n.a(lib_a-memcmp.o)
                              obj\release\src\gtclib.o (memcmp)
c:/program files (x86)/embitz/1.11/share/em_armgcc/bin/../lib/gcc/arm-none-eabi/5.4.1/../../../../arm-none-eabi/lib/armv7-m\libg_n.a(lib_a-memset.o)
                              c:/program files (x86)/embitz/1.11/share/em_armgcc/bin/../lib/gcc/arm-none-eabi/5.4.1/../../../../arm-none-eabi/lib/armv7-m/crt0.o (memset)
c:/program files (x86)/embitz/1.11/share/em_armgcc/bin/../lib/gcc/arm-none-eabi/5.4.1/../../../../arm-none-eabi/lib/armv7-m\libg_n.a(lib_a-month_lengths.o)
                              c:/program files (x86)/embitz/1.11/share/em_armgcc/bin/../lib/gcc/arm-none-eabi/5.4.1/../../../../arm-none-eabi/lib/armv7-m\libg_n.a(lib_a-lcltime_r.o) (__month_lengths)
c:/program files (x86)/embitz/1.11/share/em_armgcc/bin/../lib/gcc/arm-none-eabi/5.4.1/../../../../arm-none-eabi/lib/armv7-m\libg_n.a(lib_a-nano-freer.o)
                              c:/program files (x86)/embitz/1.11/share/em_armgcc/bin/../lib/gcc/arm-none-eabi/5.4.1/../../../../arm-none-eabi/lib/armv7-m\libg_n.a(lib_a-malloc.o) (_free_r)
c:/program files (x86)/embitz/1.11/share/em_armgcc/bin/../lib/gcc/arm-none-eabi/5.4.1/../../../../arm-none-eabi/lib/armv7-m\libg_n.a(lib_a-nano-mallocr.o)
                              c:/program files (x86)/embitz/1.11/share/em_armgcc/bin/../lib/gcc/arm-none-eabi/5.4.1/../../../../arm-none-eabi/lib/armv7-m\libg_n.a(lib_a-malloc.o) (_malloc_r)
c:/program files (x86)/embitz/1.11/share/em_armgcc/bin/../lib/gcc/arm-none-eabi/5.4.1/../../../../arm-none-eabi/lib/armv7-m\libg_n.a(lib_a-sbrkr.o)
                              c:/program files (x86)/embitz/1.11/share/em_armgcc/bin/../lib/gcc/arm-none-eabi/5.4.1/../../../../arm-none-eabi/lib/armv7-m\libg_n.a(lib_a-nano-mallocr.o) (_sbrk_r)
c:/program files (x86)/embitz/1.11/share/em_armgcc/bin/../lib/gcc/arm-none-eabi/5.4.1/../../../../arm-none-eabi/lib/armv7-m\libg_n.a(lib_a-sprintf.o)
                              obj\release\src\gtclib.o (sprintf)
c:/program files (x86)/embitz/1.11/share/em_armgcc/bin/../lib/gcc/arm-none-eabi/5.4.1/../../../../arm-none-eabi/lib/armv7-m\libg_n.a(lib_a-stpcpy.o)
                              obj\release\src\gtclib.o (stpcpy)
[...]
Memory Configuration

Name             Origin             Length             Attributes
ROM              0x08000000         0x00010000         xr
RAM              0x20000000         0x00005000         xrw
*default*        0x00000000         0xffffffff

Linker script and memory map

LOAD c:/program files (x86)/embitz/1.11/share/em_armgcc/bin/../lib/gcc/arm-none-eabi/5.4.1/armv7-m/crti.o
LOAD c:/program files (x86)/embitz/1.11/share/em_armgcc/bin/../lib/gcc/arm-none-eabi/5.4.1/armv7-m/crtbegin.o
LOAD c:/program files (x86)/embitz/1.11/share/em_armgcc/bin/../lib/gcc/arm-none-eabi/5.4.1/../../../../arm-none-eabi/lib/armv7-m/crt0.o
                0x00000000                __HEAP_SIZE = 0x0
                0x00000100                __STACK_SIZE = 0x100

.text           0x08000000     0x4ff0
 *(.isr_vector)
 .isr_vector    0x08000000       0xec obj\release\src\startup_stm32f10x_md.o
                0x08000000                __isr_vector
 *(.text*)
 .text          0x080000ec       0x5c c:/program files (x86)/embitz/1.11/share/em_armgcc/bin/../lib/gcc/arm-none-eabi/5.4.1/armv7-m/crtbegin.o
 .text          0x08000148       0x74 c:/program files (x86)/embitz/1.11/share/em_armgcc/bin/../lib/gcc/arm-none-eabi/5.4.1/../../../../arm-none-eabi/lib/armv7-m/crt0.o
                0x08000148                _start
                0x08000148                _mainCRTStartup
 .text.NVIC_PriorityGroupConfig
                0x080001bc       0x14 obj\release\spl\src\misc.o
                0x080001bc                NVIC_PriorityGroupConfig
 .text.NVIC_Init
                0x080001d0       0x6c obj\release\spl\src\misc.o
                0x080001d0                NVIC_Init
 .text.EXTI_Init
                0x0800023c       0x8c obj\release\spl\src\stm32f10x_exti.o
                0x0800023c                EXTI_Init
 .text.EXTI_ClearITPendingBit
                0x080002c8        0xc obj\release\spl\src\stm32f10x_exti.o
                0x080002c8                EXTI_ClearITPendingBit
 .text.GPIO_Init
                0x080002d4       0xcc obj\release\spl\src\stm32f10x_gpio.o
                0x080002d4                GPIO_Init
 .text.GPIO_StructInit
                0x080003a0       0x10 obj\release\spl\src\stm32f10x_gpio.o
                0x080003a0                GPIO_StructInit
 .text.GPIO_SetBits
                0x080003b0        0x4 obj\release\spl\src\stm32f10x_gpio.o
                0x080003b0                GPIO_SetBits
 .text.GPIO_ResetBits
                0x080003b4        0x4 obj\release\spl\src\stm32f10x_gpio.o
                0x080003b4                GPIO_ResetBits
 .text.GPIO_WriteBit
                0x080003b8        0xc obj\release\spl\src\stm32f10x_gpio.o
                0x080003b8                GPIO_WriteBit
 .text.GPIO_PinRemapConfig
                0x080003c4       0x6c obj\release\spl\src\stm32f10x_gpio.o
                0x080003c4                GPIO_PinRemapConfig
 .text.PWR_BackupAccessCmd
                0x08000430        0xc obj\release\spl\src\stm32f10x_pwr.o
                0x08000430                PWR_BackupAccessCmd
 .text.RCC_USBCLKConfig
                0x0800043c        0xc obj\release\spl\src\stm32f10x_rcc.o
                0x0800043c                RCC_USBCLKConfig
 .text.RCC_LSEConfig
                0x08000448       0x20 obj\release\spl\src\stm32f10x_rcc.o
                0x08000448                RCC_LSEConfig
 .text.RCC_RTCCLKConfig
                0x08000468       0x10 obj\release\spl\src\stm32f10x_rcc.o
                0x08000468                RCC_RTCCLKConfig
 .text.RCC_RTCCLKCmd
                0x08000478        0xc obj\release\spl\src\stm32f10x_rcc.o
                0x08000478                RCC_RTCCLKCmd
 .text.RCC_GetClocksFreq
                0x08000484       0x9c obj\release\spl\src\stm32f10x_rcc.o
                0x08000484                RCC_GetClocksFreq
 .text.RCC_APB2PeriphClockCmd
                0x08000520       0x1c obj\release\spl\src\stm32f10x_rcc.o
                0x08000520                RCC_APB2PeriphClockCmd
 .text.RCC_APB1PeriphClockCmd
                0x0800053c       0x1c obj\release\spl\src\stm32f10x_rcc.o
                0x0800053c                RCC_APB1PeriphClockCmd
 .text.RCC_GetFlagStatus
                0x08000558       0x34 obj\release\spl\src\stm32f10x_rcc.o
                0x08000558                RCC_GetFlagStatus
 .text.RTC_GetCounter
                0x0800058c       0x24 obj\release\spl\src\stm32f10x_rtc.o
                0x0800058c                RTC_GetCounter
 .text.RTC_SetCounter
                0x080005b0       0x28 obj\release\spl\src\stm32f10x_rtc.o
                0x080005b0                RTC_SetCounter
 .text.RTC_SetPrescaler
                0x080005d8       0x28 obj\release\spl\src\stm32f10x_rtc.o
                0x080005d8                RTC_SetPrescaler
 .text.RTC_WaitForLastTask
                0x08000600       0x10 obj\release\spl\src\stm32f10x_rtc.o
                0x08000600                RTC_WaitForLastTask
 .text.RTC_WaitForSynchro
                0x08000610       0x1c obj\release\spl\src\stm32f10x_rtc.o
                0x08000610                RTC_WaitForSynchro
 .text.TIM_TimeBaseInit
                0x0800062c       0xa4 obj\release\spl\src\stm32f10x_tim.o
                0x0800062c                TIM_TimeBaseInit
 .text.TIM_TimeBaseStructInit
                0x080006d0       0x14 obj\release\spl\src\stm32f10x_tim.o
                0x080006d0                TIM_TimeBaseStructInit
 .text.TIM_Cmd  0x080006e4       0x1c obj\release\spl\src\stm32f10x_tim.o
                0x080006e4                TIM_Cmd
 .text.TIM_DMACmd
                0x08000700       0x14 obj\release\spl\src\stm32f10x_tim.o
                0x08000700                TIM_DMACmd
 .text.TIM_ITConfig
                0x08000714        0x4 obj\release\spl\src\stm32f10x_tim.o
                0x08000714                TIM_ITConfig
 .text.TIM_ClearITPendingBit
                0x08000718        0x8 obj\release\spl\src\stm32f10x_tim.o
                0x08000718                TIM_ClearITPendingBit
 .text.USART_Init
                0x08000720       0xbc obj\release\spl\src\stm32f10x_usart.o
                0x08000720                USART_Init
 .text.USART_StructInit
                0x080007dc       0x18 obj\release\spl\src\stm32f10x_usart.o
                0x080007dc                USART_StructInit
 .text.USART_Cmd
                0x080007f4       0x1c obj\release\spl\src\stm32f10x_usart.o
                0x080007f4                USART_Cmd
 .text.USART_ITConfig
                0x08000810       0x38 obj\release\spl\src\stm32f10x_usart.o
                0x08000810                USART_ITConfig
 .text.USART_SendData
                0x08000848        0x8 obj\release\spl\src\stm32f10x_usart.o
                0x08000848                USART_SendData
 .text.USART_ReceiveData
                0x08000850        0x8 obj\release\spl\src\stm32f10x_usart.o
                0x08000850                USART_ReceiveData
 .text.USART_GetITStatus
                0x08000858       0x48 obj\release\spl\src\stm32f10x_usart.o
                0x08000858                USART_GetITStatus
 .text.GTC_Enqueue
                0x080008a0       0xac obj\release\src\gtclib.o
                0x080008a0                GTC_Enqueue
 .text.GTC_Send
                0x0800094c      0x1e8 obj\release\src\gtclib.o
                0x0800094c                GTC_Send
 .text.GTC_Ack  0x08000b34       0x68 obj\release\src\gtclib.o
                0x08000b34                GTC_Ack
 .text.GTC_Ping
                0x08000b9c       0x38 obj\release\src\gtclib.o
                0x08000b9c                GTC_Ping
 .text.IntToUnicode
                0x08000bd4       0x34 obj\release\src\hw_config.o
 .text.Set_System
                0x08000c08       0x54 obj\release\src\hw_config.o
                0x08000c08                Set_System
 .text.Set_USBClock
                0x08000c5c       0x18 obj\release\src\hw_config.o
                0x08000c5c                Set_USBClock
 .text.Leave_LowPowerMode
                0x08000c74       0x24 obj\release\src\hw_config.o
                0x08000c74                Leave_LowPowerMode
 .text.USB_Interrupts_Config
                0x08000c98       0x40 obj\release\src\hw_config.o
                0x08000c98                USB_Interrupts_Config
 .text.USB_Cable_Config
                0x08000cd8       0x18 obj\release\src\hw_config.o
                0x08000cd8                USB_Cable_Config
 .text.Get_SerialNum
                0x08000cf0       0x40 obj\release\src\hw_config.o
                0x08000cf0                Get_SerialNum
 .text.CDC_Send_DATA
                0x08000d30       0x30 obj\release\src\hw_config.o
                0x08000d30                CDC_Send_DATA
 .text.CDC_Receive_DATA
                0x08000d60       0x18 obj\release\src\hw_config.o
                0x08000d60                CDC_Receive_DATA
 .text.startup.main
                0x08000d78      0x308 obj\release\src\main.o
                0x08000d78                main
 .text.TIM2_IRQHandler
                0x08001080      0x13c obj\release\src\main.o
                0x08001080                TIM2_IRQHandler
 .text.SIM900A_Cmd
                0x080011bc       0x24 obj\release\src\sim900a.o
                0x080011bc                SIM900A_Cmd
 .text.SIM900A_Init
                0x080011e0       0x3c obj\release\src\sim900a.o
                0x080011e0                SIM900A_Init
 .text.SIM900A_StartMobileData
                0x0800121c       0xb8 obj\release\src\sim900a.o
                0x0800121c                SIM900A_StartMobileData
 .text.SIM900A_OpenConnection
                0x080012d4       0x30 obj\release\src\sim900a.o
                0x080012d4                SIM900A_OpenConnection
 .text.SIM900A_GTCSendText
                0x08001304       0x64 obj\release\src\sim900a.o
                0x08001304                SIM900A_GTCSendText
 .text.SIM900A_GetServerTime
                0x08001368       0xe0 obj\release\src\sim900a.o
                0x08001368                SIM900A_GetServerTime
 .text          0x08001448       0xb8 obj\release\src\startup_stm32f10x_md.o
                0x08001448                Reset_Handler
                0x080014a0                Default_Handler
                0x080014a2                WWDG_IRQHandler
                0x080014a4                PVD_IRQHandler
                0x080014a6                TAMPER_IRQHandler
                0x080014a8                RTC_IRQHandler
                0x080014aa                FLASH_IRQHandler
                0x080014ac                RCC_IRQHandler
                0x080014ae                EXTI0_IRQHandler
                0x080014b0                EXTI1_IRQHandler
                0x080014b2                EXTI2_IRQHandler
                0x080014b4                EXTI3_IRQHandler
                0x080014b6                EXTI4_IRQHandler
                0x080014b8                DMA1_Channel1_IRQHandler
                0x080014ba                DMA1_Channel2_IRQHandler
                0x080014bc                DMA1_Channel3_IRQHandler
                0x080014be                DMA1_Channel4_IRQHandler
                0x080014c0                DMA1_Channel5_IRQHandler
                0x080014c2                DMA1_Channel6_IRQHandler
                0x080014c4                DMA1_Channel7_IRQHandler
                0x080014c6                ADC1_2_IRQHandler
                0x080014c8                USB_HP_CAN1_TX_IRQHandler
                0x080014cc                CAN1_RX1_IRQHandler
                0x080014ce                CAN1_SCE_IRQHandler
                0x080014d0                EXTI9_5_IRQHandler
                0x080014d2                TIM1_BRK_IRQHandler
                0x080014d4                TIM1_UP_IRQHandler
                0x080014d6                TIM1_TRG_COM_IRQHandler
                0x080014d8                TIM1_CC_IRQHandler
                0x080014dc                TIM3_IRQHandler
                0x080014de                TIM4_IRQHandler
                0x080014e0                I2C1_EV_IRQHandler
                0x080014e2                I2C1_ER_IRQHandler
                0x080014e4                I2C2_EV_IRQHandler
                0x080014e6                I2C2_ER_IRQHandler
                0x080014e8                SPI1_IRQHandler
                0x080014ea                SPI2_IRQHandler
                0x080014ee                USART2_IRQHandler
                0x080014f2                EXTI15_10_IRQHandler
                0x080014f4                RTCAlarm_IRQHandler
 .text.NMI_Handler
                0x08001500        0x4 obj\release\src\stm32_it.o
                0x08001500                NMI_Handler
 .text.HardFault_Handler
                0x08001504        0x4 obj\release\src\stm32_it.o
                0x08001504                HardFault_Handler
 .text.MemManage_Handler
                0x08001508        0x4 obj\release\src\stm32_it.o
                0x08001508                MemManage_Handler
 .text.BusFault_Handler
                0x0800150c        0x4 obj\release\src\stm32_it.o
                0x0800150c                BusFault_Handler
 .text.UsageFault_Handler
                0x08001510        0x4 obj\release\src\stm32_it.o
                0x08001510                UsageFault_Handler
 .text.SVC_Handler
                0x08001514        0x4 obj\release\src\stm32_it.o
                0x08001514                SVC_Handler
 .text.DebugMon_Handler
                0x08001518        0x4 obj\release\src\stm32_it.o
                0x08001518                DebugMon_Handler
 .text.PendSV_Handler
                0x0800151c        0x4 obj\release\src\stm32_it.o
                0x0800151c                PendSV_Handler
 .text.USB_LP_CAN1_RX0_IRQHandler
                0x08001520        0x4 obj\release\src\stm32_it.o
                0x08001520                USB_LP_CAN1_RX0_IRQHandler
 .text.USBWakeUp_IRQHandler
                0x08001524        0x8 obj\release\src\stm32_it.o
                0x08001524                USBWakeUp_IRQHandler
 .text.SystemInit
                0x0800152c      0x104 obj\release\src\system_stm32f10x.o
                0x0800152c                SystemInit
 .text.delay_ms
                0x08001630       0x10 obj\release\src\timers_conf.o
                0x08001630                delay_ms
 .text.SysTick_Handler
                0x08001640       0x20 obj\release\src\timers_conf.o
                0x08001640                SysTick_Handler
 .text.RTC_Software_Init
                0x08001660       0x44 obj\release\src\timers_conf.o
                0x08001660                RTC_Software_Init
 .text.Timers_Init
                0x080016a4       0x6c obj\release\src\timers_conf.o
                0x080016a4                Timers_Init
 .text.USART_Config
                0x08001710      0x1b8 obj\release\src\usart_conf.o
                0x08001710                USART_Config
 .text.USART_GetChar
                0x080018c8       0x50 obj\release\src\usart_conf.o
                0x080018c8                USART_GetChar
 .text.USART_PutChar
                0x08001918       0x60 obj\release\src\usart_conf.o
                0x08001918                USART_PutChar
 .text.USART_ClearBuffer
                0x08001978       0x10 obj\release\src\usart_conf.o
                0x08001978                USART_ClearBuffer
 .text.USART_IsEmpty
                0x08001988       0x18 obj\release\src\usart_conf.o
                0x08001988                USART_IsEmpty
 .text.USART1_IRQHandler
                0x080019a0       0xe0 obj\release\src\usart_conf.o
                0x080019a0                USART1_IRQHandler
 .text.USART3_IRQHandler
                0x08001a80       0xe0 obj\release\src\usart_conf.o
                0x08001a80                USART3_IRQHandler
 .text.print_r  0x08001b60       0x20 obj\release\src\usart_conf.o
                0x08001b60                print_r
 .text.USART_wait_for_bytes
                0x08001b80       0xa4 obj\release\src\usart_conf.o
                0x08001b80                USART_wait_for_bytes
 .text.USART_wait_for_str
                0x08001c24       0x20 obj\release\src\usart_conf.o
                0x08001c24                USART_wait_for_str
 .text.Standard_GetConfiguration
                0x08001c44       0x28 obj\release\src\usb_core.o
                0x08001c44                Standard_GetConfiguration
 .text.Standard_GetInterface
                0x08001c6c       0x28 obj\release\src\usb_core.o
                0x08001c6c                Standard_GetInterface
 .text.Standard_GetStatus
                0x08001c94       0x8c obj\release\src\usb_core.o
                0x08001c94                Standard_GetStatus
 .text.DataStageIn
                0x08001d20       0xb0 obj\release\src\usb_core.o
 .text.Standard_SetConfiguration
                0x08001dd0       0x3c obj\release\src\usb_core.o
                0x08001dd0                Standard_SetConfiguration
 .text.Standard_SetInterface
                0x08001e0c       0x50 obj\release\src\usb_core.o
                0x08001e0c                Standard_SetInterface
 .text.Standard_ClearFeature
                0x08001e5c       0xd8 obj\release\src\usb_core.o
                0x08001e5c                Standard_ClearFeature
 .text.Standard_SetEndPointFeature
                0x08001f34       0x98 obj\release\src\usb_core.o
                0x08001f34                Standard_SetEndPointFeature
 .text.Standard_GetDescriptorData
                0x08001fcc       0x1c obj\release\src\usb_core.o
                0x08001fcc                Standard_GetDescriptorData
 .text.Post0_Process
                0x08001fe8       0x44 obj\release\src\usb_core.o
                0x08001fe8                Post0_Process
 .text.Setup0_Process
                0x0800202c      0x37c obj\release\src\usb_core.o
                0x0800202c                Setup0_Process
 .text.Out0_Process
                0x080023a8       0xdc obj\release\src\usb_core.o
                0x080023a8                Out0_Process
 .text.In0_Process
                0x08002484       0xa8 obj\release\src\usb_core.o
                0x08002484                In0_Process
 .text.SetDeviceAddress
                0x0800252c       0x40 obj\release\src\usb_core.o
                0x0800252c                SetDeviceAddress
 .text.NOP_Process
                0x0800256c        0x4 obj\release\src\usb_core.o
                0x0800256c                NOP_Process
 .text.EP1_IN_Callback
                0x08002570        0xc obj\release\src\usb_endp.o
                0x08002570                EP1_IN_Callback
 .text.EP3_OUT_Callback
                0x0800257c       0x30 obj\release\src\usb_endp.o
                0x0800257c                EP3_OUT_Callback
 .text.USB_Init
                0x080025ac       0x38 obj\release\src\usb_init.o
                0x080025ac                USB_Init
 .text.CTR_LP   0x080025e4      0x18c obj\release\src\usb_int.o
                0x080025e4                CTR_LP
 .text.USB_Istr
                0x08002770      0x194 obj\release\src\usb_istr.o
                0x08002770                USB_Istr
 .text.UserToPMABufferCopy
                0x08002904       0x28 obj\release\src\usb_mem.o
                0x08002904                UserToPMABufferCopy
 .text.PMAToUserBufferCopy
                0x0800292c       0x20 obj\release\src\usb_mem.o
                0x0800292c                PMAToUserBufferCopy
 .text.Virtual_Com_Port_SetConfiguration
                0x0800294c       0x18 obj\release\src\usb_prop.o
                0x0800294c                Virtual_Com_Port_SetConfiguration
 .text.Virtual_Com_Port_SetDeviceAddress
                0x08002964        0xc obj\release\src\usb_prop.o
                0x08002964                Virtual_Com_Port_SetDeviceAddress
 .text.Virtual_Com_Port_Status_In
                0x08002970       0x14 obj\release\src\usb_prop.o
                0x08002970                Virtual_Com_Port_Status_In
 .text.Virtual_Com_Port_Status_Out
                0x08002984        0x4 obj\release\src\usb_prop.o
                0x08002984                Virtual_Com_Port_Status_Out
 .text.Virtual_Com_Port_Data_Setup
                0x08002988       0x5c obj\release\src\usb_prop.o
                0x08002988                Virtual_Com_Port_Data_Setup
 .text.Virtual_Com_Port_NoData_Setup
                0x080029e4       0x24 obj\release\src\usb_prop.o
                0x080029e4                Virtual_Com_Port_NoData_Setup
 .text.Virtual_Com_Port_Get_Interface_Setting
                0x08002a08       0x10 obj\release\src\usb_prop.o
                0x08002a08                Virtual_Com_Port_Get_Interface_Setting
 .text.Virtual_Com_Port_SetLineCoding
                0x08002a18       0x18 obj\release\src\usb_prop.o
                0x08002a18                Virtual_Com_Port_SetLineCoding
 .text.Virtual_Com_Port_GetLineCoding
                0x08002a30        0x4 obj\release\src\usb_prop.o
                0x08002a30                Virtual_Com_Port_GetLineCoding
 .text.Virtual_Com_Port_init
                0x08002a34       0x24 obj\release\src\usb_prop.o
                0x08002a34                Virtual_Com_Port_init
 .text.Virtual_Com_Port_Reset
                0x08002a58       0xe0 obj\release\src\usb_prop.o
                0x08002a58                Virtual_Com_Port_Reset
 .text.Virtual_Com_Port_GetDeviceDescriptor
                0x08002b38        0xc obj\release\src\usb_prop.o
                0x08002b38                Virtual_Com_Port_GetDeviceDescriptor
 .text.Virtual_Com_Port_GetConfigDescriptor
                0x08002b44        0xc obj\release\src\usb_prop.o
                0x08002b44                Virtual_Com_Port_GetConfigDescriptor
 .text.Virtual_Com_Port_GetStringDescriptor
                0x08002b50       0x20 obj\release\src\usb_prop.o
                0x08002b50                Virtual_Com_Port_GetStringDescriptor
 .text.PowerOn  0x08002b70       0x30 obj\release\src\usb_pwr.o
                0x08002b70                PowerOn
 .text.Suspend  0x08002ba0       0xb0 obj\release\src\usb_pwr.o
                0x08002ba0                Suspend
 .text.Resume   0x08002c50       0xd8 obj\release\src\usb_pwr.o
                0x08002c50                Resume
 .text.SetBTABLE
                0x08002d28       0x10 obj\release\src\usb_regs.o
                0x08002d28                SetBTABLE
 .text.SetEPType
                0x08002d38       0x1c obj\release\src\usb_regs.o
                0x08002d38                SetEPType
 .text.SetEPTxStatus
                0x08002d54       0x34 obj\release\src\usb_regs.o
                0x08002d54                SetEPTxStatus
 .text.SetEPRxStatus
                0x08002d88       0x34 obj\release\src\usb_regs.o
                0x08002d88                SetEPRxStatus
 .text.SetEPTxValid
                0x08002dbc       0x28 obj\release\src\usb_regs.o
                0x08002dbc                SetEPTxValid
 .text.SetEPRxValid
                0x08002de4       0x28 obj\release\src\usb_regs.o
                0x08002de4                SetEPRxValid
 .text.ClearEPDoubleBuff
                0x08002e0c       0x20 obj\release\src\usb_regs.o
                0x08002e0c                ClearEPDoubleBuff
 .text.Clear_Status_Out
                0x08002e2c        0x4 obj\release\src\usb_regs.o
                0x08002e2c                Clear_Status_Out
 .text.ClearDTOG_RX
                0x08002e30       0x24 obj\release\src\usb_regs.o
                0x08002e30                ClearDTOG_RX
 .text.ClearDTOG_TX
                0x08002e54       0x24 obj\release\src\usb_regs.o
                0x08002e54                ClearDTOG_TX
 .text.SetEPTxCount
                0x08002e78       0x1c obj\release\src\usb_regs.o
                0x08002e78                SetEPTxCount
 .text.SetEPRxCount
                0x08002e94       0x44 obj\release\src\usb_regs.o
                0x08002e94                SetEPRxCount
 .text.SetEPDblBuf0Addr
                0x08002ed8       0x20 obj\release\src\usb_regs.o
                0x08002ed8                SetEPDblBuf0Addr
 .text.SetEPTxAddr
                0x08002ef8        0x4 obj\release\src\usb_regs.o
                0x08002ef8                SetEPTxAddr
 .text.SetEPDblBuf1Addr
                0x08002efc       0x20 obj\release\src\usb_regs.o
                0x08002efc                SetEPDblBuf1Addr
 .text.SetEPRxAddr
                0x08002f1c        0x4 obj\release\src\usb_regs.o
                0x08002f1c                SetEPRxAddr
 .text.GetEPDblBuf0Addr
                0x08002f20       0x1c obj\release\src\usb_regs.o
                0x08002f20                GetEPDblBuf0Addr
 .text.GetEPTxAddr
                0x08002f3c        0x4 obj\release\src\usb_regs.o
                0x08002f3c                GetEPTxAddr
 .text.GetEPDblBuf1Addr
                0x08002f40       0x1c obj\release\src\usb_regs.o
                0x08002f40                GetEPDblBuf1Addr
 .text.GetEPRxAddr
                0x08002f5c        0x4 obj\release\src\usb_regs.o
                0x08002f5c                GetEPRxAddr
 .text.GetEPDblBuf1Count
                0x08002f60       0x20 obj\release\src\usb_regs.o
                0x08002f60                GetEPDblBuf1Count
 .text.GetEPRxCount
                0x08002f80        0x4 obj\release\src\usb_regs.o
                0x08002f80                GetEPRxCount
 .text.ByteSwap
                0x08002f84        0xc obj\release\src\usb_regs.o
                0x08002f84                ByteSwap
 .text.USB_SIL_Init
                0x08002f90       0x24 obj\release\src\usb_sil.o
                0x08002f90                USB_SIL_Init
 .text.asctime  0x08002fb4       0x2c c:/program files (x86)/embitz/1.11/share/em_armgcc/bin/../lib/gcc/arm-none-eabi/5.4.1/../../../../arm-none-eabi/lib/armv7-m\libg_n.a(lib_a-asctime.o)
                0x08002fb4                asctime
 .text.asctime_r
                0x08002fe0       0x4c c:/program files (x86)/embitz/1.11/share/em_armgcc/bin/../lib/gcc/arm-none-eabi/5.4.1/../../../../arm-none-eabi/lib/armv7-m\libg_n.a(lib_a-asctime_r.o)
                0x08002fe0                asctime_r
 .text.exit     0x0800302c       0x28 c:/program files (x86)/embitz/1.11/share/em_armgcc/bin/../lib/gcc/arm-none-eabi/5.4.1/../../../../arm-none-eabi/lib/armv7-m\libg_n.a(lib_a-exit.o)
                0x0800302c                exit
 .text.__libc_init_array
                0x08003054       0x4c c:/program files (x86)/embitz/1.11/share/em_armgcc/bin/../lib/gcc/arm-none-eabi/5.4.1/../../../../arm-none-eabi/lib/armv7-m\libg_n.a(lib_a-init.o)
                0x08003054                __libc_init_array
 .text.localtime
                0x080030a0       0x24 c:/program files (x86)/embitz/1.11/share/em_armgcc/bin/../lib/gcc/arm-none-eabi/5.4.1/../../../../arm-none-eabi/lib/armv7-m\libg_n.a(lib_a-lcltime.o)
                0x080030a0                localtime
 .text.localtime_r
                0x080030c4      0x1cc c:/program files (x86)/embitz/1.11/share/em_armgcc/bin/../lib/gcc/arm-none-eabi/5.4.1/../../../../arm-none-eabi/lib/armv7-m\libg_n.a(lib_a-lcltime_r.o)
                0x080030c4                localtime_r
 .text.malloc   0x08003290       0x10 c:/program files (x86)/embitz/1.11/share/em_armgcc/bin/../lib/gcc/arm-none-eabi/5.4.1/../../../../arm-none-eabi/lib/armv7-m\libg_n.a(lib_a-malloc.o)
                0x08003290                malloc
 .text.free     0x080032a0       0x10 c:/program files (x86)/embitz/1.11/share/em_armgcc/bin/../lib/gcc/arm-none-eabi/5.4.1/../../../../arm-none-eabi/lib/armv7-m\libg_n.a(lib_a-malloc.o)
                0x080032a0                free
 .text.memcmp   0x080032b0       0x1e c:/program files (x86)/embitz/1.11/share/em_armgcc/bin/../lib/gcc/arm-none-eabi/5.4.1/../../../../arm-none-eabi/lib/armv7-m\libg_n.a(lib_a-memcmp.o)
                0x080032b0                memcmp
 .text.memset   0x080032ce       0x10 c:/program files (x86)/embitz/1.11/share/em_armgcc/bin/../lib/gcc/arm-none-eabi/5.4.1/../../../../arm-none-eabi/lib/armv7-m\libg_n.a(lib_a-memset.o)
                0x080032ce                memset
 *fill*         0x080032de        0x2 
 .text._free_r  0x080032e0       0x98 c:/program files (x86)/embitz/1.11/share/em_armgcc/bin/../lib/gcc/arm-none-eabi/5.4.1/../../../../arm-none-eabi/lib/armv7-m\libg_n.a(lib_a-nano-freer.o)
                0x080032e0                _free_r
 .text._malloc_r
                0x08003378       0xbc c:/program files (x86)/embitz/1.11/share/em_armgcc/bin/../lib/gcc/arm-none-eabi/5.4.1/../../../../arm-none-eabi/lib/armv7-m\libg_n.a(lib_a-nano-mallocr.o)
                0x08003378                _malloc_r
 .text._sbrk_r  0x08003434       0x20 c:/program files (x86)/embitz/1.11/share/em_armgcc/bin/../lib/gcc/arm-none-eabi/5.4.1/../../../../arm-none-eabi/lib/armv7-m\libg_n.a(lib_a-sbrkr.o)
                0x08003434                _sbrk_r
 .text.sprintf  0x08003454       0x48 c:/program files (x86)/embitz/1.11/share/em_armgcc/bin/../lib/gcc/arm-none-eabi/5.4.1/../../../../arm-none-eabi/lib/armv7-m\libg_n.a(lib_a-sprintf.o)
                0x08003454                siprintf
                0x08003454                sprintf
 .text.stpcpy   0x0800349c       0x12 c:/program files (x86)/embitz/1.11/share/em_armgcc/bin/../lib/gcc/arm-none-eabi/5.4.1/../../../../arm-none-eabi/lib/armv7-m\libg_n.a(lib_a-stpcpy.o)
                0x0800349c                stpcpy
 .text          0x080034ae       0x10 c:/program files (x86)/embitz/1.11/share/em_armgcc/bin/../lib/gcc/arm-none-eabi/5.4.1/../../../../arm-none-eabi/lib/armv7-m\libg_n.a(lib_a-strlen.o)
                0x080034ae                strlen
 *fill*         0x080034be        0x2 
 .text._strtoul_r
                0x080034c0       0xfc c:/program files (x86)/embitz/1.11/share/em_armgcc/bin/../lib/gcc/arm-none-eabi/5.4.1/../../../../arm-none-eabi/lib/armv7-m\libg_n.a(lib_a-strtoul.o)
                0x080034c0                _strtoul_r
 .text.strtoul  0x080035bc       0x14 c:/program files (x86)/embitz/1.11/share/em_armgcc/bin/../lib/gcc/arm-none-eabi/5.4.1/../../../../arm-none-eabi/lib/armv7-m\libg_n.a(lib_a-strtoul.o)
                0x080035bc                strtoul
 .text.__tzcalc_limits
                0x080035d0      0x150 c:/program files (x86)/embitz/1.11/share/em_armgcc/bin/../lib/gcc/arm-none-eabi/5.4.1/../../../../arm-none-eabi/lib/armv7-m\libg_n.a(lib_a-tzcalc_limits.o)
                0x080035d0                __tzcalc_limits
 .text.__tz_lock
                0x08003720        0x2 c:/program files (x86)/embitz/1.11/share/em_armgcc/bin/../lib/gcc/arm-none-eabi/5.4.1/../../../../arm-none-eabi/lib/armv7-m\libg_n.a(lib_a-tzlock.o)
                0x08003720                __tz_lock
 .text.__tz_unlock
                0x08003722        0x2 c:/program files (x86)/embitz/1.11/share/em_armgcc/bin/../lib/gcc/arm-none-eabi/5.4.1/../../../../arm-none-eabi/lib/armv7-m\libg_n.a(lib_a-tzlock.o)
                0x08003722                __tz_unlock
 .text._tzset_unlocked
                0x08003724        0xc c:/program files (x86)/embitz/1.11/share/em_armgcc/bin/../lib/gcc/arm-none-eabi/5.4.1/../../../../arm-none-eabi/lib/armv7-m\libg_n.a(lib_a-tzset.o)
                0x08003724                _tzset_unlocked
 .text._tzset_unlocked_r
                0x08003730      0x300 c:/program files (x86)/embitz/1.11/share/em_armgcc/bin/../lib/gcc/arm-none-eabi/5.4.1/../../../../arm-none-eabi/lib/armv7-m\libg_n.a(lib_a-tzset_r.o)
                0x08003730                _tzset_unlocked_r
 .text._findenv_r
                0x08003a30       0x78 c:/program files (x86)/embitz/1.11/share/em_armgcc/bin/../lib/gcc/arm-none-eabi/5.4.1/../../../../arm-none-eabi/lib/armv7-m\libg_n.a(lib_a-getenv_r.o)
                0x08003a30                _findenv_r
 .text._getenv_r
                0x08003aa8        0xe c:/program files (x86)/embitz/1.11/share/em_armgcc/bin/../lib/gcc/arm-none-eabi/5.4.1/../../../../arm-none-eabi/lib/armv7-m\libg_n.a(lib_a-getenv_r.o)
                0x08003aa8                _getenv_r
 *fill*         0x08003ab6        0x2 
 .text.__gettzinfo
                0x08003ab8        0x8 c:/program files (x86)/embitz/1.11/share/em_armgcc/bin/../lib/gcc/arm-none-eabi/5.4.1/../../../../arm-none-eabi/lib/armv7-m\libg_n.a(lib_a-gettzinfo.o)
                0x08003ab8                __gettzinfo
 .text.gmtime_r
                0x08003ac0      0x12c c:/program files (x86)/embitz/1.11/share/em_armgcc/bin/../lib/gcc/arm-none-eabi/5.4.1/../../../../arm-none-eabi/lib/armv7-m\libg_n.a(lib_a-gmtime_r.o)
                0x08003ac0                gmtime_r
 .text.__malloc_lock
                0x08003bec        0x2 c:/program files (x86)/embitz/1.11/share/em_armgcc/bin/../lib/gcc/arm-none-eabi/5.4.1/../../../../arm-none-eabi/lib/armv7-m\libg_n.a(lib_a-mlock.o)
                0x08003bec                __malloc_lock
 .text.__malloc_unlock
                0x08003bee        0x2 c:/program files (x86)/embitz/1.11/share/em_armgcc/bin/../lib/gcc/arm-none-eabi/5.4.1/../../../../arm-none-eabi/lib/armv7-m\libg_n.a(lib_a-mlock.o)
                0x08003bee                __malloc_unlock
 .text.__ssputs_r
                0x08003bf0       0xb2 c:/program files (x86)/embitz/1.11/share/em_armgcc/bin/../lib/gcc/arm-none-eabi/5.4.1/../../../../arm-none-eabi/lib/armv7-m\libg_n.a(lib_a-nano-svfprintf.o)
                0x08003bf0                __ssputs_r
 *fill*         0x08003ca2        0x2 
 .text._svfprintf_r
                0x08003ca4      0x1e8 c:/program files (x86)/embitz/1.11/share/em_armgcc/bin/../lib/gcc/arm-none-eabi/5.4.1/../../../../arm-none-eabi/lib/armv7-m\libg_n.a(lib_a-nano-svfprintf.o)
                0x08003ca4                _svfiprintf_r
                0x08003ca4                _svfprintf_r
 .text._printf_common
                0x08003e8c       0xec c:/program files (x86)/embitz/1.11/share/em_armgcc/bin/../lib/gcc/arm-none-eabi/5.4.1/../../../../arm-none-eabi/lib/armv7-m\libg_n.a(lib_a-nano-vfprintf_i.o)
                0x08003e8c                _printf_common
 .text._printf_i
                0x08003f78      0x24c c:/program files (x86)/embitz/1.11/share/em_armgcc/bin/../lib/gcc/arm-none-eabi/5.4.1/../../../../arm-none-eabi/lib/armv7-m\libg_n.a(lib_a-nano-vfprintf_i.o)
                0x08003f78                _printf_i
 .text.sscanf   0x080041c4       0x54 c:/program files (x86)/embitz/1.11/share/em_armgcc/bin/../lib/gcc/arm-none-eabi/5.4.1/../../../../arm-none-eabi/lib/armv7-m\libg_n.a(lib_a-sscanf.o)
                0x080041c4                siscanf
                0x080041c4                sscanf
 .text.__seofread
                0x08004218        0x4 c:/program files (x86)/embitz/1.11/share/em_armgcc/bin/../lib/gcc/arm-none-eabi/5.4.1/../../../../arm-none-eabi/lib/armv7-m\libg_n.a(lib_a-stdio.o)
                0x08004218                __seofread
 .text          0x0800421c       0x14 c:/program files (x86)/embitz/1.11/share/em_armgcc/bin/../lib/gcc/arm-none-eabi/5.4.1/../../../../arm-none-eabi/lib/armv7-m\libg_n.a(lib_a-strcmp.o)
                0x0800421c                strcmp
 .text.strcpy   0x08004230       0x10 c:/program files (x86)/embitz/1.11/share/em_armgcc/bin/../lib/gcc/arm-none-eabi/5.4.1/../../../../arm-none-eabi/lib/armv7-m\libg_n.a(lib_a-strcpy.o)
                0x08004230                strcpy
 .text.strncmp  0x08004240       0x2a c:/program files (x86)/embitz/1.11/share/em_armgcc/bin/../lib/gcc/arm-none-eabi/5.4.1/../../../../arm-none-eabi/lib/armv7-m\libg_n.a(lib_a-strncmp.o)
                0x08004240                strncmp
 .text.__env_lock
                0x0800426a        0x2 c:/program files (x86)/embitz/1.11/share/em_armgcc/bin/../lib/gcc/arm-none-eabi/5.4.1/../../../../arm-none-eabi/lib/armv7-m\libg_n.a(lib_a-envlock.o)
                0x0800426a                __env_lock
 .text.__env_unlock
                0x0800426c        0x2 c:/program files (x86)/embitz/1.11/share/em_armgcc/bin/../lib/gcc/arm-none-eabi/5.4.1/../../../../arm-none-eabi/lib/armv7-m\libg_n.a(lib_a-envlock.o)
                0x0800426c                __env_unlock
 .text.memchr   0x0800426e       0x1c c:/program files (x86)/embitz/1.11/share/em_armgcc/bin/../lib/gcc/arm-none-eabi/5.4.1/../../../../arm-none-eabi/lib/armv7-m\libg_n.a(lib_a-memchr-stub.o)
                0x0800426e                memchr
 .text.memcpy   0x0800428a       0x16 c:/program files (x86)/embitz/1.11/share/em_armgcc/bin/../lib/gcc/arm-none-eabi/5.4.1/../../../../arm-none-eabi/lib/armv7-m\libg_n.a(lib_a-memcpy-stub.o)
                0x0800428a                memcpy
 .text.memmove  0x080042a0       0x36 c:/program files (x86)/embitz/1.11/share/em_armgcc/bin/../lib/gcc/arm-none-eabi/5.4.1/../../../../arm-none-eabi/lib/armv7-m\libg_n.a(lib_a-memmove.o)
                0x080042a0                memmove
 .text._realloc_r
                0x080042d6       0x4c c:/program files (x86)/embitz/1.11/share/em_armgcc/bin/../lib/gcc/arm-none-eabi/5.4.1/../../../../arm-none-eabi/lib/armv7-m\libg_n.a(lib_a-nano-reallocr.o)
                0x080042d6                _realloc_r
 .text._sungetc_r
                0x08004322       0x7c c:/program files (x86)/embitz/1.11/share/em_armgcc/bin/../lib/gcc/arm-none-eabi/5.4.1/../../../../arm-none-eabi/lib/armv7-m\libg_n.a(lib_a-nano-svfscanf.o)
                0x08004322                _sungetc_r
 .text.__ssrefill_r
                0x0800439e       0x3a c:/program files (x86)/embitz/1.11/share/em_armgcc/bin/../lib/gcc/arm-none-eabi/5.4.1/../../../../arm-none-eabi/lib/armv7-m\libg_n.a(lib_a-nano-svfscanf.o)
                0x0800439e                __ssrefill_r
 .text.__ssvfscanf_r
                0x080043d8      0x2a8 c:/program files (x86)/embitz/1.11/share/em_armgcc/bin/../lib/gcc/arm-none-eabi/5.4.1/../../../../arm-none-eabi/lib/armv7-m\libg_n.a(lib_a-nano-svfscanf.o)
                0x080043d8                __ssvfiscanf_r
                0x080043d8                __ssvfscanf_r
 .text._scanf_chars
                0x08004680       0xcc c:/program files (x86)/embitz/1.11/share/em_armgcc/bin/../lib/gcc/arm-none-eabi/5.4.1/../../../../arm-none-eabi/lib/armv7-m\libg_n.a(lib_a-nano-vfscanf_i.o)
                0x08004680                _scanf_chars
 .text._scanf_i
                0x0800474c      0x1e4 c:/program files (x86)/embitz/1.11/share/em_armgcc/bin/../lib/gcc/arm-none-eabi/5.4.1/../../../../arm-none-eabi/lib/armv7-m\libg_n.a(lib_a-nano-vfscanf_i.o)
                0x0800474c                _scanf_i
 .text.__sccl   0x08004930       0x60 c:/program files (x86)/embitz/1.11/share/em_armgcc/bin/../lib/gcc/arm-none-eabi/5.4.1/../../../../arm-none-eabi/lib/armv7-m\libg_n.a(lib_a-sccl.o)
                0x08004930                __sccl
 .text._strtol_r
                0x08004990      0x10c c:/program files (x86)/embitz/1.11/share/em_armgcc/bin/../lib/gcc/arm-none-eabi/5.4.1/../../../../arm-none-eabi/lib/armv7-m\libg_n.a(lib_a-strtol.o)
                0x08004990                _strtol_r
 .text.__submore
                0x08004a9c       0x72 c:/program files (x86)/embitz/1.11/share/em_armgcc/bin/../lib/gcc/arm-none-eabi/5.4.1/../../../../arm-none-eabi/lib/armv7-m\libg_n.a(lib_a-ungetc.o)
                0x08004a9c                __submore
 .text._malloc_usable_size_r
                0x08004b0e       0x14 c:/program files (x86)/embitz/1.11/share/em_armgcc/bin/../lib/gcc/arm-none-eabi/5.4.1/../../../../arm-none-eabi/lib/armv7-m\libg_n.a(lib_a-nano-msizer.o)
                0x08004b0e                _malloc_usable_size_r
 *fill*         0x08004b22        0x2 
 .text._sbrk    0x08004b24       0x1c c:/program files (x86)/embitz/1.11/share/em_armgcc/bin/../lib/gcc/arm-none-eabi/5.4.1/../../../../arm-none-eabi/lib/armv7-m\libnosys_s.a(sbrk.o)
                0x08004b24                _sbrk
 .text._exit    0x08004b40        0x2 c:/program files (x86)/embitz/1.11/share/em_armgcc/bin/../lib/gcc/arm-none-eabi/5.4.1/../../../../arm-none-eabi/lib/armv7-m\libnosys_s.a(_exit.o)
                0x08004b40                _exit
 *(.init)
 *fill*         0x08004b42        0x2 
 .init          0x08004b44        0x4 c:/program files (x86)/embitz/1.11/share/em_armgcc/bin/../lib/gcc/arm-none-eabi/5.4.1/armv7-m/crti.o
                0x08004b44                _init
 .init          0x08004b48        0x8 c:/program files (x86)/embitz/1.11/share/em_armgcc/bin/../lib/gcc/arm-none-eabi/5.4.1/armv7-m/crtn.o
 *(.fini)
 .fini          0x08004b50        0x4 c:/program files (x86)/embitz/1.11/share/em_armgcc/bin/../lib/gcc/arm-none-eabi/5.4.1/armv7-m/crti.o
                0x08004b50                _fini
 .fini          0x08004b54        0x8 c:/program files (x86)/embitz/1.11/share/em_armgcc/bin/../lib/gcc/arm-none-eabi/5.4.1/armv7-m/crtn.o
 *crtbegin.o(.ctors)
 *crtbegin?.o(.ctors)
 *(EXCLUDE_FILE(*crtend.o *crtend?.o) .ctors)
 *(SORT(.ctors.*))
 *(.ctors)
 *crtbegin.o(.dtors)
 *crtbegin?.o(.dtors)
 *(EXCLUDE_FILE(*crtend.o *crtend?.o) .dtors)
 *(SORT(.dtors.*))
 *(.dtors)
 *(.rodata*)
 .rodata.str1.4
                0x08004b5c       0x76 obj\release\src\gtclib.o
 *fill*         0x08004bd2        0x2 
 .rodata.str1.4
                0x08004bd4       0x73 obj\release\src\main.o
 *fill*         0x08004c47        0x1 
 .rodata        0x08004c48       0x14 obj\release\src\sim900a.o
 .rodata.str1.4
                0x08004c5c       0x20 obj\release\src\sim900a.o
                                 0x23 (size before relaxing)
 .rodata.Virtual_Com_Port_StringVendor
                0x08004c7c       0x26 obj\release\src\usb_desc.o
                0x08004c7c                Virtual_Com_Port_StringVendor
 *fill*         0x08004ca2        0x2 
 .rodata.Virtual_Com_Port_DeviceDescriptor
                0x08004ca4       0x12 obj\release\src\usb_desc.o
                0x08004ca4                Virtual_Com_Port_DeviceDescriptor
 *fill*         0x08004cb6        0x2 
 .rodata.Virtual_Com_Port_StringLangID
                0x08004cb8        0x4 obj\release\src\usb_desc.o
                0x08004cb8                Virtual_Com_Port_StringLangID
 .rodata.Virtual_Com_Port_StringProduct
                0x08004cbc       0x32 obj\release\src\usb_desc.o
                0x08004cbc                Virtual_Com_Port_StringProduct
 *fill*         0x08004cee        0x2 
 .rodata.Virtual_Com_Port_ConfigDescriptor
                0x08004cf0       0x43 obj\release\src\usb_desc.o
                0x08004cf0                Virtual_Com_Port_ConfigDescriptor
 .rodata.day_name.4752
                0x08004d33       0x15 c:/program files (x86)/embitz/1.11/share/em_armgcc/bin/../lib/gcc/arm-none-eabi/5.4.1/../../../../arm-none-eabi/lib/armv7-m\libg_n.a(lib_a-asctime_r.o)
 .rodata.str1.1
                0x08004d48       0x20 c:/program files (x86)/embitz/1.11/share/em_armgcc/bin/../lib/gcc/arm-none-eabi/5.4.1/../../../../arm-none-eabi/lib/armv7-m\libg_n.a(lib_a-asctime_r.o)
 .rodata.mon_name.4753
                0x08004d68       0x24 c:/program files (x86)/embitz/1.11/share/em_armgcc/bin/../lib/gcc/arm-none-eabi/5.4.1/../../../../arm-none-eabi/lib/armv7-m\libg_n.a(lib_a-asctime_r.o)
 .rodata.str1.1
                0x08004d8c        0x2 c:/program files (x86)/embitz/1.11/share/em_armgcc/bin/../lib/gcc/arm-none-eabi/5.4.1/../../../../arm-none-eabi/lib/armv7-m\libg_n.a(lib_a-impure.o)
 *fill*         0x08004d8e        0x2 
 .rodata._global_impure_ptr
                0x08004d90        0x4 c:/program files (x86)/embitz/1.11/share/em_armgcc/bin/../lib/gcc/arm-none-eabi/5.4.1/../../../../arm-none-eabi/lib/armv7-m\libg_n.a(lib_a-impure.o)
                0x08004d90                _global_impure_ptr
 .rodata.__month_lengths
                0x08004d94       0x60 c:/program files (x86)/embitz/1.11/share/em_armgcc/bin/../lib/gcc/arm-none-eabi/5.4.1/../../../../arm-none-eabi/lib/armv7-m\libg_n.a(lib_a-month_lengths.o)
                0x08004d94                __month_lengths
 .rodata.str1.1
                0x08004df4       0x3c c:/program files (x86)/embitz/1.11/share/em_armgcc/bin/../lib/gcc/arm-none-eabi/5.4.1/../../../../arm-none-eabi/lib/armv7-m\libg_n.a(lib_a-tzset_r.o)
                                 0x4e (size before relaxing)
 .rodata.str1.1
                0x08004e30        0x4 c:/program files (x86)/embitz/1.11/share/em_armgcc/bin/../lib/gcc/arm-none-eabi/5.4.1/../../../../arm-none-eabi/lib/armv7-m\libg_n.a(lib_a-tzvars.o)
 .rodata._ctype_
                0x08004e30      0x101 c:/program files (x86)/embitz/1.11/share/em_armgcc/bin/../lib/gcc/arm-none-eabi/5.4.1/../../../../arm-none-eabi/lib/armv7-m\libg_n.a(lib_a-ctype_.o)
                0x08004e30                _ctype_
 .rodata.str1.1
                0x08004f31       0x11 c:/program files (x86)/embitz/1.11/share/em_armgcc/bin/../lib/gcc/arm-none-eabi/5.4.1/../../../../arm-none-eabi/lib/armv7-m\libg_n.a(lib_a-nano-svfprintf.o)
 .rodata.str1.1
                0x08004f42       0x22 c:/program files (x86)/embitz/1.11/share/em_armgcc/bin/../lib/gcc/arm-none-eabi/5.4.1/../../../../arm-none-eabi/lib/armv7-m\libg_n.a(lib_a-nano-vfprintf_i.o)
 .rodata.str1.1
                0x08004f64        0x4 c:/program files (x86)/embitz/1.11/share/em_armgcc/bin/../lib/gcc/arm-none-eabi/5.4.1/../../../../arm-none-eabi/lib/armv7-m\libg_n.a(lib_a-nano-svfscanf.o)
 .rodata        0x08004f64        0xc c:/program files (x86)/embitz/1.11/share/em_armgcc/bin/../lib/gcc/arm-none-eabi/5.4.1/../../../../arm-none-eabi/lib/armv7-m\libg_n.a(lib_a-nano-vfscanf_i.o)
 .rodata.str1.1
                0x08004f70       0x1b c:/program files (x86)/embitz/1.11/share/em_armgcc/bin/../lib/gcc/arm-none-eabi/5.4.1/../../../../arm-none-eabi/lib/armv7-m\libg_n.a(lib_a-nano-vfscanf_i.o)
 *fill*         0x08004f8b        0x1 
 .rodata.__sf_fake_stdin
                0x08004f8c       0x20 c:/program files (x86)/embitz/1.11/share/em_armgcc/bin/../lib/gcc/arm-none-eabi/5.4.1/../../../../arm-none-eabi/lib/armv7-m\libg_n.a(lib_a-findfp.o)
                0x08004f8c                __sf_fake_stdin
 .rodata.__sf_fake_stdout
                0x08004fac       0x20 c:/program files (x86)/embitz/1.11/share/em_armgcc/bin/../lib/gcc/arm-none-eabi/5.4.1/../../../../arm-none-eabi/lib/armv7-m\libg_n.a(lib_a-findfp.o)
                0x08004fac                __sf_fake_stdout
 .rodata.__sf_fake_stderr
                0x08004fcc       0x20 c:/program files (x86)/embitz/1.11/share/em_armgcc/bin/../lib/gcc/arm-none-eabi/5.4.1/../../../../arm-none-eabi/lib/armv7-m\libg_n.a(lib_a-findfp.o)
                0x08004fcc                __sf_fake_stderr
 *(.eh_frame*)
 .eh_frame      0x08004fec        0x0 c:/program files (x86)/embitz/1.11/share/em_armgcc/bin/../lib/gcc/arm-none-eabi/5.4.1/armv7-m/crtbegin.o
 .eh_frame      0x08004fec        0x4 c:/program files (x86)/embitz/1.11/share/em_armgcc/bin/../lib/gcc/arm-none-eabi/5.4.1/armv7-m/crtend.o

.glue_7         0x08004ff0        0x0
 .glue_7        0x08004ff0        0x0 linker stubs

.glue_7t        0x08004ff0        0x0
 .glue_7t       0x08004ff0        0x0 linker stubs

.vfp11_veneer   0x08004ff0        0x0
 .vfp11_veneer  0x08004ff0        0x0 linker stubs

.v4_bx          0x08004ff0        0x0
 .v4_bx         0x08004ff0        0x0 linker stubs

.iplt           0x08004ff0        0x0
 .iplt          0x08004ff0        0x0 c:/program files (x86)/embitz/1.11/share/em_armgcc/bin/../lib/gcc/arm-none-eabi/5.4.1/armv7-m/crtbegin.o

.ARM.extab
 *(.ARM.extab* .gnu.linkonce.armextab.*)
                0x08004ff0                __exidx_start = .

.ARM.exidx      0x08004ff0        0x8
 *(.ARM.exidx* .gnu.linkonce.armexidx.*)
 .ARM.exidx     0x08004ff0        0x8 c:/program files (x86)/embitz/1.11/share/em_armgcc/bin/../lib/gcc/arm-none-eabi/5.4.1/../../../../arm-none-eabi/lib/armv7-m/crt0.o
                0x08004ff8                __exidx_end = .
                0x08004ff8                __etext = .

.rel.dyn        0x08004ff8        0x0
 .rel.iplt      0x08004ff8        0x0 c:/program files (x86)/embitz/1.11/share/em_armgcc/bin/../lib/gcc/arm-none-eabi/5.4.1/armv7-m/crtbegin.o

.data           0x20000000      0x3fc load address 0x08004ff8
                0x20000000                __data_start__ = .
 *(vtable)
 *(.data*)
 .data.ADCPrescTable
                0x20000000        0x4 obj\release\spl\src\stm32f10x_rcc.o
 .data.APBAHBPrescTable
                0x20000004       0x10 obj\release\spl\src\stm32f10x_rcc.o
 .data.GTC_Header
                0x20000014        0x2 obj\release\src\gtclib.o
                0x20000014                GTC_Header
 .data.packet_sent
                0x20000016        0x1 obj\release\src\main.o
                0x20000016                packet_sent
 .data.packet_receive
                0x20000017        0x1 obj\release\src\main.o
                0x20000017                packet_receive
 .data.welcome_msg
                0x20000018       0x18 obj\release\src\main.o
                0x20000018                welcome_msg
 .data.CMD_AT_CIPSTART
                0x20000030       0x30 obj\release\src\sim900a.o
                0x20000030                CMD_AT_CIPSTART
 .data._post_params
                0x20000060       0x27 obj\release\src\sim900a.o
                0x20000060                _post_params
 *fill*         0x20000087        0x1 
 .data.CMD_AT_CIPCLOSE
                0x20000088        0xe obj\release\src\sim900a.o
                0x20000088                CMD_AT_CIPCLOSE
 *fill*         0x20000096        0x2 
 .data._http_get_time
                0x20000098       0x5b obj\release\src\sim900a.o
                0x20000098                _http_get_time
 *fill*         0x200000f3        0x1 
 .data.CMD_AT_CIPSEND
                0x200000f4        0xd obj\release\src\sim900a.o
                0x200000f4                CMD_AT_CIPSEND
 *fill*         0x20000101        0x3 
 .data._http_post
                0x20000104       0x8f obj\release\src\sim900a.o
                0x20000104                _http_post
 *fill*         0x20000193        0x1 
 .data.CMD_AT_CIPSHUT
                0x20000194        0xd obj\release\src\sim900a.o
                0x20000194                CMD_AT_CIPSHUT
 *fill*         0x200001a1        0x3 
 .data.CMD_AT_CSTT
                0x200001a4       0x24 obj\release\src\sim900a.o
                0x200001a4                CMD_AT_CSTT
 .data.CMD_AT_CIICR
                0x200001c8        0xb obj\release\src\sim900a.o
                0x200001c8                CMD_AT_CIICR
 *fill*         0x200001d3        0x1 
 .data._post_params_2
                0x200001d4       0x25 obj\release\src\sim900a.o
                0x200001d4                _post_params_2
 *fill*         0x200001f9        0x3 
 .data.CMD_AT_CGATT
                0x200001fc        0xd obj\release\src\sim900a.o
                0x200001fc                CMD_AT_CGATT
 *fill*         0x20000209        0x3 
 .data.CMD_AT_CIFSR
                0x2000020c        0xb obj\release\src\sim900a.o
                0x2000020c                CMD_AT_CIFSR
 *fill*         0x20000217        0x1 
 .data._post_params_3
                0x20000218       0x25 obj\release\src\sim900a.o
                0x20000218                _post_params_3
 *fill*         0x2000023d        0x3 
 .data.CMD_AT   0x20000240        0x5 obj\release\src\sim900a.o
                0x20000240                CMD_AT
 *fill*         0x20000245        0x3 
 .data.CMD_AT_CIPMUX
                0x20000248        0xe obj\release\src\sim900a.o
                0x20000248                CMD_AT_CIPMUX
 *fill*         0x20000256        0x2 
 .data.SystemCoreClock
                0x20000258        0x4 obj\release\src\system_stm32f10x.o
                0x20000258                SystemCoreClock
 .data.Virtual_Com_Port_StringSerial
                0x2000025c       0x1a obj\release\src\usb_desc.o
                0x2000025c                Virtual_Com_Port_StringSerial
 *fill*         0x20000276        0x2 
 .data.pEpInt_IN
                0x20000278       0x1c obj\release\src\usb_istr.o
                0x20000278                pEpInt_IN
 .data.pEpInt_OUT
                0x20000294       0x1c obj\release\src\usb_istr.o
                0x20000294                pEpInt_OUT
 .data.Config_Descriptor
                0x200002b0        0x8 obj\release\src\usb_prop.o
                0x200002b0                Config_Descriptor
 .data.Device_Property
                0x200002b8       0x30 obj\release\src\usb_prop.o
                0x200002b8                Device_Property
 .data.User_Standard_Requests
                0x200002e8       0x24 obj\release\src\usb_prop.o
                0x200002e8                User_Standard_Requests
 .data.Device_Descriptor
                0x2000030c        0x8 obj\release\src\usb_prop.o
                0x2000030c                Device_Descriptor
 .data.String_Descriptor
                0x20000314       0x20 obj\release\src\usb_prop.o
                0x20000314                String_Descriptor
 .data.linecoding
                0x20000334        0x8 obj\release\src\usb_prop.o
                0x20000334                linecoding
 .data.Device_Table
                0x2000033c        0x2 obj\release\src\usb_prop.o
                0x2000033c                Device_Table
 .data.fSuspendEnabled
                0x2000033e        0x1 obj\release\src\usb_pwr.o
                0x2000033e                fSuspendEnabled
 *fill*         0x2000033f        0x1 
 .data.impure_data
                0x20000340       0x60 c:/program files (x86)/embitz/1.11/share/em_armgcc/bin/../lib/gcc/arm-none-eabi/5.4.1/../../../../arm-none-eabi/lib/armv7-m\libg_n.a(lib_a-impure.o)
 .data._impure_ptr
                0x200003a0        0x4 c:/program files (x86)/embitz/1.11/share/em_armgcc/bin/../lib/gcc/arm-none-eabi/5.4.1/../../../../arm-none-eabi/lib/armv7-m\libg_n.a(lib_a-impure.o)
                0x200003a0                _impure_ptr
 .data._tzname  0x200003a4        0x8 c:/program files (x86)/embitz/1.11/share/em_armgcc/bin/../lib/gcc/arm-none-eabi/5.4.1/../../../../arm-none-eabi/lib/armv7-m\libg_n.a(lib_a-tzvars.o)
                0x200003a4                _tzname
 .data.__ctype_ptr__
                0x200003ac        0x4 c:/program files (x86)/embitz/1.11/share/em_armgcc/bin/../lib/gcc/arm-none-eabi/5.4.1/../../../../arm-none-eabi/lib/armv7-m\libg_n.a(lib_a-ctype_.o)
                0x200003ac                __ctype_ptr__
 .data.tzinfo   0x200003b0       0x40 c:/program files (x86)/embitz/1.11/share/em_armgcc/bin/../lib/gcc/arm-none-eabi/5.4.1/../../../../arm-none-eabi/lib/armv7-m\libg_n.a(lib_a-gettzinfo.o)
 .data.environ  0x200003f0        0x4 c:/program files (x86)/embitz/1.11/share/em_armgcc/bin/../lib/gcc/arm-none-eabi/5.4.1/../../../../arm-none-eabi/lib/armv7-m\libg_n.a(lib_a-environ.o)
                0x200003f0                environ
                0x200003f4                . = ALIGN (0x4)
                0x200003f4                PROVIDE (__preinit_array_start, .)
 *(.preinit_array)
                0x200003f4                PROVIDE (__preinit_array_end, .)
                0x200003f4                . = ALIGN (0x4)
                0x200003f4                PROVIDE (__init_array_start, .)
 *(SORT(.init_array.*))
 *(.init_array)
 .init_array    0x200003f4        0x4 c:/program files (x86)/embitz/1.11/share/em_armgcc/bin/../lib/gcc/arm-none-eabi/5.4.1/armv7-m/crtbegin.o
                0x200003f8                PROVIDE (__init_array_end, .)
                0x200003f8                . = ALIGN (0x4)
                [!provide]                PROVIDE (__fini_array_start, .)
 *(SORT(.fini_array.*))
 *(.fini_array)
 .fini_array    0x200003f8        0x4 c:/program files (x86)/embitz/1.11/share/em_armgcc/bin/../lib/gcc/arm-none-eabi/5.4.1/armv7-m/crtbegin.o
                [!provide]                PROVIDE (__fini_array_end, .)
                0x200003fc                . = ALIGN (0x4)
                0x200003fc                __data_end__ = .

.jcr            0x200003fc        0x0 load address 0x080053f4
 .jcr           0x200003fc        0x0 c:/program files (x86)/embitz/1.11/share/em_armgcc/bin/../lib/gcc/arm-none-eabi/5.4.1/armv7-m/crtbegin.o

.igot.plt       0x200003fc        0x0 load address 0x080053f4
 .igot.plt      0x200003fc        0x0 c:/program files (x86)/embitz/1.11/share/em_armgcc/bin/../lib/gcc/arm-none-eabi/5.4.1/armv7-m/crtbegin.o

.bss            0x200003fc      0xb48 load address 0x080053f4
                0x200003fc                __bss_start__ = .
 *(.bss*)
 .bss           0x200003fc       0x1c c:/program files (x86)/embitz/1.11/share/em_armgcc/bin/../lib/gcc/arm-none-eabi/5.4.1/armv7-m/crtbegin.o
 .bss.numel     0x20000418        0x1 obj\release\src\gtclib.o
                0x20000418                numel
 .bss.queue_head
                0x20000419        0x1 obj\release\src\gtclib.o
                0x20000419                queue_head
 .bss.dequeue_pending_num
                0x2000041a        0x1 obj\release\src\gtclib.o
                0x2000041a                dequeue_pending_num
 .bss.queue_tail
                0x2000041b        0x1 obj\release\src\gtclib.o
                0x2000041b                queue_tail
 .bss.led_state
                0x2000041c        0x4 obj\release\src\main.o
                0x2000041c                led_state
 .bss.millis    0x20000420        0x4 obj\release\src\timers_conf.o
                0x20000420                millis
 .bss.TimingDelay
                0x20000424        0x4 obj\release\src\timers_conf.o
 .bss.Data_Mul_MaxPacketSize
                0x20000428        0x1 obj\release\src\usb_core.o
                0x20000428                Data_Mul_MaxPacketSize
 *fill*         0x20000429        0x3 
 .bss.wCNTR     0x2000042c        0x4 obj\release\src\usb_istr.o
                0x2000042c                wCNTR
 .bss.bIntPackSOF
                0x20000430        0x1 obj\release\src\usb_istr.o
                0x20000430                bIntPackSOF
 *fill*         0x20000431        0x3 
 .bss.esof_counter
                0x20000434        0x4 obj\release\src\usb_istr.o
                0x20000434                esof_counter
 .bss.Request   0x20000438        0x1 obj\release\src\usb_prop.o
                0x20000438                Request
 *fill*         0x20000439        0x3 
 .bss.bDeviceState
                0x2000043c        0x4 obj\release\src\usb_pwr.o
                0x2000043c                bDeviceState
 .bss.remotewakeupon
                0x20000440        0x4 obj\release\src\usb_pwr.o
                0x20000440                remotewakeupon
 .bss.__malloc_sbrk_start
                0x20000444        0x4 c:/program files (x86)/embitz/1.11/share/em_armgcc/bin/../lib/gcc/arm-none-eabi/5.4.1/../../../../arm-none-eabi/lib/armv7-m\libg_n.a(lib_a-nano-mallocr.o)
                0x20000444                __malloc_sbrk_start
 .bss.__malloc_free_list
                0x20000448        0x4 c:/program files (x86)/embitz/1.11/share/em_armgcc/bin/../lib/gcc/arm-none-eabi/5.4.1/../../../../arm-none-eabi/lib/armv7-m\libg_n.a(lib_a-nano-mallocr.o)
                0x20000448                __malloc_free_list
 .bss.__tzname_dst
                0x2000044c        0xb c:/program files (x86)/embitz/1.11/share/em_armgcc/bin/../lib/gcc/arm-none-eabi/5.4.1/../../../../arm-none-eabi/lib/armv7-m\libg_n.a(lib_a-tzset_r.o)
 .bss.__tzname_std
                0x20000457        0xb c:/program files (x86)/embitz/1.11/share/em_armgcc/bin/../lib/gcc/arm-none-eabi/5.4.1/../../../../arm-none-eabi/lib/armv7-m\libg_n.a(lib_a-tzset_r.o)
 *fill*         0x20000462        0x2 
 .bss.prev_tzenv
                0x20000464        0x4 c:/program files (x86)/embitz/1.11/share/em_armgcc/bin/../lib/gcc/arm-none-eabi/5.4.1/../../../../arm-none-eabi/lib/armv7-m\libg_n.a(lib_a-tzset_r.o)
 .bss._daylight
                0x20000468        0x4 c:/program files (x86)/embitz/1.11/share/em_armgcc/bin/../lib/gcc/arm-none-eabi/5.4.1/../../../../arm-none-eabi/lib/armv7-m\libg_n.a(lib_a-tzvars.o)
                0x20000468                _daylight
 .bss._timezone
                0x2000046c        0x4 c:/program files (x86)/embitz/1.11/share/em_armgcc/bin/../lib/gcc/arm-none-eabi/5.4.1/../../../../arm-none-eabi/lib/armv7-m\libg_n.a(lib_a-tzvars.o)
                0x2000046c                _timezone
 .bss.initial_env
                0x20000470        0x4 c:/program files (x86)/embitz/1.11/share/em_armgcc/bin/../lib/gcc/arm-none-eabi/5.4.1/../../../../arm-none-eabi/lib/armv7-m\libg_n.a(lib_a-environ.o)
 .bss.heap_end.4167
                0x20000474        0x4 c:/program files (x86)/embitz/1.11/share/em_armgcc/bin/../lib/gcc/arm-none-eabi/5.4.1/../../../../arm-none-eabi/lib/armv7-m\libnosys_s.a(sbrk.o)
 *(COMMON)
 COMMON         0x20000478       0xa4 obj\release\src\gtclib.o
                0x20000478                queue_a
                0x200004f0                GTC_Buffer
                0x20000514                SIM_USART_RX
                0x20000518                SIM_USART_TX
 COMMON         0x2000051c       0x50 obj\release\src\hw_config.o
                0x2000051c                HSEStartUpStatus
                0x20000520                Receive_Buffer
                0x20000560                EXTI_InitStructure
                0x20000568                Send_length
 COMMON         0x2000056c        0xc obj\release\src\main.o
                0x2000056c                id
 COMMON         0x20000578      0x434 obj\release\src\sim900a.o
                0x20000578                _params
                0x200005ac                AT_CMD_BUF
 COMMON         0x200009ac      0x530 obj\release\src\usart_conf.o
                0x200009ac                U1_buf_tx
                0x20000af8                U1_buf_rx
                0x20000c44                U2_buf_rx
                0x20000d90                U2_buf_tx
 COMMON         0x20000edc        0x2 obj\release\src\usb_core.o
                0x20000edc                StatusInfo
 *fill*         0x20000ede        0x2 
 COMMON         0x20000ee0        0x4 obj\release\src\usb_endp.o
                0x20000ee0                Receive_length
 COMMON         0x20000ee4       0x32 obj\release\src\usb_init.o
                0x20000ee4                SaveState
                0x20000ee8                pProperty
                0x20000eec                EPindex
                0x20000ef0                Device_Info
                0x20000f0c                pUser_Standard_Requests
                0x20000f10                pInformation
                0x20000f14                wInterrupt_Mask
 COMMON         0x20000f16        0x4 obj\release\src\usb_int.o
                0x20000f16                SaveRState
                0x20000f18                SaveTState
 COMMON         0x20000f1a        0x2 obj\release\src\usb_istr.o
                0x20000f1a                wIstr
 COMMON         0x20000f1c       0x24 obj\release\src\usb_pwr.o
                0x20000f1c                ResumeS
                0x20000f20                EP
 COMMON         0x20000f40        0x4 c:/program files (x86)/embitz/1.11/share/em_armgcc/bin/../lib/gcc/arm-none-eabi/5.4.1/../../../../arm-none-eabi/lib/armv7-m\libg_n.a(lib_a-reent.o)
                0x20000f40                errno
                0x20000f44                __bss_end__ = .

.heap           0x20000f48        0x0
                0x20000f48                __end__ = .
                0x20000f48                end = __end__
 *(.heap*)
 .heap          0x20000f48        0x0 obj\release\src\startup_stm32f10x_md.o
                0x20000f48                __HeapLimit = .

.stack_dummy    0x20000f48      0x100
 *(.stack)
 .stack         0x20000f48      0x100 obj\release\src\startup_stm32f10x_md.o
                0x20005000                __StackTop = (ORIGIN (RAM) + LENGTH (RAM))
                0x20004f00                __StackLimit = (__StackTop - SIZEOF (.stack_dummy))
                0x20005000                PROVIDE (__stack, __StackTop)
                0x00000001                ASSERT ((__StackLimit >= __HeapLimit), region RAM overflowed with stack)
LOAD obj\release\spl\src\misc.o
LOAD obj\release\spl\src\stm32f10x_adc.o
LOAD obj\release\spl\src\stm32f10x_bkp.o
LOAD obj\release\spl\src\stm32f10x_can.o
LOAD obj\release\spl\src\stm32f10x_cec.o
LOAD obj\release\spl\src\stm32f10x_crc.o
LOAD obj\release\spl\src\stm32f10x_dac.o
LOAD obj\release\spl\src\stm32f10x_dbgmcu.o
LOAD obj\release\spl\src\stm32f10x_dma.o
LOAD obj\release\spl\src\stm32f10x_exti.o
LOAD obj\release\spl\src\stm32f10x_flash.o
LOAD obj\release\spl\src\stm32f10x_fsmc.o
LOAD obj\release\spl\src\stm32f10x_gpio.o
LOAD obj\release\spl\src\stm32f10x_i2c.o
LOAD obj\release\spl\src\stm32f10x_iwdg.o
LOAD obj\release\spl\src\stm32f10x_pwr.o
LOAD obj\release\spl\src\stm32f10x_rcc.o
LOAD obj\release\spl\src\stm32f10x_rtc.o
LOAD obj\release\spl\src\stm32f10x_sdio.o
LOAD obj\release\spl\src\stm32f10x_spi.o
LOAD obj\release\spl\src\stm32f10x_tim.o
LOAD obj\release\spl\src\stm32f10x_usart.o
LOAD obj\release\spl\src\stm32f10x_wwdg.o
LOAD obj\release\src\gtclib.o
LOAD obj\release\src\hw_config.o
LOAD obj\release\src\main.o
LOAD obj\release\src\sim900a.o
LOAD obj\release\src\startup_stm32f10x_md.o
LOAD obj\release\src\stm3210b_eval.o
LOAD obj\release\src\stm3210b_eval_i2c_tsensor.o
LOAD obj\release\src\stm3210b_eval_spi_flash.o
LOAD obj\release\src\stm3210b_eval_spi_sd.o
LOAD obj\release\src\stm32_it.o
LOAD obj\release\src\system_stm32f10x.o
LOAD obj\release\src\timers_conf.o
LOAD obj\release\src\usart_conf.o
LOAD obj\release\src\usb_core.o
LOAD obj\release\src\usb_desc.o
LOAD obj\release\src\usb_endp.o
LOAD obj\release\src\usb_init.o
LOAD obj\release\src\usb_int.o
LOAD obj\release\src\usb_istr.o
LOAD obj\release\src\usb_mem.o
LOAD obj\release\src\usb_prop.o
LOAD obj\release\src\usb_pwr.o
LOAD obj\release\src\usb_regs.o
LOAD obj\release\src\usb_sil.o
START GROUP
LOAD c:/program files (x86)/embitz/1.11/share/em_armgcc/bin/../lib/gcc/arm-none-eabi/5.4.1/armv7-m\libgcc.a
LOAD c:/program files (x86)/embitz/1.11/share/em_armgcc/bin/../lib/gcc/arm-none-eabi/5.4.1/../../../../arm-none-eabi/lib/armv7-m\libg_n.a
LOAD c:/program files (x86)/embitz/1.11/share/em_armgcc/bin/../lib/gcc/arm-none-eabi/5.4.1/../../../../arm-none-eabi/lib/armv7-m\libc_n.a
END GROUP
START GROUP
LOAD c:/program files (x86)/embitz/1.11/share/em_armgcc/bin/../lib/gcc/arm-none-eabi/5.4.1/armv7-m\libgcc.a
LOAD c:/program files (x86)/embitz/1.11/share/em_armgcc/bin/../lib/gcc/arm-none-eabi/5.4.1/../../../../arm-none-eabi/lib/armv7-m\libc_n.a
LOAD c:/program files (x86)/embitz/1.11/share/em_armgcc/bin/../lib/gcc/arm-none-eabi/5.4.1/../../../../arm-none-eabi/lib/armv7-m\libnosys_s.a
END GROUP
LOAD c:/program files (x86)/embitz/1.11/share/em_armgcc/bin/../lib/gcc/arm-none-eabi/5.4.1/armv7-m/crtend.o
LOAD c:/program files (x86)/embitz/1.11/share/em_armgcc/bin/../lib/gcc/arm-none-eabi/5.4.1/armv7-m/crtn.o
OUTPUT(bin\Release\cobalagi.elf elf32-littlearm)

.ARM.attributes
                0x00000000       0x29
 .ARM.attributes
                0x00000000       0x1d c:/program files (x86)/embitz/1.11/share/em_armgcc/bin/../lib/gcc/arm-none-eabi/5.4.1/armv7-m/crti.o
 .ARM.attributes
                0x0000001d       0x2d c:/program files (x86)/embitz/1.11/share/em_armgcc/bin/../lib/gcc/arm-none-eabi/5.4.1/armv7-m/crtbegin.o
 .ARM.attributes
                0x0000004a       0x1b c:/program files (x86)/embitz/1.11/share/em_armgcc/bin/../lib/gcc/arm-none-eabi/5.4.1/../../../../arm-none-eabi/lib/armv7-m/crt0.o
 .ARM.attributes
                0x00000065       0x33 obj\release\spl\src\misc.o
 .ARM.attributes
                0x00000098       0x33 obj\release\spl\src\stm32f10x_exti.o
 .ARM.attributes
                0x000000cb       0x33 obj\release\spl\src\stm32f10x_gpio.o
 .ARM.attributes
                0x000000fe       0x33 obj\release\spl\src\stm32f10x_pwr.o
 .ARM.attributes
                0x00000131       0x33 obj\release\spl\src\stm32f10x_rcc.o
 .ARM.attributes
                0x00000164       0x33 obj\release\spl\src\stm32f10x_rtc.o
 .ARM.attributes
                0x00000197       0x33 obj\release\spl\src\stm32f10x_tim.o
 .ARM.attributes
                0x000001ca       0x33 obj\release\spl\src\stm32f10x_usart.o
 .ARM.attributes
                0x000001fd       0x33 obj\release\src\gtclib.o
 .ARM.attributes
                0x00000230       0x33 obj\release\src\hw_config.o
 .ARM.attributes
                0x00000263       0x33 obj\release\src\main.o
 .ARM.attributes
                0x00000296       0x33 obj\release\src\sim900a.o
 .ARM.attributes
                0x000002c9       0x1b obj\release\src\startup_stm32f10x_md.o
 .ARM.attributes
                0x000002e4       0x33 obj\release\src\stm32_it.o
 .ARM.attributes
                0x00000317       0x33 obj\release\src\system_stm32f10x.o
 .ARM.attributes
                0x0000034a       0x33 obj\release\src\timers_conf.o
 .ARM.attributes
                0x0000037d       0x33 obj\release\src\usart_conf.o
 .ARM.attributes
                0x000003b0       0x33 obj\release\src\usb_core.o
 .ARM.attributes
                0x000003e3       0x33 obj\release\src\usb_desc.o
 .ARM.attributes
                0x00000416       0x33 obj\release\src\usb_endp.o
 .ARM.attributes
                0x00000449       0x33 obj\release\src\usb_init.o
 .ARM.attributes
                0x0000047c       0x33 obj\release\src\usb_int.o
 .ARM.attributes
                0x000004af       0x33 obj\release\src\usb_istr.o
 .ARM.attributes
                0x000004e2       0x33 obj\release\src\usb_mem.o
 .ARM.attributes
                0x00000515       0x33 obj\release\src\usb_prop.o
 .ARM.attributes
                0x00000548       0x33 obj\release\src\usb_pwr.o
 .ARM.attributes
                0x0000057b       0x33 obj\release\src\usb_regs.o
 .ARM.attributes
                0x000005ae       0x33 obj\release\src\usb_sil.o
 .ARM.attributes
                0x000005e1       0x2d c:/program files (x86)/embitz/1.11/share/em_armgcc/bin/../lib/gcc/arm-none-eabi/5.4.1/../../../../arm-none-eabi/lib/armv7-m\libg_n.a(lib_a-asctime.o)
 .ARM.attributes
                0x0000060e       0x2d c:/program files (x86)/embitz/1.11/share/em_armgcc/bin/../lib/gcc/arm-none-eabi/5.4.1/../../../../arm-none-eabi/lib/armv7-m\libg_n.a(lib_a-asctime_r.o)
 .ARM.attributes
                0x0000063b       0x2d c:/program files (x86)/embitz/1.11/share/em_armgcc/bin/../lib/gcc/arm-none-eabi/5.4.1/../../../../arm-none-eabi/lib/armv7-m\libg_n.a(lib_a-exit.o)
 .ARM.attributes
                0x00000668       0x2d c:/program files (x86)/embitz/1.11/share/em_armgcc/bin/../lib/gcc/arm-none-eabi/5.4.1/../../../../arm-none-eabi/lib/armv7-m\libg_n.a(lib_a-impure.o)
 .ARM.attributes
                0x00000695       0x2d c:/program files (x86)/embitz/1.11/share/em_armgcc/bin/../lib/gcc/arm-none-eabi/5.4.1/../../../../arm-none-eabi/lib/armv7-m\libg_n.a(lib_a-init.o)
 .ARM.attributes
                0x000006c2       0x2d c:/program files (x86)/embitz/1.11/share/em_armgcc/bin/../lib/gcc/arm-none-eabi/5.4.1/../../../../arm-none-eabi/lib/armv7-m\libg_n.a(lib_a-lcltime.o)
 .ARM.attributes
                0x000006ef       0x2d c:/program files (x86)/embitz/1.11/share/em_armgcc/bin/../lib/gcc/arm-none-eabi/5.4.1/../../../../arm-none-eabi/lib/armv7-m\libg_n.a(lib_a-lcltime_r.o)
 .ARM.attributes
                0x0000071c       0x2d c:/program files (x86)/embitz/1.11/share/em_armgcc/bin/../lib/gcc/arm-none-eabi/5.4.1/../../../../arm-none-eabi/lib/armv7-m\libg_n.a(lib_a-malloc.o)
 .ARM.attributes
                0x00000749       0x2d c:/program files (x86)/embitz/1.11/share/em_armgcc/bin/../lib/gcc/arm-none-eabi/5.4.1/../../../../arm-none-eabi/lib/armv7-m\libg_n.a(lib_a-memcmp.o)
 .ARM.attributes
                0x00000776       0x2d c:/program files (x86)/embitz/1.11/share/em_armgcc/bin/../lib/gcc/arm-none-eabi/5.4.1/../../../../arm-none-eabi/lib/armv7-m\libg_n.a(lib_a-memset.o)
 .ARM.attributes
                0x000007a3       0x2d c:/program files (x86)/embitz/1.11/share/em_armgcc/bin/../lib/gcc/arm-none-eabi/5.4.1/../../../../arm-none-eabi/lib/armv7-m\libg_n.a(lib_a-month_lengths.o)
 .ARM.attributes
                0x000007d0       0x2d c:/program files (x86)/embitz/1.11/share/em_armgcc/bin/../lib/gcc/arm-none-eabi/5.4.1/../../../../arm-none-eabi/lib/armv7-m\libg_n.a(lib_a-nano-freer.o)
 .ARM.attributes
                0x000007fd       0x2d c:/program files (x86)/embitz/1.11/share/em_armgcc/bin/../lib/gcc/arm-none-eabi/5.4.1/../../../../arm-none-eabi/lib/armv7-m\libg_n.a(lib_a-nano-mallocr.o)
 .ARM.attributes
                0x0000082a       0x2d c:/program files (x86)/embitz/1.11/share/em_armgcc/bin/../lib/gcc/arm-none-eabi/5.4.1/../../../../arm-none-eabi/lib/armv7-m\libg_n.a(lib_a-sbrkr.o)
 .ARM.attributes
                0x00000857       0x2d c:/program files (x86)/embitz/1.11/share/em_armgcc/bin/../lib/gcc/arm-none-eabi/5.4.1/../../../../arm-none-eabi/lib/armv7-m\libg_n.a(lib_a-sprintf.o)
 .ARM.attributes
                0x00000884       0x2d c:/program files (x86)/embitz/1.11/share/em_armgcc/bin/../lib/gcc/arm-none-eabi/5.4.1/../../../../arm-none-eabi/lib/armv7-m\libg_n.a(lib_a-stpcpy.o)
 .ARM.attributes
                0x000008b1       0x17 c:/program files (x86)/embitz/1.11/share/em_armgcc/bin/../lib/gcc/arm-none-eabi/5.4.1/../../../../arm-none-eabi/lib/armv7-m\libg_n.a(lib_a-strlen.o)
 .ARM.attributes
                0x000008c8       0x2d c:/program files (x86)/embitz/1.11/share/em_armgcc/bin/../lib/gcc/arm-none-eabi/5.4.1/../../../../arm-none-eabi/lib/armv7-m\libg_n.a(lib_a-strtoul.o)
 .ARM.attributes
                0x000008f5       0x2d c:/program files (x86)/embitz/1.11/share/em_armgcc/bin/../lib/gcc/arm-none-eabi/5.4.1/../../../../arm-none-eabi/lib/armv7-m\libg_n.a(lib_a-tzcalc_limits.o)
 .ARM.attributes
                0x00000922       0x2d c:/program files (x86)/embitz/1.11/share/em_armgcc/bin/../lib/gcc/arm-none-eabi/5.4.1/../../../../arm-none-eabi/lib/armv7-m\libg_n.a(lib_a-tzlock.o)
 .ARM.attributes
                0x0000094f       0x2d c:/program files (x86)/embitz/1.11/share/em_armgcc/bin/../lib/gcc/arm-none-eabi/5.4.1/../../../../arm-none-eabi/lib/armv7-m\libg_n.a(lib_a-tzset.o)
 .ARM.attributes
                0x0000097c       0x2d c:/program files (x86)/embitz/1.11/share/em_armgcc/bin/../lib/gcc/arm-none-eabi/5.4.1/../../../../arm-none-eabi/lib/armv7-m\libg_n.a(lib_a-tzset_r.o)
 .ARM.attributes
                0x000009a9       0x2d c:/program files (x86)/embitz/1.11/share/em_armgcc/bin/../lib/gcc/arm-none-eabi/5.4.1/../../../../arm-none-eabi/lib/armv7-m\libg_n.a(lib_a-tzvars.o)
 .ARM.attributes
                0x000009d6       0x2d c:/program files (x86)/embitz/1.11/share/em_armgcc/bin/../lib/gcc/arm-none-eabi/5.4.1/../../../../arm-none-eabi/lib/armv7-m\libg_n.a(lib_a-ctype_.o)
 .ARM.attributes
                0x00000a03       0x2d c:/program files (x86)/embitz/1.11/share/em_armgcc/bin/../lib/gcc/arm-none-eabi/5.4.1/../../../../arm-none-eabi/lib/armv7-m\libg_n.a(lib_a-getenv_r.o)
 .ARM.attributes
                0x00000a30       0x2d c:/program files (x86)/embitz/1.11/share/em_armgcc/bin/../lib/gcc/arm-none-eabi/5.4.1/../../../../arm-none-eabi/lib/armv7-m\libg_n.a(lib_a-gettzinfo.o)
 .ARM.attributes
                0x00000a5d       0x2d c:/program files (x86)/embitz/1.11/share/em_armgcc/bin/../lib/gcc/arm-none-eabi/5.4.1/../../../../arm-none-eabi/lib/armv7-m\libg_n.a(lib_a-gmtime_r.o)
 .ARM.attributes
                0x00000a8a       0x2d c:/program files (x86)/embitz/1.11/share/em_armgcc/bin/../lib/gcc/arm-none-eabi/5.4.1/../../../../arm-none-eabi/lib/armv7-m\libg_n.a(lib_a-mlock.o)
 .ARM.attributes
                0x00000ab7       0x2d c:/program files (x86)/embitz/1.11/share/em_armgcc/bin/../lib/gcc/arm-none-eabi/5.4.1/../../../../arm-none-eabi/lib/armv7-m\libg_n.a(lib_a-nano-svfprintf.o)
 .ARM.attributes
                0x00000ae4       0x2d c:/program files (x86)/embitz/1.11/share/em_armgcc/bin/../lib/gcc/arm-none-eabi/5.4.1/../../../../arm-none-eabi/lib/armv7-m\libg_n.a(lib_a-nano-vfprintf_i.o)
 .ARM.attributes
                0x00000b11       0x2d c:/program files (x86)/embitz/1.11/share/em_armgcc/bin/../lib/gcc/arm-none-eabi/5.4.1/../../../../arm-none-eabi/lib/armv7-m\libg_n.a(lib_a-reent.o)
 .ARM.attributes
                0x00000b3e       0x2d c:/program files (x86)/embitz/1.11/share/em_armgcc/bin/../lib/gcc/arm-none-eabi/5.4.1/../../../../arm-none-eabi/lib/armv7-m\libg_n.a(lib_a-sscanf.o)
 .ARM.attributes
                0x00000b6b       0x2d c:/program files (x86)/embitz/1.11/share/em_armgcc/bin/../lib/gcc/arm-none-eabi/5.4.1/../../../../arm-none-eabi/lib/armv7-m\libg_n.a(lib_a-stdio.o)
 .ARM.attributes
                0x00000b98       0x1b c:/program files (x86)/embitz/1.11/share/em_armgcc/bin/../lib/gcc/arm-none-eabi/5.4.1/../../../../arm-none-eabi/lib/armv7-m\libg_n.a(lib_a-strcmp.o)
 .ARM.attributes
                0x00000bb3       0x2d c:/program files (x86)/embitz/1.11/share/em_armgcc/bin/../lib/gcc/arm-none-eabi/5.4.1/../../../../arm-none-eabi/lib/armv7-m\libg_n.a(lib_a-strcpy.o)
 .ARM.attributes
                0x00000be0       0x2d c:/program files (x86)/embitz/1.11/share/em_armgcc/bin/../lib/gcc/arm-none-eabi/5.4.1/../../../../arm-none-eabi/lib/armv7-m\libg_n.a(lib_a-strncmp.o)
 .ARM.attributes
                0x00000c0d       0x2d c:/program files (x86)/embitz/1.11/share/em_armgcc/bin/../lib/gcc/arm-none-eabi/5.4.1/../../../../arm-none-eabi/lib/armv7-m\libg_n.a(lib_a-environ.o)
 .ARM.attributes
                0x00000c3a       0x2d c:/program files (x86)/embitz/1.11/share/em_armgcc/bin/../lib/gcc/arm-none-eabi/5.4.1/../../../../arm-none-eabi/lib/armv7-m\libg_n.a(lib_a-envlock.o)
 .ARM.attributes
                0x00000c67       0x2d c:/program files (x86)/embitz/1.11/share/em_armgcc/bin/../lib/gcc/arm-none-eabi/5.4.1/../../../../arm-none-eabi/lib/armv7-m\libg_n.a(lib_a-memchr-stub.o)
 .ARM.attributes
                0x00000c94       0x2d c:/program files (x86)/embitz/1.11/share/em_armgcc/bin/../lib/gcc/arm-none-eabi/5.4.1/../../../../arm-none-eabi/lib/armv7-m\libg_n.a(lib_a-memcpy-stub.o)
 .ARM.attributes
                0x00000cc1       0x2d c:/program files (x86)/embitz/1.11/share/em_armgcc/bin/../lib/gcc/arm-none-eabi/5.4.1/../../../../arm-none-eabi/lib/armv7-m\libg_n.a(lib_a-memmove.o)
 .ARM.attributes
                0x00000cee       0x2d c:/program files (x86)/embitz/1.11/share/em_armgcc/bin/../lib/gcc/arm-none-eabi/5.4.1/../../../../arm-none-eabi/lib/armv7-m\libg_n.a(lib_a-nano-reallocr.o)
 .ARM.attributes
                0x00000d1b       0x2d c:/program files (x86)/embitz/1.11/share/em_armgcc/bin/../lib/gcc/arm-none-eabi/5.4.1/../../../../arm-none-eabi/lib/armv7-m\libg_n.a(lib_a-nano-svfscanf.o)
 .ARM.attributes
                0x00000d48       0x2d c:/program files (x86)/embitz/1.11/share/em_armgcc/bin/../lib/gcc/arm-none-eabi/5.4.1/../../../../arm-none-eabi/lib/armv7-m\libg_n.a(lib_a-nano-vfscanf_i.o)
 .ARM.attributes
                0x00000d75       0x2d c:/program files (x86)/embitz/1.11/share/em_armgcc/bin/../lib/gcc/arm-none-eabi/5.4.1/../../../../arm-none-eabi/lib/armv7-m\libg_n.a(lib_a-sccl.o)
 .ARM.attributes
                0x00000da2       0x2d c:/program files (x86)/embitz/1.11/share/em_armgcc/bin/../lib/gcc/arm-none-eabi/5.4.1/../../../../arm-none-eabi/lib/armv7-m\libg_n.a(lib_a-strtol.o)
 .ARM.attributes
                0x00000dcf       0x2d c:/program files (x86)/embitz/1.11/share/em_armgcc/bin/../lib/gcc/arm-none-eabi/5.4.1/../../../../arm-none-eabi/lib/armv7-m\libg_n.a(lib_a-ungetc.o)
 .ARM.attributes
                0x00000dfc       0x2d c:/program files (x86)/embitz/1.11/share/em_armgcc/bin/../lib/gcc/arm-none-eabi/5.4.1/../../../../arm-none-eabi/lib/armv7-m\libg_n.a(lib_a-findfp.o)
 .ARM.attributes
                0x00000e29       0x2d c:/program files (x86)/embitz/1.11/share/em_armgcc/bin/../lib/gcc/arm-none-eabi/5.4.1/../../../../arm-none-eabi/lib/armv7-m\libg_n.a(lib_a-nano-msizer.o)
 .ARM.attributes
                0x00000e56       0x2d c:/program files (x86)/embitz/1.11/share/em_armgcc/bin/../lib/gcc/arm-none-eabi/5.4.1/../../../../arm-none-eabi/lib/armv7-m\libnosys_s.a(sbrk.o)
 .ARM.attributes
                0x00000e83       0x2d c:/program files (x86)/embitz/1.11/share/em_armgcc/bin/../lib/gcc/arm-none-eabi/5.4.1/../../../../arm-none-eabi/lib/armv7-m\libnosys_s.a(_exit.o)
 .ARM.attributes
                0x00000eb0       0x2d c:/program files (x86)/embitz/1.11/share/em_armgcc/bin/../lib/gcc/arm-none-eabi/5.4.1/armv7-m/crtend.o
 .ARM.attributes
                0x00000edd       0x1d c:/program files (x86)/embitz/1.11/share/em_armgcc/bin/../lib/gcc/arm-none-eabi/5.4.1/armv7-m/crtn.o

.comment        0x00000000       0x6e
 .comment       0x00000000       0x6e obj\release\spl\src\misc.o
                                 0x6f (size before relaxing)
 .comment       0x0000006e       0x6f obj\release\spl\src\stm32f10x_exti.o
 .comment       0x0000006e       0x6f obj\release\spl\src\stm32f10x_gpio.o
 .comment       0x0000006e       0x6f obj\release\spl\src\stm32f10x_pwr.o
 .comment       0x0000006e       0x6f obj\release\spl\src\stm32f10x_rcc.o
 .comment       0x0000006e       0x6f obj\release\spl\src\stm32f10x_rtc.o
 .comment       0x0000006e       0x6f obj\release\spl\src\stm32f10x_tim.o
 .comment       0x0000006e       0x6f obj\release\spl\src\stm32f10x_usart.o
 .comment       0x0000006e       0x6f obj\release\src\gtclib.o
 .comment       0x0000006e       0x6f obj\release\src\hw_config.o
 .comment       0x0000006e       0x6f obj\release\src\main.o
 .comment       0x0000006e       0x6f obj\release\src\sim900a.o
 .comment       0x0000006e       0x6f obj\release\src\stm32_it.o
 .comment       0x0000006e       0x6f obj\release\src\system_stm32f10x.o
 .comment       0x0000006e       0x6f obj\release\src\timers_conf.o
 .comment       0x0000006e       0x6f obj\release\src\usart_conf.o
 .comment       0x0000006e       0x6f obj\release\src\usb_core.o
 .comment       0x0000006e       0x6f obj\release\src\usb_desc.o
 .comment       0x0000006e       0x6f obj\release\src\usb_endp.o
 .comment       0x0000006e       0x6f obj\release\src\usb_init.o
 .comment       0x0000006e       0x6f obj\release\src\usb_int.o
 .comment       0x0000006e       0x6f obj\release\src\usb_istr.o
 .comment       0x0000006e       0x6f obj\release\src\usb_mem.o
 .comment       0x0000006e       0x6f obj\release\src\usb_prop.o
 .comment       0x0000006e       0x6f obj\release\src\usb_pwr.o
 .comment       0x0000006e       0x6f obj\release\src\usb_regs.o
 .comment       0x0000006e       0x6f obj\release\src\usb_sil.o

.debug_info     0x00000000     0xe065
 .debug_info    0x00000000      0x560 obj\release\spl\src\misc.o
 .debug_info    0x00000560      0x345 obj\release\spl\src\stm32f10x_exti.o
 .debug_info    0x000008a5      0x891 obj\release\spl\src\stm32f10x_gpio.o
 .debug_info    0x00001136      0x4e7 obj\release\spl\src\stm32f10x_pwr.o
 .debug_info    0x0000161d      0x946 obj\release\spl\src\stm32f10x_rcc.o
 .debug_info    0x00001f63      0x4ab obj\release\spl\src\stm32f10x_rtc.o
 .debug_info    0x0000240e     0x234c obj\release\spl\src\stm32f10x_tim.o
 .debug_info    0x0000475a      0xb2a obj\release\spl\src\stm32f10x_usart.o
 .debug_info    0x00005284      0x932 obj\release\src\gtclib.o
 .debug_info    0x00005bb6      0xa4e obj\release\src\hw_config.o
 .debug_info    0x00006604     0x14d9 obj\release\src\main.o
 .debug_info    0x00007add      0xaf3 obj\release\src\sim900a.o
 .debug_info    0x000085d0       0x6d obj\release\src\startup_stm32f10x_md.o
 .debug_info    0x0000863d      0x167 obj\release\src\stm32_it.o
 .debug_info    0x000087a4      0x4c8 obj\release\src\system_stm32f10x.o
 .debug_info    0x00008c6c      0x78d obj\release\src\timers_conf.o
 .debug_info    0x000093f9     0x1053 obj\release\src\usart_conf.o
 .debug_info    0x0000a44c      0xebe obj\release\src\usb_core.o
 .debug_info    0x0000b30a      0x18c obj\release\src\usb_desc.o
 .debug_info    0x0000b496      0x179 obj\release\src\usb_endp.o
 .debug_info    0x0000b60f      0x458 obj\release\src\usb_init.o
 .debug_info    0x0000ba67      0x202 obj\release\src\usb_int.o
 .debug_info    0x0000bc69      0x3cc obj\release\src\usb_istr.o
 .debug_info    0x0000c035      0x1e4 obj\release\src\usb_mem.o
 .debug_info    0x0000c219      0xb27 obj\release\src\usb_prop.o
 .debug_info    0x0000cd40      0x589 obj\release\src\usb_pwr.o
 .debug_info    0x0000d2c9      0xb44 obj\release\src\usb_regs.o
 .debug_info    0x0000de0d      0x258 obj\release\src\usb_sil.o

.debug_abbrev   0x00000000     0x32c1
 .debug_abbrev  0x00000000      0x158 obj\release\spl\src\misc.o
 .debug_abbrev  0x00000158      0x1a1 obj\release\spl\src\stm32f10x_exti.o
 .debug_abbrev  0x000002f9      0x202 obj\release\spl\src\stm32f10x_gpio.o
 .debug_abbrev  0x000004fb      0x1b2 obj\release\spl\src\stm32f10x_pwr.o
 .debug_abbrev  0x000006ad      0x270 obj\release\spl\src\stm32f10x_rcc.o
 .debug_abbrev  0x0000091d      0x1c5 obj\release\spl\src\stm32f10x_rtc.o
 .debug_abbrev  0x00000ae2      0x2c4 obj\release\spl\src\stm32f10x_tim.o
 .debug_abbrev  0x00000da6      0x1e6 obj\release\spl\src\stm32f10x_usart.o
 .debug_abbrev  0x00000f8c      0x2f6 obj\release\src\gtclib.o
 .debug_abbrev  0x00001282      0x2d3 obj\release\src\hw_config.o
 .debug_abbrev  0x00001555      0x2eb obj\release\src\main.o
 .debug_abbrev  0x00001840      0x1f6 obj\release\src\sim900a.o
 .debug_abbrev  0x00001a36       0x14 obj\release\src\startup_stm32f10x_md.o
 .debug_abbrev  0x00001a4a       0xde obj\release\src\stm32_it.o
 .debug_abbrev  0x00001b28      0x170 obj\release\src\system_stm32f10x.o
 .debug_abbrev  0x00001c98      0x1b6 obj\release\src\timers_conf.o
 .debug_abbrev  0x00001e4e      0x351 obj\release\src\usart_conf.o
 .debug_abbrev  0x0000219f      0x3e5 obj\release\src\usb_core.o
 .debug_abbrev  0x00002584       0x75 obj\release\src\usb_desc.o
 .debug_abbrev  0x000025f9       0xfe obj\release\src\usb_endp.o
 .debug_abbrev  0x000026f7      0x11f obj\release\src\usb_init.o
 .debug_abbrev  0x00002816       0xfb obj\release\src\usb_int.o
 .debug_abbrev  0x00002911      0x160 obj\release\src\usb_istr.o
 .debug_abbrev  0x00002a71       0x9f obj\release\src\usb_mem.o
 .debug_abbrev  0x00002b10      0x259 obj\release\src\usb_prop.o
 .debug_abbrev  0x00002d69      0x257 obj\release\src\usb_pwr.o
 .debug_abbrev  0x00002fc0      0x1fe obj\release\src\usb_regs.o
 .debug_abbrev  0x000031be      0x103 obj\release\src\usb_sil.o

.debug_loc      0x00000000     0x652a
 .debug_loc     0x00000000      0x193 obj\release\spl\src\misc.o
 .debug_loc     0x00000193      0x1d6 obj\release\spl\src\stm32f10x_exti.o
 .debug_loc     0x00000369      0x569 obj\release\spl\src\stm32f10x_gpio.o
 .debug_loc     0x000008d2      0x111 obj\release\spl\src\stm32f10x_pwr.o
 .debug_loc     0x000009e3      0x726 obj\release\spl\src\stm32f10x_rcc.o
 .debug_loc     0x00001109      0x23c obj\release\spl\src\stm32f10x_rtc.o
 .debug_loc     0x00001345     0x1d7f obj\release\spl\src\stm32f10x_tim.o
 .debug_loc     0x000030c4      0x86d obj\release\spl\src\stm32f10x_usart.o
 .debug_loc     0x00003931      0x2e1 obj\release\src\gtclib.o
 .debug_loc     0x00003c12      0x15d obj\release\src\hw_config.o
 .debug_loc     0x00003d6f      0x221 obj\release\src\main.o
 .debug_loc     0x00003f90      0x1ff obj\release\src\sim900a.o
 .debug_loc     0x0000418f       0xbc obj\release\src\system_stm32f10x.o
 .debug_loc     0x0000424b      0x6ec obj\release\src\usart_conf.o
 .debug_loc     0x00004937      0xa4e obj\release\src\usb_core.o
 .debug_loc     0x00005385       0x92 obj\release\src\usb_int.o
 .debug_loc     0x00005417       0x4e obj\release\src\usb_istr.o
 .debug_loc     0x00005465      0x283 obj\release\src\usb_mem.o
 .debug_loc     0x000056e8      0x1e1 obj\release\src\usb_prop.o
 .debug_loc     0x000058c9      0x16a obj\release\src\usb_pwr.o
 .debug_loc     0x00005a33      0xa28 obj\release\src\usb_regs.o
 .debug_loc     0x0000645b       0xcf obj\release\src\usb_sil.o

.debug_aranges  0x00000000      0xda8
 .debug_aranges
                0x00000000       0x40 obj\release\spl\src\misc.o
 .debug_aranges
                0x00000040       0x50 obj\release\spl\src\stm32f10x_exti.o
 .debug_aranges
                0x00000090       0xa8 obj\release\spl\src\stm32f10x_gpio.o
 .debug_aranges
                0x00000138       0x60 obj\release\spl\src\stm32f10x_pwr.o
 .debug_aranges
                0x00000198      0x118 obj\release\spl\src\stm32f10x_rcc.o
 .debug_aranges
                0x000002b0       0x80 obj\release\spl\src\stm32f10x_rtc.o
 .debug_aranges
                0x00000330      0x2d0 obj\release\spl\src\stm32f10x_tim.o
 .debug_aranges
                0x00000600      0x100 obj\release\spl\src\stm32f10x_usart.o
 .debug_aranges
                0x00000700       0x70 obj\release\src\gtclib.o
 .debug_aranges
                0x00000770       0x68 obj\release\src\hw_config.o
 .debug_aranges
                0x000007d8       0x28 obj\release\src\main.o
 .debug_aranges
                0x00000800       0x58 obj\release\src\sim900a.o
 .debug_aranges
                0x00000858       0x20 obj\release\src\startup_stm32f10x_md.o
 .debug_aranges
                0x00000878       0x50 obj\release\src\stm32_it.o
 .debug_aranges
                0x000008c8       0x28 obj\release\src\system_stm32f10x.o
 .debug_aranges
                0x000008f0       0x38 obj\release\src\timers_conf.o
 .debug_aranges
                0x00000928       0x88 obj\release\src\usart_conf.o
 .debug_aranges
                0x000009b0       0x98 obj\release\src\usb_core.o
 .debug_aranges
                0x00000a48       0x18 obj\release\src\usb_desc.o
 .debug_aranges
                0x00000a60       0x28 obj\release\src\usb_endp.o
 .debug_aranges
                0x00000a88       0x20 obj\release\src\usb_init.o
 .debug_aranges
                0x00000aa8       0x28 obj\release\src\usb_int.o
 .debug_aranges
                0x00000ad0       0x20 obj\release\src\usb_istr.o
 .debug_aranges
                0x00000af0       0x28 obj\release\src\usb_mem.o
 .debug_aranges
                0x00000b18       0x80 obj\release\src\usb_prop.o
 .debug_aranges
                0x00000b98       0x40 obj\release\src\usb_pwr.o
 .debug_aranges
                0x00000bd8      0x1a0 obj\release\src\usb_regs.o
 .debug_aranges
                0x00000d78       0x30 obj\release\src\usb_sil.o

.debug_ranges   0x00000000     0x12b0
 .debug_ranges  0x00000000       0x30 obj\release\spl\src\misc.o
 .debug_ranges  0x00000030       0x40 obj\release\spl\src\stm32f10x_exti.o
 .debug_ranges  0x00000070       0x98 obj\release\spl\src\stm32f10x_gpio.o
 .debug_ranges  0x00000108       0x50 obj\release\spl\src\stm32f10x_pwr.o
 .debug_ranges  0x00000158      0x128 obj\release\spl\src\stm32f10x_rcc.o
 .debug_ranges  0x00000280       0xd0 obj\release\spl\src\stm32f10x_rtc.o
 .debug_ranges  0x00000350      0x3d8 obj\release\spl\src\stm32f10x_tim.o
 .debug_ranges  0x00000728       0xf0 obj\release\spl\src\stm32f10x_usart.o
 .debug_ranges  0x00000818       0xd8 obj\release\src\gtclib.o
 .debug_ranges  0x000008f0       0x58 obj\release\src\hw_config.o
 .debug_ranges  0x00000948       0xa0 obj\release\src\main.o
 .debug_ranges  0x000009e8       0x48 obj\release\src\sim900a.o
 .debug_ranges  0x00000a30       0x40 obj\release\src\stm32_it.o
 .debug_ranges  0x00000a70       0x40 obj\release\src\system_stm32f10x.o
 .debug_ranges  0x00000ab0       0x28 obj\release\src\timers_conf.o
 .debug_ranges  0x00000ad8      0x258 obj\release\src\usart_conf.o
 .debug_ranges  0x00000d30      0x1b0 obj\release\src\usb_core.o
 .debug_ranges  0x00000ee0       0x18 obj\release\src\usb_endp.o
 .debug_ranges  0x00000ef8       0x10 obj\release\src\usb_init.o
 .debug_ranges  0x00000f08       0x30 obj\release\src\usb_int.o
 .debug_ranges  0x00000f38       0x10 obj\release\src\usb_istr.o
 .debug_ranges  0x00000f48       0x18 obj\release\src\usb_mem.o
 .debug_ranges  0x00000f60       0x70 obj\release\src\usb_prop.o
 .debug_ranges  0x00000fd0       0x68 obj\release\src\usb_pwr.o
 .debug_ranges  0x00001038      0x258 obj\release\src\usb_regs.o
 .debug_ranges  0x00001290       0x20 obj\release\src\usb_sil.o

.debug_line     0x00000000     0x5041
 .debug_line    0x00000000      0x1ae obj\release\spl\src\misc.o
 .debug_line    0x000001ae      0x1e8 obj\release\spl\src\stm32f10x_exti.o
 .debug_line    0x00000396      0x357 obj\release\spl\src\stm32f10x_gpio.o
 .debug_line    0x000006ed      0x21d obj\release\spl\src\stm32f10x_pwr.o
 .debug_line    0x0000090a      0x42f obj\release\spl\src\stm32f10x_rcc.o
 .debug_line    0x00000d39      0x278 obj\release\spl\src\stm32f10x_rtc.o
 .debug_line    0x00000fb1      0xbe1 obj\release\spl\src\stm32f10x_tim.o
 .debug_line    0x00001b92      0x41b obj\release\spl\src\stm32f10x_usart.o
 .debug_line    0x00001fad      0x3cc obj\release\src\gtclib.o
 .debug_line    0x00002379      0x2e7 obj\release\src\hw_config.o
 .debug_line    0x00002660      0x377 obj\release\src\main.o
 .debug_line    0x000029d7      0x292 obj\release\src\sim900a.o
 .debug_line    0x00002c69       0xa8 obj\release\src\startup_stm32f10x_md.o
 .debug_line    0x00002d11      0x1a8 obj\release\src\stm32_it.o
 .debug_line    0x00002eb9      0x1ac obj\release\src\system_stm32f10x.o
 .debug_line    0x00003065      0x1ec obj\release\src\timers_conf.o
 .debug_line    0x00003251      0x44f obj\release\src\usart_conf.o
 .debug_line    0x000036a0      0x579 obj\release\src\usb_core.o
 .debug_line    0x00003c19      0x104 obj\release\src\usb_desc.o
 .debug_line    0x00003d1d      0x150 obj\release\src\usb_endp.o
 .debug_line    0x00003e6d      0x133 obj\release\src\usb_init.o
 .debug_line    0x00003fa0      0x1c0 obj\release\src\usb_int.o
 .debug_line    0x00004160      0x1da obj\release\src\usb_istr.o
 .debug_line    0x0000433a      0x14d obj\release\src\usb_mem.o
 .debug_line    0x00004487      0x2b9 obj\release\src\usb_prop.o
 .debug_line    0x00004740      0x283 obj\release\src\usb_pwr.o
 .debug_line    0x000049c3      0x508 obj\release\src\usb_regs.o
 .debug_line    0x00004ecb      0x176 obj\release\src\usb_sil.o

.debug_str      0x00000000     0x3b05
 .debug_str     0x00000000      0x39d obj\release\spl\src\misc.o
                                0x3fe (size before relaxing)
 .debug_str     0x0000039d      0x1a4 obj\release\spl\src\stm32f10x_exti.o
                                0x37a (size before relaxing)
 .debug_str     0x00000541      0x37c obj\release\spl\src\stm32f10x_gpio.o
                                0x570 (size before relaxing)
 .debug_str     0x000008bd      0x10e obj\release\spl\src\stm32f10x_pwr.o
                                0x379 (size before relaxing)
 .debug_str     0x000009cb      0x3ed obj\release\spl\src\stm32f10x_rcc.o
                                0x65a (size before relaxing)
 .debug_str     0x00000db8      0x19f obj\release\spl\src\stm32f10x_rtc.o
                                0x3e0 (size before relaxing)
 .debug_str     0x00000f57      0xb37 obj\release\spl\src\stm32f10x_tim.o
                                0xe30 (size before relaxing)