Archive member included to satisfy reference by file (symbol)

c:/program files (x86)/embitz/1.11/share/em_armgcc/bin/../lib/gcc/arm-none-eabi/5.4.1/../../../../arm-none-eabi/lib/armv7-m\libg_n.a(lib_a-exit.o)
                              c:/program files (x86)/embitz/1.11/share/em_armgcc/bin/../lib/gcc/arm-none-eabi/5.4.1/../../../../arm-none-eabi/lib/armv7-m/crt0.o (exit)
c:/program files (x86)/embitz/1.11/share/em_armgcc/bin/../lib/gcc/arm-none-eabi/5.4.1/../../../../arm-none-eabi/lib/armv7-m\libg_n.a(lib_a-impure.o)
                              c:/program files (x86)/embitz/1.11/share/em_armgcc/bin/../lib/gcc/arm-none-eabi/5.4.1/../../../../arm-none-eabi/lib/armv7-m\libg_n.a(lib_a-exit.o) (_global_impure_ptr)
c:/program files (x86)/embitz/1.11/share/em_armgcc/bin/../lib/gcc/arm-none-eabi/5.4.1/../../../../arm-none-eabi/lib/armv7-m\libg_n.a(lib_a-init.o)
                              c:/program files (x86)/embitz/1.11/share/em_armgcc/bin/../lib/gcc/arm-none-eabi/5.4.1/../../../../arm-none-eabi/lib/armv7-m/crt0.o (__libc_init_array)
c:/program files (x86)/embitz/1.11/share/em_armgcc/bin/../lib/gcc/arm-none-eabi/5.4.1/../../../../arm-none-eabi/lib/armv7-m\libg_n.a(lib_a-memset.o)
                              c:/program files (x86)/embitz/1.11/share/em_armgcc/bin/../lib/gcc/arm-none-eabi/5.4.1/../../../../arm-none-eabi/lib/armv7-m/crt0.o (memset)
c:/program files (x86)/embitz/1.11/share/em_armgcc/bin/../lib/gcc/arm-none-eabi/5.4.1/../../../../arm-none-eabi/lib/armv7-m\libg_n.a(lib_a-sprintf.o)
                              obj\release\src\main.o (sprintf)
c:/program files (x86)/embitz/1.11/share/em_armgcc/bin/../lib/gcc/arm-none-eabi/5.4.1/../../../../arm-none-eabi/lib/armv7-m\libg_n.a(lib_a-strlen.o)
                              obj\release\src\main.o (strlen)
c:/program files (x86)/embitz/1.11/share/em_armgcc/bin/../lib/gcc/arm-none-eabi/5.4.1/../../../../arm-none-eabi/lib/armv7-m\libg_n.a(lib_a-nano-svfprintf.o)
                              c:/program files (x86)/embitz/1.11/share/em_armgcc/bin/../lib/gcc/arm-none-eabi/5.4.1/../../../../arm-none-eabi/lib/armv7-m\libg_n.a(lib_a-sprintf.o) (_svfprintf_r)
c:/program files (x86)/embitz/1.11/share/em_armgcc/bin/../lib/gcc/arm-none-eabi/5.4.1/../../../../arm-none-eabi/lib/armv7-m\libg_n.a(lib_a-nano-vfprintf_i.o)
                              c:/program files (x86)/embitz/1.11/share/em_armgcc/bin/../lib/gcc/arm-none-eabi/5.4.1/../../../../arm-none-eabi/lib/armv7-m\libg_n.a(lib_a-nano-svfprintf.o) (_printf_i)
c:/program files (x86)/embitz/1.11/share/em_armgcc/bin/../lib/gcc/arm-none-eabi/5.4.1/../../../../arm-none-eabi/lib/armv7-m\libg_n.a(lib_a-memchr-stub.o)
                              c:/program files (x86)/embitz/1.11/share/em_armgcc/bin/../lib/gcc/arm-none-eabi/5.4.1/../../../../arm-none-eabi/lib/armv7-m\libg_n.a(lib_a-nano-svfprintf.o) (memchr)
c:/program files (x86)/embitz/1.11/share/em_armgcc/bin/../lib/gcc/arm-none-eabi/5.4.1/../../../../arm-none-eabi/lib/armv7-m\libg_n.a(lib_a-memcpy-stub.o)
                              c:/program files (x86)/embitz/1.11/share/em_armgcc/bin/../lib/gcc/arm-none-eabi/5.4.1/../../../../arm-none-eabi/lib/armv7-m\libg_n.a(lib_a-nano-svfprintf.o) (memcpy)
c:/program files (x86)/embitz/1.11/share/em_armgcc/bin/../lib/gcc/arm-none-eabi/5.4.1/../../../../arm-none-eabi/lib/armv7-m\libg_n.a(lib_a-memmove.o)
                              c:/program files (x86)/embitz/1.11/share/em_armgcc/bin/../lib/gcc/arm-none-eabi/5.4.1/../../../../arm-none-eabi/lib/armv7-m\libg_n.a(lib_a-nano-svfprintf.o) (memmove)
c:/program files (x86)/embitz/1.11/share/em_armgcc/bin/../lib/gcc/arm-none-eabi/5.4.1/../../../../arm-none-eabi/lib/armv7-m\libg_n.a(lib_a-nano-freer.o)
                              c:/program files (x86)/embitz/1.11/share/em_armgcc/bin/../lib/gcc/arm-none-eabi/5.4.1/../../../../arm-none-eabi/lib/armv7-m\libg_n.a(lib_a-nano-svfprintf.o) (_free_r)
c:/program files (x86)/embitz/1.11/share/em_armgcc/bin/../lib/gcc/arm-none-eabi/5.4.1/../../../../arm-none-eabi/lib/armv7-m\libg_n.a(lib_a-nano-mallocr.o)
                              c:/program files (x86)/embitz/1.11/share/em_armgcc/bin/../lib/gcc/arm-none-eabi/5.4.1/../../../../arm-none-eabi/lib/armv7-m\libg_n.a(lib_a-nano-svfprintf.o) (_malloc_r)
c:/program files (x86)/embitz/1.11/share/em_armgcc/bin/../lib/gcc/arm-none-eabi/5.4.1/../../../../arm-none-eabi/lib/armv7-m\libg_n.a(lib_a-nano-reallocr.o)
                              c:/program files (x86)/embitz/1.11/share/em_armgcc/bin/../lib/gcc/arm-none-eabi/5.4.1/../../../../arm-none-eabi/lib/armv7-m\libg_n.a(lib_a-nano-svfprintf.o) (_realloc_r)
c:/program files (x86)/embitz/1.11/share/em_armgcc/bin/../lib/gcc/arm-none-eabi/5.4.1/../../../../arm-none-eabi/lib/armv7-m\libg_n.a(lib_a-sbrkr.o)
                              c:/program files (x86)/embitz/1.11/share/em_armgcc/bin/../lib/gcc/arm-none-eabi/5.4.1/../../../../arm-none-eabi/lib/armv7-m\libg_n.a(lib_a-nano-mallocr.o) (_sbrk_r)
[...]
Memory Configuration

Name             Origin             Length             Attributes
ROM              0x08000000         0x00010000         xr
RAM              0x20000000         0x00005000         xrw
*default*        0x00000000         0xffffffff

Linker script and memory map

LOAD c:/program files (x86)/embitz/1.11/share/em_armgcc/bin/../lib/gcc/arm-none-eabi/5.4.1/armv7-m/crti.o
LOAD c:/program files (x86)/embitz/1.11/share/em_armgcc/bin/../lib/gcc/arm-none-eabi/5.4.1/armv7-m/crtbegin.o
LOAD c:/program files (x86)/embitz/1.11/share/em_armgcc/bin/../lib/gcc/arm-none-eabi/5.4.1/../../../../arm-none-eabi/lib/armv7-m/crt0.o
                0x00000000                __HEAP_SIZE = 0x0
                0x00000100                __STACK_SIZE = 0x100

.text           0x08000000     0x2a30
 *(.isr_vector)
 .isr_vector    0x08000000       0xec obj\release\src\startup_stm32f10x_md.o
                0x08000000                __isr_vector
 *(.text*)
 .text          0x080000ec       0x5c c:/program files (x86)/embitz/1.11/share/em_armgcc/bin/../lib/gcc/arm-none-eabi/5.4.1/armv7-m/crtbegin.o
 .text          0x08000148       0x74 c:/program files (x86)/embitz/1.11/share/em_armgcc/bin/../lib/gcc/arm-none-eabi/5.4.1/../../../../arm-none-eabi/lib/armv7-m/crt0.o
                0x08000148                _start
                0x08000148                _mainCRTStartup
 .text.NVIC_PriorityGroupConfig
                0x080001bc       0x14 obj\release\spl\src\misc.o
                0x080001bc                NVIC_PriorityGroupConfig
 .text.NVIC_Init
                0x080001d0       0x6c obj\release\spl\src\misc.o
                0x080001d0                NVIC_Init
 .text.EXTI_Init
                0x0800023c       0x8c obj\release\spl\src\stm32f10x_exti.o
                0x0800023c                EXTI_Init
 .text.EXTI_ClearITPendingBit
                0x080002c8        0xc obj\release\spl\src\stm32f10x_exti.o
                0x080002c8                EXTI_ClearITPendingBit
 .text.GPIO_Init
                0x080002d4       0xcc obj\release\spl\src\stm32f10x_gpio.o
                0x080002d4                GPIO_Init
 .text.GPIO_StructInit
                0x080003a0       0x10 obj\release\spl\src\stm32f10x_gpio.o
                0x080003a0                GPIO_StructInit
 .text.GPIO_SetBits
                0x080003b0        0x4 obj\release\spl\src\stm32f10x_gpio.o
                0x080003b0                GPIO_SetBits
 .text.GPIO_ResetBits
                0x080003b4        0x4 obj\release\spl\src\stm32f10x_gpio.o
                0x080003b4                GPIO_ResetBits
 .text.GPIO_WriteBit
                0x080003b8        0xc obj\release\spl\src\stm32f10x_gpio.o
                0x080003b8                GPIO_WriteBit
 .text.RCC_USBCLKConfig
                0x080003c4        0xc obj\release\spl\src\stm32f10x_rcc.o
                0x080003c4                RCC_USBCLKConfig
 .text.RCC_GetClocksFreq
                0x080003d0       0x9c obj\release\spl\src\stm32f10x_rcc.o
                0x080003d0                RCC_GetClocksFreq
 .text.RCC_APB2PeriphClockCmd
                0x0800046c       0x1c obj\release\spl\src\stm32f10x_rcc.o
                0x0800046c                RCC_APB2PeriphClockCmd
 .text.RCC_APB1PeriphClockCmd
                0x08000488       0x1c obj\release\spl\src\stm32f10x_rcc.o
                0x08000488                RCC_APB1PeriphClockCmd
 .text.USART_Init
                0x080004a4       0xbc obj\release\spl\src\stm32f10x_usart.o
                0x080004a4                USART_Init
 .text.USART_StructInit
                0x08000560       0x18 obj\release\spl\src\stm32f10x_usart.o
                0x08000560                USART_StructInit
 .text.USART_Cmd
                0x08000578       0x1c obj\release\spl\src\stm32f10x_usart.o
                0x08000578                USART_Cmd
 .text.USART_ITConfig
                0x08000594       0x38 obj\release\spl\src\stm32f10x_usart.o
                0x08000594                USART_ITConfig
 .text.USART_ReceiveData
                0x080005cc        0x8 obj\release\spl\src\stm32f10x_usart.o
                0x080005cc                USART_ReceiveData
 .text.USART_GetITStatus
                0x080005d4       0x48 obj\release\spl\src\stm32f10x_usart.o
                0x080005d4                USART_GetITStatus
 .text.IntToUnicode
                0x0800061c       0x34 obj\release\src\hw_config.o
 .text.Set_System
                0x08000650       0x54 obj\release\src\hw_config.o
                0x08000650                Set_System
 .text.Set_USBClock
                0x080006a4       0x18 obj\release\src\hw_config.o
                0x080006a4                Set_USBClock
 .text.Leave_LowPowerMode
                0x080006bc       0x24 obj\release\src\hw_config.o
                0x080006bc                Leave_LowPowerMode
 .text.USB_Interrupts_Config
                0x080006e0       0x40 obj\release\src\hw_config.o
                0x080006e0                USB_Interrupts_Config
 .text.USB_Cable_Config
                0x08000720       0x18 obj\release\src\hw_config.o
                0x08000720                USB_Cable_Config
 .text.Get_SerialNum
                0x08000738       0x40 obj\release\src\hw_config.o
                0x08000738                Get_SerialNum
 .text.CDC_Send_DATA
                0x08000778       0x30 obj\release\src\hw_config.o
                0x08000778                CDC_Send_DATA
 .text.CDC_Receive_DATA
                0x080007a8       0x18 obj\release\src\hw_config.o
                0x080007a8                CDC_Receive_DATA
 .text.startup.main
                0x080007c0      0x23c obj\release\src\main.o
                0x080007c0                main
 .text.SysTick_Handler
                0x080009fc       0x14 obj\release\src\main.o
                0x080009fc                SysTick_Handler
 .text.enqueue  0x08000a10       0x58 obj\release\src\main.o
                0x08000a10                enqueue
 .text.USART3_IRQHandler
                0x08000a68       0x4c obj\release\src\main.o
                0x08000a68                USART3_IRQHandler
 .text          0x08000ab4       0xb8 obj\release\src\startup_stm32f10x_md.o
                0x08000ab4                Reset_Handler
                0x08000b0c                Default_Handler
                0x08000b0e                WWDG_IRQHandler
                0x08000b10                PVD_IRQHandler
                0x08000b12                TAMPER_IRQHandler
                0x08000b14                RTC_IRQHandler
                0x08000b16                FLASH_IRQHandler
                0x08000b18                RCC_IRQHandler
                0x08000b1a                EXTI0_IRQHandler
                0x08000b1c                EXTI1_IRQHandler
                0x08000b1e                EXTI2_IRQHandler
                0x08000b20                EXTI3_IRQHandler
                0x08000b22                EXTI4_IRQHandler
                0x08000b24                DMA1_Channel1_IRQHandler
                0x08000b26                DMA1_Channel2_IRQHandler
                0x08000b28                DMA1_Channel3_IRQHandler
                0x08000b2a                DMA1_Channel4_IRQHandler
                0x08000b2c                DMA1_Channel5_IRQHandler
                0x08000b2e                DMA1_Channel6_IRQHandler
                0x08000b30                DMA1_Channel7_IRQHandler
                0x08000b32                ADC1_2_IRQHandler
                0x08000b34                USB_HP_CAN1_TX_IRQHandler
                0x08000b38                CAN1_RX1_IRQHandler
                0x08000b3a                CAN1_SCE_IRQHandler
                0x08000b3c                EXTI9_5_IRQHandler
                0x08000b3e                TIM1_BRK_IRQHandler
                0x08000b40                TIM1_UP_IRQHandler
                0x08000b42                TIM1_TRG_COM_IRQHandler
                0x08000b44                TIM1_CC_IRQHandler
                0x08000b46                TIM2_IRQHandler
                0x08000b48                TIM3_IRQHandler
                0x08000b4a                TIM4_IRQHandler
                0x08000b4c                I2C1_EV_IRQHandler
                0x08000b4e                I2C1_ER_IRQHandler
                0x08000b50                I2C2_EV_IRQHandler
                0x08000b52                I2C2_ER_IRQHandler
                0x08000b54                SPI1_IRQHandler
                0x08000b56                SPI2_IRQHandler
                0x08000b58                USART1_IRQHandler
                0x08000b5a                USART2_IRQHandler
                0x08000b5e                EXTI15_10_IRQHandler
                0x08000b60                RTCAlarm_IRQHandler
 .text.NMI_Handler
                0x08000b6c        0x4 obj\release\src\stm32_it.o
                0x08000b6c                NMI_Handler
 .text.HardFault_Handler
                0x08000b70        0x4 obj\release\src\stm32_it.o
                0x08000b70                HardFault_Handler
 .text.MemManage_Handler
                0x08000b74        0x4 obj\release\src\stm32_it.o
                0x08000b74                MemManage_Handler
 .text.BusFault_Handler
                0x08000b78        0x4 obj\release\src\stm32_it.o
                0x08000b78                BusFault_Handler
 .text.UsageFault_Handler
                0x08000b7c        0x4 obj\release\src\stm32_it.o
                0x08000b7c                UsageFault_Handler
 .text.SVC_Handler
                0x08000b80        0x4 obj\release\src\stm32_it.o
                0x08000b80                SVC_Handler
 .text.DebugMon_Handler
                0x08000b84        0x4 obj\release\src\stm32_it.o
                0x08000b84                DebugMon_Handler
 .text.PendSV_Handler
                0x08000b88        0x4 obj\release\src\stm32_it.o
                0x08000b88                PendSV_Handler
 .text.USB_LP_CAN1_RX0_IRQHandler
                0x08000b8c        0x4 obj\release\src\stm32_it.o
                0x08000b8c                USB_LP_CAN1_RX0_IRQHandler
 .text.USBWakeUp_IRQHandler
                0x08000b90        0x8 obj\release\src\stm32_it.o
                0x08000b90                USBWakeUp_IRQHandler
 .text.SystemInit
                0x08000b98      0x104 obj\release\src\system_stm32f10x.o
                0x08000b98                SystemInit
 .text.Standard_GetConfiguration
                0x08000c9c       0x28 obj\release\src\usb_core.o
                0x08000c9c                Standard_GetConfiguration
 .text.Standard_GetInterface
                0x08000cc4       0x28 obj\release\src\usb_core.o
                0x08000cc4                Standard_GetInterface
 .text.Standard_GetStatus
                0x08000cec       0x8c obj\release\src\usb_core.o
                0x08000cec                Standard_GetStatus
 .text.DataStageIn
                0x08000d78       0xb0 obj\release\src\usb_core.o
 .text.Standard_SetConfiguration
                0x08000e28       0x3c obj\release\src\usb_core.o
                0x08000e28                Standard_SetConfiguration
 .text.Standard_SetInterface
                0x08000e64       0x50 obj\release\src\usb_core.o
                0x08000e64                Standard_SetInterface
 .text.Standard_ClearFeature
                0x08000eb4       0xd8 obj\release\src\usb_core.o
                0x08000eb4                Standard_ClearFeature
 .text.Standard_SetEndPointFeature
                0x08000f8c       0x98 obj\release\src\usb_core.o
                0x08000f8c                Standard_SetEndPointFeature
 .text.Standard_GetDescriptorData
                0x08001024       0x1c obj\release\src\usb_core.o
                0x08001024                Standard_GetDescriptorData
 .text.Post0_Process
                0x08001040       0x44 obj\release\src\usb_core.o
                0x08001040                Post0_Process
 .text.Setup0_Process
                0x08001084      0x37c obj\release\src\usb_core.o
                0x08001084                Setup0_Process
 .text.Out0_Process
                0x08001400       0xdc obj\release\src\usb_core.o
                0x08001400                Out0_Process
 .text.In0_Process
                0x080014dc       0xa8 obj\release\src\usb_core.o
                0x080014dc                In0_Process
 .text.SetDeviceAddress
                0x08001584       0x40 obj\release\src\usb_core.o
                0x08001584                SetDeviceAddress
 .text.NOP_Process
                0x080015c4        0x4 obj\release\src\usb_core.o
                0x080015c4                NOP_Process
 .text.EP1_IN_Callback
                0x080015c8        0xc obj\release\src\usb_endp.o
                0x080015c8                EP1_IN_Callback
 .text.EP3_OUT_Callback
                0x080015d4       0x30 obj\release\src\usb_endp.o
                0x080015d4                EP3_OUT_Callback
 .text.USB_Init
                0x08001604       0x38 obj\release\src\usb_init.o
                0x08001604                USB_Init
 .text.CTR_LP   0x0800163c      0x18c obj\release\src\usb_int.o
                0x0800163c                CTR_LP
 .text.USB_Istr
                0x080017c8      0x194 obj\release\src\usb_istr.o
                0x080017c8                USB_Istr
 .text.UserToPMABufferCopy
                0x0800195c       0x28 obj\release\src\usb_mem.o
                0x0800195c                UserToPMABufferCopy
 .text.PMAToUserBufferCopy
                0x08001984       0x20 obj\release\src\usb_mem.o
                0x08001984                PMAToUserBufferCopy
 .text.Virtual_Com_Port_SetConfiguration
                0x080019a4       0x18 obj\release\src\usb_prop.o
                0x080019a4                Virtual_Com_Port_SetConfiguration
 .text.Virtual_Com_Port_SetDeviceAddress
                0x080019bc        0xc obj\release\src\usb_prop.o
                0x080019bc                Virtual_Com_Port_SetDeviceAddress
 .text.Virtual_Com_Port_Status_In
                0x080019c8       0x14 obj\release\src\usb_prop.o
                0x080019c8                Virtual_Com_Port_Status_In
 .text.Virtual_Com_Port_Status_Out
                0x080019dc        0x4 obj\release\src\usb_prop.o
                0x080019dc                Virtual_Com_Port_Status_Out
 .text.Virtual_Com_Port_Data_Setup
                0x080019e0       0x5c obj\release\src\usb_prop.o
                0x080019e0                Virtual_Com_Port_Data_Setup
 .text.Virtual_Com_Port_NoData_Setup
                0x08001a3c       0x24 obj\release\src\usb_prop.o
                0x08001a3c                Virtual_Com_Port_NoData_Setup
 .text.Virtual_Com_Port_Get_Interface_Setting
                0x08001a60       0x10 obj\release\src\usb_prop.o
                0x08001a60                Virtual_Com_Port_Get_Interface_Setting
 .text.Virtual_Com_Port_SetLineCoding
                0x08001a70       0x18 obj\release\src\usb_prop.o
                0x08001a70                Virtual_Com_Port_SetLineCoding
 .text.Virtual_Com_Port_GetLineCoding
                0x08001a88        0x4 obj\release\src\usb_prop.o
                0x08001a88                Virtual_Com_Port_GetLineCoding
 .text.Virtual_Com_Port_init
                0x08001a8c       0x24 obj\release\src\usb_prop.o
                0x08001a8c                Virtual_Com_Port_init
 .text.Virtual_Com_Port_Reset
                0x08001ab0       0xe0 obj\release\src\usb_prop.o
                0x08001ab0                Virtual_Com_Port_Reset
 .text.Virtual_Com_Port_GetDeviceDescriptor
                0x08001b90        0xc obj\release\src\usb_prop.o
                0x08001b90                Virtual_Com_Port_GetDeviceDescriptor
 .text.Virtual_Com_Port_GetConfigDescriptor
                0x08001b9c        0xc obj\release\src\usb_prop.o
                0x08001b9c                Virtual_Com_Port_GetConfigDescriptor
 .text.Virtual_Com_Port_GetStringDescriptor
                0x08001ba8       0x20 obj\release\src\usb_prop.o
                0x08001ba8                Virtual_Com_Port_GetStringDescriptor
 .text.PowerOn  0x08001bc8       0x30 obj\release\src\usb_pwr.o
                0x08001bc8                PowerOn
 .text.Suspend  0x08001bf8       0xb0 obj\release\src\usb_pwr.o
                0x08001bf8                Suspend
 .text.Resume   0x08001ca8       0xd8 obj\release\src\usb_pwr.o
                0x08001ca8                Resume
 .text.SetBTABLE
                0x08001d80       0x10 obj\release\src\usb_regs.o
                0x08001d80                SetBTABLE
 .text.SetEPType
                0x08001d90       0x1c obj\release\src\usb_regs.o
                0x08001d90                SetEPType
 .text.SetEPTxStatus
                0x08001dac       0x34 obj\release\src\usb_regs.o
                0x08001dac                SetEPTxStatus
 .text.SetEPRxStatus
                0x08001de0       0x34 obj\release\src\usb_regs.o
                0x08001de0                SetEPRxStatus
 .text.SetEPTxValid
                0x08001e14       0x28 obj\release\src\usb_regs.o
                0x08001e14                SetEPTxValid
 .text.SetEPRxValid
                0x08001e3c       0x28 obj\release\src\usb_regs.o
                0x08001e3c                SetEPRxValid
 .text.ClearEPDoubleBuff
                0x08001e64       0x20 obj\release\src\usb_regs.o
                0x08001e64                ClearEPDoubleBuff
 .text.Clear_Status_Out
                0x08001e84        0x4 obj\release\src\usb_regs.o
                0x08001e84                Clear_Status_Out
 .text.ClearDTOG_RX
                0x08001e88       0x24 obj\release\src\usb_regs.o
                0x08001e88                ClearDTOG_RX
 .text.ClearDTOG_TX
                0x08001eac       0x24 obj\release\src\usb_regs.o
                0x08001eac                ClearDTOG_TX
 .text.SetEPTxCount
                0x08001ed0       0x1c obj\release\src\usb_regs.o
                0x08001ed0                SetEPTxCount
 .text.SetEPRxCount
                0x08001eec       0x44 obj\release\src\usb_regs.o
                0x08001eec                SetEPRxCount
 .text.SetEPDblBuf0Addr
                0x08001f30       0x20 obj\release\src\usb_regs.o
                0x08001f30                SetEPDblBuf0Addr
 .text.SetEPTxAddr
                0x08001f50        0x4 obj\release\src\usb_regs.o
                0x08001f50                SetEPTxAddr
 .text.SetEPDblBuf1Addr
                0x08001f54       0x20 obj\release\src\usb_regs.o
                0x08001f54                SetEPDblBuf1Addr
 .text.SetEPRxAddr
                0x08001f74        0x4 obj\release\src\usb_regs.o
                0x08001f74                SetEPRxAddr
 .text.GetEPDblBuf0Addr
                0x08001f78       0x1c obj\release\src\usb_regs.o
                0x08001f78                GetEPDblBuf0Addr
 .text.GetEPTxAddr
                0x08001f94        0x4 obj\release\src\usb_regs.o
                0x08001f94                GetEPTxAddr
 .text.GetEPDblBuf1Addr
                0x08001f98       0x1c obj\release\src\usb_regs.o
                0x08001f98                GetEPDblBuf1Addr
 .text.GetEPRxAddr
                0x08001fb4        0x4 obj\release\src\usb_regs.o
                0x08001fb4                GetEPRxAddr
 .text.GetEPDblBuf1Count
                0x08001fb8       0x20 obj\release\src\usb_regs.o
                0x08001fb8                GetEPDblBuf1Count
 .text.GetEPRxCount
                0x08001fd8        0x4 obj\release\src\usb_regs.o
                0x08001fd8                GetEPRxCount
 .text.ByteSwap
                0x08001fdc        0xc obj\release\src\usb_regs.o
                0x08001fdc                ByteSwap
 .text.USB_SIL_Init
                0x08001fe8       0x24 obj\release\src\usb_sil.o
                0x08001fe8                USB_SIL_Init
 .text.exit     0x0800200c       0x28 c:/program files (x86)/embitz/1.11/share/em_armgcc/bin/../lib/gcc/arm-none-eabi/5.4.1/../../../../arm-none-eabi/lib/armv7-m\libg_n.a(lib_a-exit.o)
                0x0800200c                exit
 .text.__libc_init_array
                0x08002034       0x4c c:/program files (x86)/embitz/1.11/share/em_armgcc/bin/../lib/gcc/arm-none-eabi/5.4.1/../../../../arm-none-eabi/lib/armv7-m\libg_n.a(lib_a-init.o)
                0x08002034                __libc_init_array
 .text.memset   0x08002080       0x10 c:/program files (x86)/embitz/1.11/share/em_armgcc/bin/../lib/gcc/arm-none-eabi/5.4.1/../../../../arm-none-eabi/lib/armv7-m\libg_n.a(lib_a-memset.o)
                0x08002080                memset
 .text.sprintf  0x08002090       0x48 c:/program files (x86)/embitz/1.11/share/em_armgcc/bin/../lib/gcc/arm-none-eabi/5.4.1/../../../../arm-none-eabi/lib/armv7-m\libg_n.a(lib_a-sprintf.o)
                0x08002090                siprintf
                0x08002090                sprintf
 .text          0x080020d8       0x10 c:/program files (x86)/embitz/1.11/share/em_armgcc/bin/../lib/gcc/arm-none-eabi/5.4.1/../../../../arm-none-eabi/lib/armv7-m\libg_n.a(lib_a-strlen.o)
                0x080020d8                strlen
 .text.__ssputs_r
                0x080020e8       0xb2 c:/program files (x86)/embitz/1.11/share/em_armgcc/bin/../lib/gcc/arm-none-eabi/5.4.1/../../../../arm-none-eabi/lib/armv7-m\libg_n.a(lib_a-nano-svfprintf.o)
                0x080020e8                __ssputs_r
 *fill*         0x0800219a        0x2 
 .text._svfprintf_r
                0x0800219c      0x1e8 c:/program files (x86)/embitz/1.11/share/em_armgcc/bin/../lib/gcc/arm-none-eabi/5.4.1/../../../../arm-none-eabi/lib/armv7-m\libg_n.a(lib_a-nano-svfprintf.o)
                0x0800219c                _svfiprintf_r
                0x0800219c                _svfprintf_r
 .text._printf_common
                0x08002384       0xec c:/program files (x86)/embitz/1.11/share/em_armgcc/bin/../lib/gcc/arm-none-eabi/5.4.1/../../../../arm-none-eabi/lib/armv7-m\libg_n.a(lib_a-nano-vfprintf_i.o)
                0x08002384                _printf_common
 .text._printf_i
                0x08002470      0x24c c:/program files (x86)/embitz/1.11/share/em_armgcc/bin/../lib/gcc/arm-none-eabi/5.4.1/../../../../arm-none-eabi/lib/armv7-m\libg_n.a(lib_a-nano-vfprintf_i.o)
                0x08002470                _printf_i
 .text.memchr   0x080026bc       0x1c c:/program files (x86)/embitz/1.11/share/em_armgcc/bin/../lib/gcc/arm-none-eabi/5.4.1/../../../../arm-none-eabi/lib/armv7-m\libg_n.a(lib_a-memchr-stub.o)
                0x080026bc                memchr
 .text.memcpy   0x080026d8       0x16 c:/program files (x86)/embitz/1.11/share/em_armgcc/bin/../lib/gcc/arm-none-eabi/5.4.1/../../../../arm-none-eabi/lib/armv7-m\libg_n.a(lib_a-memcpy-stub.o)
                0x080026d8                memcpy
 .text.memmove  0x080026ee       0x36 c:/program files (x86)/embitz/1.11/share/em_armgcc/bin/../lib/gcc/arm-none-eabi/5.4.1/../../../../arm-none-eabi/lib/armv7-m\libg_n.a(lib_a-memmove.o)
                0x080026ee                memmove
 .text._free_r  0x08002724       0x98 c:/program files (x86)/embitz/1.11/share/em_armgcc/bin/../lib/gcc/arm-none-eabi/5.4.1/../../../../arm-none-eabi/lib/armv7-m\libg_n.a(lib_a-nano-freer.o)
                0x08002724                _free_r
 .text._malloc_r
                0x080027bc       0xbc c:/program files (x86)/embitz/1.11/share/em_armgcc/bin/../lib/gcc/arm-none-eabi/5.4.1/../../../../arm-none-eabi/lib/armv7-m\libg_n.a(lib_a-nano-mallocr.o)
                0x080027bc                _malloc_r
 .text._realloc_r
                0x08002878       0x4c c:/program files (x86)/embitz/1.11/share/em_armgcc/bin/../lib/gcc/arm-none-eabi/5.4.1/../../../../arm-none-eabi/lib/armv7-m\libg_n.a(lib_a-nano-reallocr.o)
                0x08002878                _realloc_r
 .text._sbrk_r  0x080028c4       0x20 c:/program files (x86)/embitz/1.11/share/em_armgcc/bin/../lib/gcc/arm-none-eabi/5.4.1/../../../../arm-none-eabi/lib/armv7-m\libg_n.a(lib_a-sbrkr.o)
                0x080028c4                _sbrk_r
 .text.__malloc_lock
                0x080028e4        0x2 c:/program files (x86)/embitz/1.11/share/em_armgcc/bin/../lib/gcc/arm-none-eabi/5.4.1/../../../../arm-none-eabi/lib/armv7-m\libg_n.a(lib_a-mlock.o)
                0x080028e4                __malloc_lock
 .text.__malloc_unlock
                0x080028e6        0x2 c:/program files (x86)/embitz/1.11/share/em_armgcc/bin/../lib/gcc/arm-none-eabi/5.4.1/../../../../arm-none-eabi/lib/armv7-m\libg_n.a(lib_a-mlock.o)
                0x080028e6                __malloc_unlock
 .text._malloc_usable_size_r
                0x080028e8       0x14 c:/program files (x86)/embitz/1.11/share/em_armgcc/bin/../lib/gcc/arm-none-eabi/5.4.1/../../../../arm-none-eabi/lib/armv7-m\libg_n.a(lib_a-nano-msizer.o)
                0x080028e8                _malloc_usable_size_r
 .text._sbrk    0x080028fc       0x1c c:/program files (x86)/embitz/1.11/share/em_armgcc/bin/../lib/gcc/arm-none-eabi/5.4.1/../../../../arm-none-eabi/lib/armv7-m\libnosys_s.a(sbrk.o)
                0x080028fc                _sbrk
 .text._exit    0x08002918        0x2 c:/program files (x86)/embitz/1.11/share/em_armgcc/bin/../lib/gcc/arm-none-eabi/5.4.1/../../../../arm-none-eabi/lib/armv7-m\libnosys_s.a(_exit.o)
                0x08002918                _exit
 *(.init)
 *fill*         0x0800291a        0x2 
 .init          0x0800291c        0x4 c:/program files (x86)/embitz/1.11/share/em_armgcc/bin/../lib/gcc/arm-none-eabi/5.4.1/armv7-m/crti.o
                0x0800291c                _init
 .init          0x08002920        0x8 c:/program files (x86)/embitz/1.11/share/em_armgcc/bin/../lib/gcc/arm-none-eabi/5.4.1/armv7-m/crtn.o
 *(.fini)
 .fini          0x08002928        0x4 c:/program files (x86)/embitz/1.11/share/em_armgcc/bin/../lib/gcc/arm-none-eabi/5.4.1/armv7-m/crti.o
                0x08002928                _fini
 .fini          0x0800292c        0x8 c:/program files (x86)/embitz/1.11/share/em_armgcc/bin/../lib/gcc/arm-none-eabi/5.4.1/armv7-m/crtn.o
 *crtbegin.o(.ctors)
 *crtbegin?.o(.ctors)
 *(EXCLUDE_FILE(*crtend.o *crtend?.o) .ctors)
 *(SORT(.ctors.*))
 *(.ctors)
 *crtbegin.o(.dtors)
 *crtbegin?.o(.dtors)
 *(EXCLUDE_FILE(*crtend.o *crtend?.o) .dtors)
 *(SORT(.dtors.*))
 *(.dtors)
 *(.rodata*)
 .rodata.str1.4
                0x08002934        0x4 obj\release\src\main.o
 .rodata.Virtual_Com_Port_StringVendor
                0x08002938       0x26 obj\release\src\usb_desc.o
                0x08002938                Virtual_Com_Port_StringVendor
 *fill*         0x0800295e        0x2 
 .rodata.Virtual_Com_Port_DeviceDescriptor
                0x08002960       0x12 obj\release\src\usb_desc.o
                0x08002960                Virtual_Com_Port_DeviceDescriptor
 *fill*         0x08002972        0x2 
 .rodata.Virtual_Com_Port_StringLangID
                0x08002974        0x4 obj\release\src\usb_desc.o
                0x08002974                Virtual_Com_Port_StringLangID
 .rodata.Virtual_Com_Port_StringProduct
                0x08002978       0x32 obj\release\src\usb_desc.o
                0x08002978                Virtual_Com_Port_StringProduct
 *fill*         0x080029aa        0x2 
 .rodata.Virtual_Com_Port_ConfigDescriptor
                0x080029ac       0x43 obj\release\src\usb_desc.o
                0x080029ac                Virtual_Com_Port_ConfigDescriptor
 .rodata.str1.1
                0x080029ef        0x2 c:/program files (x86)/embitz/1.11/share/em_armgcc/bin/../lib/gcc/arm-none-eabi/5.4.1/../../../../arm-none-eabi/lib/armv7-m\libg_n.a(lib_a-impure.o)
 *fill*         0x080029f1        0x3 
 .rodata._global_impure_ptr
                0x080029f4        0x4 c:/program files (x86)/embitz/1.11/share/em_armgcc/bin/../lib/gcc/arm-none-eabi/5.4.1/../../../../arm-none-eabi/lib/armv7-m\libg_n.a(lib_a-impure.o)
                0x080029f4                _global_impure_ptr
 .rodata.str1.1
                0x080029f8       0x11 c:/program files (x86)/embitz/1.11/share/em_armgcc/bin/../lib/gcc/arm-none-eabi/5.4.1/../../../../arm-none-eabi/lib/armv7-m\libg_n.a(lib_a-nano-svfprintf.o)
 .rodata.str1.1
                0x08002a09       0x22 c:/program files (x86)/embitz/1.11/share/em_armgcc/bin/../lib/gcc/arm-none-eabi/5.4.1/../../../../arm-none-eabi/lib/armv7-m\libg_n.a(lib_a-nano-vfprintf_i.o)
 *(.eh_frame*)
 *fill*         0x08002a2b        0x1 
 .eh_frame      0x08002a2c        0x0 c:/program files (x86)/embitz/1.11/share/em_armgcc/bin/../lib/gcc/arm-none-eabi/5.4.1/armv7-m/crtbegin.o
 .eh_frame      0x08002a2c        0x4 c:/program files (x86)/embitz/1.11/share/em_armgcc/bin/../lib/gcc/arm-none-eabi/5.4.1/armv7-m/crtend.o

.glue_7         0x08002a30        0x0
 .glue_7        0x08002a30        0x0 linker stubs

.glue_7t        0x08002a30        0x0
 .glue_7t       0x08002a30        0x0 linker stubs

.vfp11_veneer   0x08002a30        0x0
 .vfp11_veneer  0x08002a30        0x0 linker stubs

.v4_bx          0x08002a30        0x0
 .v4_bx         0x08002a30        0x0 linker stubs

.iplt           0x08002a30        0x0
 .iplt          0x08002a30        0x0 c:/program files (x86)/embitz/1.11/share/em_armgcc/bin/../lib/gcc/arm-none-eabi/5.4.1/armv7-m/crtbegin.o

.ARM.extab
 *(.ARM.extab* .gnu.linkonce.armextab.*)
                0x08002a30                __exidx_start = .

.ARM.exidx      0x08002a30        0x8
 *(.ARM.exidx* .gnu.linkonce.armexidx.*)
 .ARM.exidx     0x08002a30        0x8 c:/program files (x86)/embitz/1.11/share/em_armgcc/bin/../lib/gcc/arm-none-eabi/5.4.1/../../../../arm-none-eabi/lib/armv7-m/crt0.o
                0x08002a38                __exidx_end = .
                0x08002a38                __etext = .

.rel.dyn        0x08002a38        0x0
 .rel.iplt      0x08002a38        0x0 c:/program files (x86)/embitz/1.11/share/em_armgcc/bin/../lib/gcc/arm-none-eabi/5.4.1/armv7-m/crtbegin.o

.data           0x20000000      0x1a8 load address 0x08002a38
                0x20000000                __data_start__ = .
 *(vtable)
 *(.data*)
 .data.ADCPrescTable
                0x20000000        0x4 obj\release\spl\src\stm32f10x_rcc.o
 .data.APBAHBPrescTable
                0x20000004       0x10 obj\release\spl\src\stm32f10x_rcc.o
 .data.packet_sent
                0x20000014        0x4 obj\release\src\main.o
                0x20000014                packet_sent
 .data.packet_receive
                0x20000018        0x4 obj\release\src\main.o
                0x20000018                packet_receive
 .data.welcome_msg
                0x2000001c       0x35 obj\release\src\main.o
                0x2000001c                welcome_msg
 *fill*         0x20000051        0x3 
 .data.SystemCoreClock
                0x20000054        0x4 obj\release\src\system_stm32f10x.o
                0x20000054                SystemCoreClock
 .data.Virtual_Com_Port_StringSerial
                0x20000058       0x1a obj\release\src\usb_desc.o
                0x20000058                Virtual_Com_Port_StringSerial
 *fill*         0x20000072        0x2 
 .data.pEpInt_IN
                0x20000074       0x1c obj\release\src\usb_istr.o
                0x20000074                pEpInt_IN
 .data.pEpInt_OUT
                0x20000090       0x1c obj\release\src\usb_istr.o
                0x20000090                pEpInt_OUT
 .data.Config_Descriptor
                0x200000ac        0x8 obj\release\src\usb_prop.o
                0x200000ac                Config_Descriptor
 .data.Device_Property
                0x200000b4       0x30 obj\release\src\usb_prop.o
                0x200000b4                Device_Property
 .data.User_Standard_Requests
                0x200000e4       0x24 obj\release\src\usb_prop.o
                0x200000e4                User_Standard_Requests
 .data.Device_Descriptor
                0x20000108        0x8 obj\release\src\usb_prop.o
                0x20000108                Device_Descriptor
 .data.String_Descriptor
                0x20000110       0x20 obj\release\src\usb_prop.o
                0x20000110                String_Descriptor
 .data.linecoding
                0x20000130        0x8 obj\release\src\usb_prop.o
                0x20000130                linecoding
 .data.Device_Table
                0x20000138        0x2 obj\release\src\usb_prop.o
                0x20000138                Device_Table
 .data.fSuspendEnabled
                0x2000013a        0x1 obj\release\src\usb_pwr.o
                0x2000013a                fSuspendEnabled
 *fill*         0x2000013b        0x1 
 .data.impure_data
                0x2000013c       0x60 c:/program files (x86)/embitz/1.11/share/em_armgcc/bin/../lib/gcc/arm-none-eabi/5.4.1/../../../../arm-none-eabi/lib/armv7-m\libg_n.a(lib_a-impure.o)
 .data._impure_ptr
                0x2000019c        0x4 c:/program files (x86)/embitz/1.11/share/em_armgcc/bin/../lib/gcc/arm-none-eabi/5.4.1/../../../../arm-none-eabi/lib/armv7-m\libg_n.a(lib_a-impure.o)
                0x2000019c                _impure_ptr
                0x200001a0                . = ALIGN (0x4)
                0x200001a0                PROVIDE (__preinit_array_start, .)
 *(.preinit_array)
                0x200001a0                PROVIDE (__preinit_array_end, .)
                0x200001a0                . = ALIGN (0x4)
                0x200001a0                PROVIDE (__init_array_start, .)
 *(SORT(.init_array.*))
 *(.init_array)
 .init_array    0x200001a0        0x4 c:/program files (x86)/embitz/1.11/share/em_armgcc/bin/../lib/gcc/arm-none-eabi/5.4.1/armv7-m/crtbegin.o
                0x200001a4                PROVIDE (__init_array_end, .)
                0x200001a4                . = ALIGN (0x4)
                [!provide]                PROVIDE (__fini_array_start, .)
 *(SORT(.fini_array.*))
 *(.fini_array)
 .fini_array    0x200001a4        0x4 c:/program files (x86)/embitz/1.11/share/em_armgcc/bin/../lib/gcc/arm-none-eabi/5.4.1/armv7-m/crtbegin.o
                [!provide]                PROVIDE (__fini_array_end, .)
                0x200001a8                . = ALIGN (0x4)
                0x200001a8                __data_end__ = .

.jcr            0x200001a8        0x0 load address 0x08002be0
 .jcr           0x200001a8        0x0 c:/program files (x86)/embitz/1.11/share/em_armgcc/bin/../lib/gcc/arm-none-eabi/5.4.1/armv7-m/crtbegin.o

.igot.plt       0x200001a8        0x0 load address 0x08002be0
 .igot.plt      0x200001a8        0x0 c:/program files (x86)/embitz/1.11/share/em_armgcc/bin/../lib/gcc/arm-none-eabi/5.4.1/armv7-m/crtbegin.o

.bss            0x200001a8      0x28c load address 0x08002be0
                0x200001a8                __bss_start__ = .
 *(.bss*)
 .bss           0x200001a8       0x1c c:/program files (x86)/embitz/1.11/share/em_armgcc/bin/../lib/gcc/arm-none-eabi/5.4.1/armv7-m/crtbegin.o
 .bss.USART3_head
                0x200001c4        0x2 obj\release\src\main.o
                0x200001c4                USART3_head
 *fill*         0x200001c6        0x2 
 .bss.led_state
                0x200001c8        0x4 obj\release\src\main.o
                0x200001c8                led_state
 .bss.USART3_overflow
                0x200001cc        0x1 obj\release\src\main.o
                0x200001cc                USART3_overflow
 .bss.USART3_empty
                0x200001cd        0x1 obj\release\src\main.o
                0x200001cd                USART3_empty
 *fill*         0x200001ce        0x2 
 .bss.TimingDelay
                0x200001d0        0x4 obj\release\src\main.o
 .bss.USART3_tail
                0x200001d4        0x2 obj\release\src\main.o
                0x200001d4                USART3_tail
 .bss.Data_Mul_MaxPacketSize
                0x200001d6        0x1 obj\release\src\usb_core.o
                0x200001d6                Data_Mul_MaxPacketSize
 *fill*         0x200001d7        0x1 
 .bss.wCNTR     0x200001d8        0x4 obj\release\src\usb_istr.o
                0x200001d8                wCNTR
 .bss.bIntPackSOF
                0x200001dc        0x1 obj\release\src\usb_istr.o
                0x200001dc                bIntPackSOF
 *fill*         0x200001dd        0x3 
 .bss.esof_counter
                0x200001e0        0x4 obj\release\src\usb_istr.o
                0x200001e0                esof_counter
 .bss.Request   0x200001e4        0x1 obj\release\src\usb_prop.o
                0x200001e4                Request
 *fill*         0x200001e5        0x3 
 .bss.bDeviceState
                0x200001e8        0x4 obj\release\src\usb_pwr.o
                0x200001e8                bDeviceState
 .bss.remotewakeupon
                0x200001ec        0x4 obj\release\src\usb_pwr.o
                0x200001ec                remotewakeupon
 .bss.__malloc_sbrk_start
                0x200001f0        0x4 c:/program files (x86)/embitz/1.11/share/em_armgcc/bin/../lib/gcc/arm-none-eabi/5.4.1/../../../../arm-none-eabi/lib/armv7-m\libg_n.a(lib_a-nano-mallocr.o)
                0x200001f0                __malloc_sbrk_start
 .bss.__malloc_free_list
                0x200001f4        0x4 c:/program files (x86)/embitz/1.11/share/em_armgcc/bin/../lib/gcc/arm-none-eabi/5.4.1/../../../../arm-none-eabi/lib/armv7-m\libg_n.a(lib_a-nano-mallocr.o)
                0x200001f4                __malloc_free_list
 .bss.heap_end.4167
                0x200001f8        0x4 c:/program files (x86)/embitz/1.11/share/em_armgcc/bin/../lib/gcc/arm-none-eabi/5.4.1/../../../../arm-none-eabi/lib/armv7-m\libnosys_s.a(sbrk.o)
 *(COMMON)
 COMMON         0x200001fc       0x50 obj\release\src\hw_config.o
                0x200001fc                HSEStartUpStatus
                0x20000200                Receive_Buffer
                0x20000240                EXTI_InitStructure
                0x20000248                Send_length
 COMMON         0x2000024c      0x180 obj\release\src\main.o
                0x2000024c                USART3_buffer
                0x2000038c                Send_Buffer
 COMMON         0x200003cc        0x2 obj\release\src\usb_core.o
                0x200003cc                StatusInfo
 *fill*         0x200003ce        0x2 
 COMMON         0x200003d0        0x4 obj\release\src\usb_endp.o
                0x200003d0                Receive_length
 COMMON         0x200003d4       0x32 obj\release\src\usb_init.o
                0x200003d4                SaveState
                0x200003d8                pProperty
                0x200003dc                EPindex
                0x200003e0                Device_Info
                0x200003fc                pUser_Standard_Requests
                0x20000400                pInformation
                0x20000404                wInterrupt_Mask
 COMMON         0x20000406        0x4 obj\release\src\usb_int.o
                0x20000406                SaveRState
                0x20000408                SaveTState
 COMMON         0x2000040a        0x2 obj\release\src\usb_istr.o
                0x2000040a                wIstr
 COMMON         0x2000040c       0x24 obj\release\src\usb_pwr.o
                0x2000040c                ResumeS
                0x20000410                EP
 COMMON         0x20000430        0x4 c:/program files (x86)/embitz/1.11/share/em_armgcc/bin/../lib/gcc/arm-none-eabi/5.4.1/../../../../arm-none-eabi/lib/armv7-m\libg_n.a(lib_a-reent.o)
                0x20000430                errno
                0x20000434                __bss_end__ = .

.heap           0x20000438        0x0
                0x20000438                __end__ = .
                0x20000438                end = __end__
 *(.heap*)
 .heap          0x20000438        0x0 obj\release\src\startup_stm32f10x_md.o
                0x20000438                __HeapLimit = .

.stack_dummy    0x20000438      0x100
 *(.stack)
 .stack         0x20000438      0x100 obj\release\src\startup_stm32f10x_md.o
                0x20005000                __StackTop = (ORIGIN (RAM) + LENGTH (RAM))
                0x20004f00                __StackLimit = (__StackTop - SIZEOF (.stack_dummy))
                0x20005000                PROVIDE (__stack, __StackTop)
                0x00000001                ASSERT ((__StackLimit >= __HeapLimit), region RAM overflowed with stack)
LOAD obj\release\spl\src\misc.o
LOAD obj\release\spl\src\stm32f10x_adc.o
LOAD obj\release\spl\src\stm32f10x_bkp.o
LOAD obj\release\spl\src\stm32f10x_can.o
LOAD obj\release\spl\src\stm32f10x_cec.o
LOAD obj\release\spl\src\stm32f10x_crc.o
LOAD obj\release\spl\src\stm32f10x_dac.o
LOAD obj\release\spl\src\stm32f10x_dbgmcu.o
LOAD obj\release\spl\src\stm32f10x_dma.o
LOAD obj\release\spl\src\stm32f10x_exti.o
LOAD obj\release\spl\src\stm32f10x_flash.o
LOAD obj\release\spl\src\stm32f10x_fsmc.o
LOAD obj\release\spl\src\stm32f10x_gpio.o
LOAD obj\release\spl\src\stm32f10x_i2c.o
LOAD obj\release\spl\src\stm32f10x_iwdg.o
LOAD obj\release\spl\src\stm32f10x_pwr.o
LOAD obj\release\spl\src\stm32f10x_rcc.o
LOAD obj\release\spl\src\stm32f10x_rtc.o
LOAD obj\release\spl\src\stm32f10x_sdio.o
LOAD obj\release\spl\src\stm32f10x_spi.o
LOAD obj\release\spl\src\stm32f10x_tim.o
LOAD obj\release\spl\src\stm32f10x_usart.o
LOAD obj\release\spl\src\stm32f10x_wwdg.o
LOAD obj\release\src\hw_config.o
LOAD obj\release\src\main.o
LOAD obj\release\src\startup_stm32f10x_md.o
LOAD obj\release\src\stm3210b_eval.o
LOAD obj\release\src\stm3210b_eval_i2c_tsensor.o
LOAD obj\release\src\stm3210b_eval_spi_flash.o
LOAD obj\release\src\stm3210b_eval_spi_sd.o
LOAD obj\release\src\stm32_it.o
LOAD obj\release\src\system_stm32f10x.o
LOAD obj\release\src\usb_core.o
LOAD obj\release\src\usb_desc.o
LOAD obj\release\src\usb_endp.o
LOAD obj\release\src\usb_init.o
LOAD obj\release\src\usb_int.o
LOAD obj\release\src\usb_istr.o
LOAD obj\release\src\usb_mem.o
LOAD obj\release\src\usb_prop.o
LOAD obj\release\src\usb_pwr.o
LOAD obj\release\src\usb_regs.o
LOAD obj\release\src\usb_sil.o
START GROUP
LOAD c:/program files (x86)/embitz/1.11/share/em_armgcc/bin/../lib/gcc/arm-none-eabi/5.4.1/armv7-m\libgcc.a
LOAD c:/program files (x86)/embitz/1.11/share/em_armgcc/bin/../lib/gcc/arm-none-eabi/5.4.1/../../../../arm-none-eabi/lib/armv7-m\libg_n.a
LOAD c:/program files (x86)/embitz/1.11/share/em_armgcc/bin/../lib/gcc/arm-none-eabi/5.4.1/../../../../arm-none-eabi/lib/armv7-m\libc_n.a
END GROUP
START GROUP
LOAD c:/program files (x86)/embitz/1.11/share/em_armgcc/bin/../lib/gcc/arm-none-eabi/5.4.1/armv7-m\libgcc.a
LOAD c:/program files (x86)/embitz/1.11/share/em_armgcc/bin/../lib/gcc/arm-none-eabi/5.4.1/../../../../arm-none-eabi/lib/armv7-m\libc_n.a
LOAD c:/program files (x86)/embitz/1.11/share/em_armgcc/bin/../lib/gcc/arm-none-eabi/5.4.1/../../../../arm-none-eabi/lib/armv7-m\libnosys_s.a
END GROUP
LOAD c:/program files (x86)/embitz/1.11/share/em_armgcc/bin/../lib/gcc/arm-none-eabi/5.4.1/armv7-m/crtend.o
LOAD c:/program files (x86)/embitz/1.11/share/em_armgcc/bin/../lib/gcc/arm-none-eabi/5.4.1/armv7-m/crtn.o
OUTPUT(bin\Release\cobalagi.elf elf32-littlearm)

.ARM.attributes
                0x00000000       0x29
 .ARM.attributes
                0x00000000       0x1d c:/program files (x86)/embitz/1.11/share/em_armgcc/bin/../lib/gcc/arm-none-eabi/5.4.1/armv7-m/crti.o
 .ARM.attributes
                0x0000001d       0x2d c:/program files (x86)/embitz/1.11/share/em_armgcc/bin/../lib/gcc/arm-none-eabi/5.4.1/armv7-m/crtbegin.o
 .ARM.attributes
                0x0000004a       0x1b c:/program files (x86)/embitz/1.11/share/em_armgcc/bin/../lib/gcc/arm-none-eabi/5.4.1/../../../../arm-none-eabi/lib/armv7-m/crt0.o
 .ARM.attributes
                0x00000065       0x33 obj\release\spl\src\misc.o
 .ARM.attributes
                0x00000098       0x33 obj\release\spl\src\stm32f10x_exti.o
 .ARM.attributes
                0x000000cb       0x33 obj\release\spl\src\stm32f10x_gpio.o
 .ARM.attributes
                0x000000fe       0x33 obj\release\spl\src\stm32f10x_rcc.o
 .ARM.attributes
                0x00000131       0x33 obj\release\spl\src\stm32f10x_usart.o
 .ARM.attributes
                0x00000164       0x33 obj\release\src\hw_config.o
 .ARM.attributes
                0x00000197       0x33 obj\release\src\main.o
 .ARM.attributes
                0x000001ca       0x1b obj\release\src\startup_stm32f10x_md.o
 .ARM.attributes
                0x000001e5       0x33 obj\release\src\stm32_it.o
 .ARM.attributes
                0x00000218       0x33 obj\release\src\system_stm32f10x.o
 .ARM.attributes
                0x0000024b       0x33 obj\release\src\usb_core.o
 .ARM.attributes
                0x0000027e       0x33 obj\release\src\usb_desc.o
 .ARM.attributes
                0x000002b1       0x33 obj\release\src\usb_endp.o
 .ARM.attributes
                0x000002e4       0x33 obj\release\src\usb_init.o
 .ARM.attributes
                0x00000317       0x33 obj\release\src\usb_int.o
 .ARM.attributes
                0x0000034a       0x33 obj\release\src\usb_istr.o
 .ARM.attributes
                0x0000037d       0x33 obj\release\src\usb_mem.o
 .ARM.attributes
                0x000003b0       0x33 obj\release\src\usb_prop.o
 .ARM.attributes
                0x000003e3       0x33 obj\release\src\usb_pwr.o
 .ARM.attributes
                0x00000416       0x33 obj\release\src\usb_regs.o
 .ARM.attributes
                0x00000449       0x33 obj\release\src\usb_sil.o
 .ARM.attributes
                0x0000047c       0x2d c:/program files (x86)/embitz/1.11/share/em_armgcc/bin/../lib/gcc/arm-none-eabi/5.4.1/../../../../arm-none-eabi/lib/armv7-m\libg_n.a(lib_a-exit.o)
 .ARM.attributes
                0x000004a9       0x2d c:/program files (x86)/embitz/1.11/share/em_armgcc/bin/../lib/gcc/arm-none-eabi/5.4.1/../../../../arm-none-eabi/lib/armv7-m\libg_n.a(lib_a-impure.o)
 .ARM.attributes
                0x000004d6       0x2d c:/program files (x86)/embitz/1.11/share/em_armgcc/bin/../lib/gcc/arm-none-eabi/5.4.1/../../../../arm-none-eabi/lib/armv7-m\libg_n.a(lib_a-init.o)
 .ARM.attributes
                0x00000503       0x2d c:/program files (x86)/embitz/1.11/share/em_armgcc/bin/../lib/gcc/arm-none-eabi/5.4.1/../../../../arm-none-eabi/lib/armv7-m\libg_n.a(lib_a-memset.o)
 .ARM.attributes
                0x00000530       0x2d c:/program files (x86)/embitz/1.11/share/em_armgcc/bin/../lib/gcc/arm-none-eabi/5.4.1/../../../../arm-none-eabi/lib/armv7-m\libg_n.a(lib_a-sprintf.o)
 .ARM.attributes
                0x0000055d       0x17 c:/program files (x86)/embitz/1.11/share/em_armgcc/bin/../lib/gcc/arm-none-eabi/5.4.1/../../../../arm-none-eabi/lib/armv7-m\libg_n.a(lib_a-strlen.o)
 .ARM.attributes
                0x00000574       0x2d c:/program files (x86)/embitz/1.11/share/em_armgcc/bin/../lib/gcc/arm-none-eabi/5.4.1/../../../../arm-none-eabi/lib/armv7-m\libg_n.a(lib_a-nano-svfprintf.o)
 .ARM.attributes
                0x000005a1       0x2d c:/program files (x86)/embitz/1.11/share/em_armgcc/bin/../lib/gcc/arm-none-eabi/5.4.1/../../../../arm-none-eabi/lib/armv7-m\libg_n.a(lib_a-nano-vfprintf_i.o)
 .ARM.attributes
                0x000005ce       0x2d c:/program files (x86)/embitz/1.11/share/em_armgcc/bin/../lib/gcc/arm-none-eabi/5.4.1/../../../../arm-none-eabi/lib/armv7-m\libg_n.a(lib_a-memchr-stub.o)
 .ARM.attributes
                0x000005fb       0x2d c:/program files (x86)/embitz/1.11/share/em_armgcc/bin/../lib/gcc/arm-none-eabi/5.4.1/../../../../arm-none-eabi/lib/armv7-m\libg_n.a(lib_a-memcpy-stub.o)
 .ARM.attributes
                0x00000628       0x2d c:/program files (x86)/embitz/1.11/share/em_armgcc/bin/../lib/gcc/arm-none-eabi/5.4.1/../../../../arm-none-eabi/lib/armv7-m\libg_n.a(lib_a-memmove.o)
 .ARM.attributes
                0x00000655       0x2d c:/program files (x86)/embitz/1.11/share/em_armgcc/bin/../lib/gcc/arm-none-eabi/5.4.1/../../../../arm-none-eabi/lib/armv7-m\libg_n.a(lib_a-nano-freer.o)
 .ARM.attributes
                0x00000682       0x2d c:/program files (x86)/embitz/1.11/share/em_armgcc/bin/../lib/gcc/arm-none-eabi/5.4.1/../../../../arm-none-eabi/lib/armv7-m\libg_n.a(lib_a-nano-mallocr.o)
 .ARM.attributes
                0x000006af       0x2d c:/program files (x86)/embitz/1.11/share/em_armgcc/bin/../lib/gcc/arm-none-eabi/5.4.1/../../../../arm-none-eabi/lib/armv7-m\libg_n.a(lib_a-nano-reallocr.o)
 .ARM.attributes
                0x000006dc       0x2d c:/program files (x86)/embitz/1.11/share/em_armgcc/bin/../lib/gcc/arm-none-eabi/5.4.1/../../../../arm-none-eabi/lib/armv7-m\libg_n.a(lib_a-sbrkr.o)
 .ARM.attributes
                0x00000709       0x2d c:/program files (x86)/embitz/1.11/share/em_armgcc/bin/../lib/gcc/arm-none-eabi/5.4.1/../../../../arm-none-eabi/lib/armv7-m\libg_n.a(lib_a-mlock.o)
 .ARM.attributes
                0x00000736       0x2d c:/program files (x86)/embitz/1.11/share/em_armgcc/bin/../lib/gcc/arm-none-eabi/5.4.1/../../../../arm-none-eabi/lib/armv7-m\libg_n.a(lib_a-nano-msizer.o)
 .ARM.attributes
                0x00000763       0x2d c:/program files (x86)/embitz/1.11/share/em_armgcc/bin/../lib/gcc/arm-none-eabi/5.4.1/../../../../arm-none-eabi/lib/armv7-m\libg_n.a(lib_a-reent.o)
 .ARM.attributes
                0x00000790       0x2d c:/program files (x86)/embitz/1.11/share/em_armgcc/bin/../lib/gcc/arm-none-eabi/5.4.1/../../../../arm-none-eabi/lib/armv7-m\libnosys_s.a(sbrk.o)
 .ARM.attributes
                0x000007bd       0x2d c:/program files (x86)/embitz/1.11/share/em_armgcc/bin/../lib/gcc/arm-none-eabi/5.4.1/../../../../arm-none-eabi/lib/armv7-m\libnosys_s.a(_exit.o)
 .ARM.attributes
                0x000007ea       0x2d c:/program files (x86)/embitz/1.11/share/em_armgcc/bin/../lib/gcc/arm-none-eabi/5.4.1/armv7-m/crtend.o
 .ARM.attributes
                0x00000817       0x1d c:/program files (x86)/embitz/1.11/share/em_armgcc/bin/../lib/gcc/arm-none-eabi/5.4.1/armv7-m/crtn.o

.comment        0x00000000       0x6e
 .comment       0x00000000       0x6e obj\release\spl\src\misc.o
                                 0x6f (size before relaxing)
 .comment       0x0000006e       0x6f obj\release\spl\src\stm32f10x_exti.o
 .comment       0x0000006e       0x6f obj\release\spl\src\stm32f10x_gpio.o
 .comment       0x0000006e       0x6f obj\release\spl\src\stm32f10x_rcc.o
 .comment       0x0000006e       0x6f obj\release\spl\src\stm32f10x_usart.o
 .comment       0x0000006e       0x6f obj\release\src\hw_config.o
 .comment       0x0000006e       0x6f obj\release\src\main.o
 .comment       0x0000006e       0x6f obj\release\src\stm32_it.o
 .comment       0x0000006e       0x6f obj\release\src\system_stm32f10x.o
 .comment       0x0000006e       0x6f obj\release\src\usb_core.o
 .comment       0x0000006e       0x6f obj\release\src\usb_desc.o
 .comment       0x0000006e       0x6f obj\release\src\usb_endp.o
 .comment       0x0000006e       0x6f obj\release\src\usb_init.o
 .comment       0x0000006e       0x6f obj\release\src\usb_int.o
 .comment       0x0000006e       0x6f obj\release\src\usb_istr.o
 .comment       0x0000006e       0x6f obj\release\src\usb_mem.o
 .comment       0x0000006e       0x6f obj\release\src\usb_prop.o
 .comment       0x0000006e       0x6f obj\release\src\usb_pwr.o
 .comment       0x0000006e       0x6f obj\release\src\usb_regs.o
 .comment       0x0000006e       0x6f obj\release\src\usb_sil.o

.debug_info     0x00000000     0x821d
 .debug_info    0x00000000      0x560 obj\release\spl\src\misc.o
 .debug_info    0x00000560      0x345 obj\release\spl\src\stm32f10x_exti.o
 .debug_info    0x000008a5      0x891 obj\release\spl\src\stm32f10x_gpio.o
 .debug_info    0x00001136      0x946 obj\release\spl\src\stm32f10x_rcc.o
 .debug_info    0x00001a7c      0xb2a obj\release\spl\src\stm32f10x_usart.o
 .debug_info    0x000025a6      0xa4e obj\release\src\hw_config.o
 .debug_info    0x00002ff4      0xf7c obj\release\src\main.o
 .debug_info    0x00003f70       0x65 obj\release\src\startup_stm32f10x_md.o
 .debug_info    0x00003fd5      0x167 obj\release\src\stm32_it.o
 .debug_info    0x0000413c      0x4c8 obj\release\src\system_stm32f10x.o
 .debug_info    0x00004604      0xebe obj\release\src\usb_core.o
 .debug_info    0x000054c2      0x18c obj\release\src\usb_desc.o
 .debug_info    0x0000564e      0x179 obj\release\src\usb_endp.o
 .debug_info    0x000057c7      0x458 obj\release\src\usb_init.o
 .debug_info    0x00005c1f      0x202 obj\release\src\usb_int.o
 .debug_info    0x00005e21      0x3cc obj\release\src\usb_istr.o
 .debug_info    0x000061ed      0x1e4 obj\release\src\usb_mem.o
 .debug_info    0x000063d1      0xb27 obj\release\src\usb_prop.o
 .debug_info    0x00006ef8      0x589 obj\release\src\usb_pwr.o
 .debug_info    0x00007481      0xb44 obj\release\src\usb_regs.o
 .debug_info    0x00007fc5      0x258 obj\release\src\usb_sil.o

.debug_abbrev   0x00000000     0x22e5
 .debug_abbrev  0x00000000      0x158 obj\release\spl\src\misc.o
 .debug_abbrev  0x00000158      0x1a1 obj\release\spl\src\stm32f10x_exti.o
 .debug_abbrev  0x000002f9      0x202 obj\release\spl\src\stm32f10x_gpio.o
 .debug_abbrev  0x000004fb      0x270 obj\release\spl\src\stm32f10x_rcc.o
 .debug_abbrev  0x0000076b      0x1e6 obj\release\spl\src\stm32f10x_usart.o
 .debug_abbrev  0x00000951      0x2d3 obj\release\src\hw_config.o
 .debug_abbrev  0x00000c24      0x33d obj\release\src\main.o
 .debug_abbrev  0x00000f61       0x14 obj\release\src\startup_stm32f10x_md.o
 .debug_abbrev  0x00000f75       0xde obj\release\src\stm32_it.o
 .debug_abbrev  0x00001053      0x170 obj\release\src\system_stm32f10x.o
 .debug_abbrev  0x000011c3      0x3e5 obj\release\src\usb_core.o
 .debug_abbrev  0x000015a8       0x75 obj\release\src\usb_desc.o
 .debug_abbrev  0x0000161d       0xfe obj\release\src\usb_endp.o
 .debug_abbrev  0x0000171b      0x11f obj\release\src\usb_init.o
 .debug_abbrev  0x0000183a       0xfb obj\release\src\usb_int.o
 .debug_abbrev  0x00001935      0x160 obj\release\src\usb_istr.o
 .debug_abbrev  0x00001a95       0x9f obj\release\src\usb_mem.o
 .debug_abbrev  0x00001b34      0x259 obj\release\src\usb_prop.o
 .debug_abbrev  0x00001d8d      0x257 obj\release\src\usb_pwr.o
 .debug_abbrev  0x00001fe4      0x1fe obj\release\src\usb_regs.o
 .debug_abbrev  0x000021e2      0x103 obj\release\src\usb_sil.o

.debug_loc      0x00000000     0x37be
 .debug_loc     0x00000000      0x193 obj\release\spl\src\misc.o
 .debug_loc     0x00000193      0x1d6 obj\release\spl\src\stm32f10x_exti.o
 .debug_loc     0x00000369      0x569 obj\release\spl\src\stm32f10x_gpio.o
 .debug_loc     0x000008d2      0x726 obj\release\spl\src\stm32f10x_rcc.o
 .debug_loc     0x00000ff8      0x86d obj\release\spl\src\stm32f10x_usart.o
 .debug_loc     0x00001865      0x15d obj\release\src\hw_config.o
 .debug_loc     0x000019c2      0x14d obj\release\src\main.o
 .debug_loc     0x00001b0f       0xbc obj\release\src\system_stm32f10x.o
 .debug_loc     0x00001bcb      0xa4e obj\release\src\usb_core.o
 .debug_loc     0x00002619       0x92 obj\release\src\usb_int.o
 .debug_loc     0x000026ab       0x4e obj\release\src\usb_istr.o
 .debug_loc     0x000026f9      0x283 obj\release\src\usb_mem.o
 .debug_loc     0x0000297c      0x1e1 obj\release\src\usb_prop.o
 .debug_loc     0x00002b5d      0x16a obj\release\src\usb_pwr.o
 .debug_loc     0x00002cc7      0xa28 obj\release\src\usb_regs.o
 .debug_loc     0x000036ef       0xcf obj\release\src\usb_sil.o

.debug_aranges  0x00000000      0x8a0
 .debug_aranges
                0x00000000       0x40 obj\release\spl\src\misc.o
 .debug_aranges
                0x00000040       0x50 obj\release\spl\src\stm32f10x_exti.o
 .debug_aranges
                0x00000090       0xa8 obj\release\spl\src\stm32f10x_gpio.o
 .debug_aranges
                0x00000138      0x118 obj\release\spl\src\stm32f10x_rcc.o
 .debug_aranges
                0x00000250      0x100 obj\release\spl\src\stm32f10x_usart.o
 .debug_aranges
                0x00000350       0x68 obj\release\src\hw_config.o
 .debug_aranges
                0x000003b8       0x58 obj\release\src\main.o
 .debug_aranges
                0x00000410       0x20 obj\release\src\startup_stm32f10x_md.o
 .debug_aranges
                0x00000430       0x50 obj\release\src\stm32_it.o
 .debug_aranges
                0x00000480       0x28 obj\release\src\system_stm32f10x.o
 .debug_aranges
                0x000004a8       0x98 obj\release\src\usb_core.o
 .debug_aranges
                0x00000540       0x18 obj\release\src\usb_desc.o
 .debug_aranges
                0x00000558       0x28 obj\release\src\usb_endp.o
 .debug_aranges
                0x00000580       0x20 obj\release\src\usb_init.o
 .debug_aranges
                0x000005a0       0x28 obj\release\src\usb_int.o
 .debug_aranges
                0x000005c8       0x20 obj\release\src\usb_istr.o
 .debug_aranges
                0x000005e8       0x28 obj\release\src\usb_mem.o
 .debug_aranges
                0x00000610       0x80 obj\release\src\usb_prop.o
 .debug_aranges
                0x00000690       0x40 obj\release\src\usb_pwr.o
 .debug_aranges
                0x000006d0      0x1a0 obj\release\src\usb_regs.o
 .debug_aranges
                0x00000870       0x30 obj\release\src\usb_sil.o

.debug_ranges   0x00000000      0xa58
 .debug_ranges  0x00000000       0x30 obj\release\spl\src\misc.o
 .debug_ranges  0x00000030       0x40 obj\release\spl\src\stm32f10x_exti.o
 .debug_ranges  0x00000070       0x98 obj\release\spl\src\stm32f10x_gpio.o
 .debug_ranges  0x00000108      0x128 obj\release\spl\src\stm32f10x_rcc.o
 .debug_ranges  0x00000230       0xf0 obj\release\spl\src\stm32f10x_usart.o
 .debug_ranges  0x00000320       0x58 obj\release\src\hw_config.o
 .debug_ranges  0x00000378       0xe0 obj\release\src\main.o
 .debug_ranges  0x00000458       0x40 obj\release\src\stm32_it.o
 .debug_ranges  0x00000498       0x40 obj\release\src\system_stm32f10x.o
 .debug_ranges  0x000004d8      0x1b0 obj\release\src\usb_core.o
 .debug_ranges  0x00000688       0x18 obj\release\src\usb_endp.o
 .debug_ranges  0x000006a0       0x10 obj\release\src\usb_init.o
 .debug_ranges  0x000006b0       0x30 obj\release\src\usb_int.o
 .debug_ranges  0x000006e0       0x10 obj\release\src\usb_istr.o
 .debug_ranges  0x000006f0       0x18 obj\release\src\usb_mem.o
 .debug_ranges  0x00000708       0x70 obj\release\src\usb_prop.o
 .debug_ranges  0x00000778       0x68 obj\release\src\usb_pwr.o
 .debug_ranges  0x000007e0      0x258 obj\release\src\usb_regs.o
 .debug_ranges  0x00000a38       0x20 obj\release\src\usb_sil.o

.debug_line     0x00000000     0x3337
 .debug_line    0x00000000      0x1ae obj\release\spl\src\misc.o
 .debug_line    0x000001ae      0x1e8 obj\release\spl\src\stm32f10x_exti.o
 .debug_line    0x00000396      0x357 obj\release\spl\src\stm32f10x_gpio.o
 .debug_line    0x000006ed      0x42f obj\release\spl\src\stm32f10x_rcc.o
 .debug_line    0x00000b1c      0x41b obj\release\spl\src\stm32f10x_usart.o
 .debug_line    0x00000f37      0x2e7 obj\release\src\hw_config.o
 .debug_line    0x0000121e      0x37c obj\release\src\main.o
 .debug_line    0x0000159a       0xa8 obj\release\src\startup_stm32f10x_md.o
 .debug_line    0x00001642      0x1a8 obj\release\src\stm32_it.o
 .debug_line    0x000017ea      0x1ac obj\release\src\system_stm32f10x.o
 .debug_line    0x00001996      0x579 obj\release\src\usb_core.o
 .debug_line    0x00001f0f      0x104 obj\release\src\usb_desc.o
 .debug_line    0x00002013      0x150 obj\release\src\usb_endp.o
 .debug_line    0x00002163      0x133 obj\release\src\usb_init.o
 .debug_line    0x00002296      0x1c0 obj\release\src\usb_int.o
 .debug_line    0x00002456      0x1da obj\release\src\usb_istr.o
 .debug_line    0x00002630      0x14d obj\release\src\usb_mem.o
 .debug_line    0x0000277d      0x2b9 obj\release\src\usb_prop.o
 .debug_line    0x00002a36      0x283 obj\release\src\usb_pwr.o
 .debug_line    0x00002cb9      0x508 obj\release\src\usb_regs.o
 .debug_line    0x000031c1      0x176 obj\release\src\usb_sil.o

.debug_str      0x00000000     0x289d
 .debug_str     0x00000000      0x395 obj\release\spl\src\misc.o
                                0x3f6 (size before relaxing)
 .debug_str     0x00000395      0x1a4 obj\release\spl\src\stm32f10x_exti.o
                                0x372 (size before relaxing)
 .debug_str     0x00000539      0x37c obj\release\spl\src\stm32f10x_gpio.o
                                0x568 (size before relaxing)
 .debug_str     0x000008b5      0x404 obj\release\spl\src\stm32f10x_rcc.o
                                0x652 (size before relaxing)
 .debug_str     0x00000cb9      0x41a obj\release\spl\src\stm32f10x_usart.o
                                0x708 (size before relaxing)
 .debug_str     0x000010d3      0x5f8 obj\release\src\hw_config.o
                                0xb23 (size before relaxing)
 .debug_str     0x000016cb      0x182 obj\release\src\main.o
                                0xada (size before relaxing)
 .debug_str     0x0000184d       0x9f obj\release\src\stm32_it.o
                                0x24b (size before relaxing)
 .debug_str     0x000018ec       0x6d obj\release\src\system_stm32f10x.o
                                0x324 (size before relaxing)
 .debug_str     0x00001959      0x701 obj\release\src\usb_core.o
                                0xb18 (size before relaxing)
 .debug_str     0x0000205a       0xae obj\release\src\usb_desc.o
                                0x25f (size before relaxing)
 .debug_str     0x00002108       0x3d obj\release\src\usb_endp.o
                                0x231 (size before relaxing)
 .debug_str     0x00002145       0x31 obj\release\src\usb_init.o
                                0x561 (size before relaxing)
 .debug_str     0x00002176       0x3e obj\release\src\usb_int.o
                                0x248 (size before relaxing)
 .debug_str     0x000021b4       0xc2 obj\release\src\usb_istr.o
                                0x3f8 (size before relaxing)
 .debug_str     0x00002276       0x3e obj\release\src\usb_mem.o
                                0x221 (size before relaxing)
 .debug_str     0x000022b4      0x27e obj\release\src\usb_prop.o
                                0xa22 (size before relaxing)
 .debug_str     0x00002532       0x51 obj\release\src\usb_pwr.o
                                0x413 (size before relaxing)
 .debug_str     0x00002583      0x2c3 obj\release\src\usb_regs.o
                                0x521 (size before relaxing)
 .debug_str     0x00002846       0x57 obj\release\src\usb_sil.o
                                0x289 (size before relaxing)

.debug_frame    0x00000000     0x1754
 .debug_frame   0x00000000       0x6c obj\release\spl\src\misc.o
 .debug_frame   0x0000006c       0xa4 obj\release\spl\src\stm32f10x_exti.o
 .debug_frame   0x00000110      0x1b0 obj\release\spl\src\stm32f10x_gpio.o
 .debug_frame   0x000002c0      0x228 obj\release\spl\src\stm32f10x_rcc.o
 .debug_frame   0x000004e8      0x258 obj\release\spl\src\stm32f10x_usart.o
 .debug_frame   0x00000740      0x10c obj\release\src\hw_config.o
 .debug_frame   0x0000084c       0xe8 obj\release\src\main.o
 .debug_frame   0x00000934       0xb0 obj\release\src\stm32_it.o
 .debug_frame   0x000009e4       0x48 obj\release\src\system_stm32f10x.o
 .debug_frame   0x00000a2c      0x1fc obj\release\src\usb_core.o
 .debug_frame   0x00000c28       0x3c obj\release\src\usb_endp.o
 .debug_frame   0x00000c64       0x30 obj\release\src\usb_init.o
 .debug_frame   0x00000c94       0x60 obj\release\src\usb_int.o
 .debug_frame   0x00000cf4       0x34 obj\release\src\usb_istr.o
 .debug_frame   0x00000d28       0x3c obj\release\src\usb_mem.o
 .debug_frame   0x00000d64      0x108 obj\release\src\usb_prop.o
 .debug_frame   0x00000e6c       0x9c obj\release\src\usb_pwr.o
 .debug_frame   0x00000f08      0x3e4 obj\release\src\usb_regs.o
 .debug_frame   0x000012ec       0x64 obj\release\src\usb_sil.o
 .debug_frame   0x00001350       0x28 c:/program files (x86)/embitz/1.11/share/em_armgcc/bin/../lib/gcc/arm-none-eabi/5.4.1/../../../../arm-none-eabi/lib/armv7-m\libg_n.a(lib_a-exit.o)
 .debug_frame   0x00001378       0x2c c:/program files (x86)/embitz/1.11/share/em_armgcc/bin/../lib/gcc/arm-none-eabi/5.4.1/../../../../arm-none-eabi/lib/armv7-m\libg_n.a(lib_a-init.o)
 .debug_frame   0x000013a4       0x20 c:/program files (x86)/embitz/1.11/share/em_armgcc/bin/../lib/gcc/arm-none-eabi/5.4.1/../../../../arm-none-eabi/lib/armv7-m\libg_n.a(lib_a-memset.o)
 .debug_frame   0x000013c4       0x70 c:/program files (x86)/embitz/1.11/share/em_armgcc/bin/../lib/gcc/arm-none-eabi/5.4.1/../../../../arm-none-eabi/lib/armv7-m\libg_n.a(lib_a-sprintf.o)
 .debug_frame   0x00001434       0x90 c:/program files (x86)/embitz/1.11/share/em_armgcc/bin/../lib/gcc/arm-none-eabi/5.4.1/../../../../arm-none-eabi/lib/armv7-m\libg_n.a(lib_a-nano-svfprintf.o)
 .debug_frame   0x000014c4       0x60 c:/program files (x86)/embitz/1.11/share/em_armgcc/bin/../lib/gcc/arm-none-eabi/5.4.1/../../../../arm-none-eabi/lib/armv7-m\libg_n.a(lib_a-nano-vfprintf_i.o)
 .debug_frame   0x00001524       0x28 c:/program files (x86)/embitz/1.11/share/em_armgcc/bin/../lib/gcc/arm-none-eabi/5.4.1/../../../../arm-none-eabi/lib/armv7-m\libg_n.a(lib_a-memchr-stub.o)
 .debug_frame   0x0000154c       0x28 c:/program files (x86)/embitz/1.11/share/em_armgcc/bin/../lib/gcc/arm-none-eabi/5.4.1/../../../../arm-none-eabi/lib/armv7-m\libg_n.a(lib_a-memcpy-stub.o)
 .debug_frame   0x00001574       0x28 c:/program files (x86)/embitz/1.11/share/em_armgcc/bin/../lib/gcc/arm-none-eabi/5.4.1/../../../../arm-none-eabi/lib/armv7-m\libg_n.a(lib_a-memmove.o)
 .debug_frame   0x0000159c       0x38 c:/program files (x86)/embitz/1.11/share/em_armgcc/bin/../lib/gcc/arm-none-eabi/5.4.1/../../../../arm-none-eabi/lib/armv7-m\libg_n.a(lib_a-nano-freer.o)
 .debug_frame   0x000015d4       0x2c c:/program files (x86)/embitz/1.11/share/em_armgcc/bin/../lib/gcc/arm-none-eabi/5.4.1/../../../../arm-none-eabi/lib/armv7-m\libg_n.a(lib_a-nano-mallocr.o)
 .debug_frame   0x00001600       0x3c c:/program files (x86)/embitz/1.11/share/em_armgcc/bin/../lib/gcc/arm-none-eabi/5.4.1/../../../../arm-none-eabi/lib/armv7-m\libg_n.a(lib_a-nano-reallocr.o)
 .debug_frame   0x0000163c       0x2c c:/program files (x86)/embitz/1.11/share/em_armgcc/bin/../lib/gcc/arm-none-eabi/5.4.1/../../../../arm-none-eabi/lib/armv7-m\libg_n.a(lib_a-sbrkr.o)
 .debug_frame   0x00001668       0x30 c:/program files (x86)/embitz/1.11/share/em_armgcc/bin/../lib/gcc/arm-none-eabi/5.4.1/../../../../arm-none-eabi/lib/armv7-m\libg_n.a(lib_a-mlock.o)
 .debug_frame   0x00001698       0x20 c:/program files (x86)/embitz/1.11/share/em_armgcc/bin/../lib/gcc/arm-none-eabi/5.4.1/../../../../arm-none-eabi/lib/armv7-m\libg_n.a(lib_a-nano-msizer.o)
 .debug_frame   0x000016b8       0x5c c:/program files (x86)/embitz/1.11/share/em_armgcc/bin/../lib/gcc/arm-none-eabi/5.4.1/../../../../arm-none-eabi/lib/armv7-m\libg_n.a(lib_a-reent.o)
 .debug_frame   0x00001714       0x20 c:/program files (x86)/embitz/1.11/share/em_armgcc/bin/../lib/gcc/arm-none-eabi/5.4.1/../../../../arm-none-eabi/lib/armv7-m\libnosys_s.a(sbrk.o)
 .debug_frame   0x00001734       0x20 c:/program files (x86)/embitz/1.11/share/em_armgcc/bin/../lib/gcc/arm-none-eabi/5.4.1/../../../../arm-none-eabi/lib/armv7-m\libnosys_s.a(_exit.o)
