Archive member included to satisfy reference by file (symbol)

c:/program files (x86)/embitz/1.11/share/em_armgcc/bin/../lib/gcc/arm-none-eabi/5.4.1/../../../../arm-none-eabi/lib/armv7-m\libg_n.a(lib_a-exit.o)
                              c:/program files (x86)/embitz/1.11/share/em_armgcc/bin/../lib/gcc/arm-none-eabi/5.4.1/../../../../arm-none-eabi/lib/armv7-m/crt0.o (exit)
c:/program files (x86)/embitz/1.11/share/em_armgcc/bin/../lib/gcc/arm-none-eabi/5.4.1/../../../../arm-none-eabi/lib/armv7-m\libg_n.a(lib_a-impure.o)
                              c:/program files (x86)/embitz/1.11/share/em_armgcc/bin/../lib/gcc/arm-none-eabi/5.4.1/../../../../arm-none-eabi/lib/armv7-m\libg_n.a(lib_a-exit.o) (_global_impure_ptr)
c:/program files (x86)/embitz/1.11/share/em_armgcc/bin/../lib/gcc/arm-none-eabi/5.4.1/../../../../arm-none-eabi/lib/armv7-m\libg_n.a(lib_a-init.o)
                              c:/program files (x86)/embitz/1.11/share/em_armgcc/bin/../lib/gcc/arm-none-eabi/5.4.1/../../../../arm-none-eabi/lib/armv7-m/crt0.o (__libc_init_array)
c:/program files (x86)/embitz/1.11/share/em_armgcc/bin/../lib/gcc/arm-none-eabi/5.4.1/../../../../arm-none-eabi/lib/armv7-m\libg_n.a(lib_a-memset.o)
                              c:/program files (x86)/embitz/1.11/share/em_armgcc/bin/../lib/gcc/arm-none-eabi/5.4.1/../../../../arm-none-eabi/lib/armv7-m/crt0.o (memset)
c:/program files (x86)/embitz/1.11/share/em_armgcc/bin/../lib/gcc/arm-none-eabi/5.4.1/../../../../arm-none-eabi/lib/armv7-m\libnosys_s.a(_exit.o)
                              c:/program files (x86)/embitz/1.11/share/em_armgcc/bin/../lib/gcc/arm-none-eabi/5.4.1/../../../../arm-none-eabi/lib/armv7-m\libg_n.a(lib_a-exit.o) (_exit)

Allocating common symbols
Common symbol       size              file

SaveRState          0x2               obj\debug\src\usb_int.o
HSEStartUpStatus    0x1               obj\debug\src\hw_config.o
SaveState           0x2               obj\debug\src\usb_init.o
Receive_length      0x4               obj\debug\src\usb_endp.o
wIstr               0x2               obj\debug\src\usb_istr.o
pProperty           0x4               obj\debug\src\usb_init.o
EPindex             0x1               obj\debug\src\usb_init.o
SaveTState          0x2               obj\debug\src\usb_int.o
Device_Info         0x1c              obj\debug\src\usb_init.o
pUser_Standard_Requests
                    0x4               obj\debug\src\usb_init.o
Receive_Buffer      0x40              obj\debug\src\hw_config.o
StatusInfo          0x2               obj\debug\src\usb_core.o
pInformation        0x4               obj\debug\src\usb_init.o
ResumeS             0x2               obj\debug\src\usb_pwr.o
EP                  0x20              obj\debug\src\usb_pwr.o
EXTI_InitStructure  0x8               obj\debug\src\hw_config.o
Send_Buffer         0x40              obj\debug\src\main.o
Send_length         0x4               obj\debug\src\hw_config.o
wInterrupt_Mask     0x2               obj\debug\src\usb_init.o

Discarded input sections

 .text          0x00000000        0x0 c:/program files (x86)/embitz/1.11/share/em_armgcc/bin/../lib/gcc/arm-none-eabi/5.4.1/armv7-m/crti.o
 .data          0x00000000        0x0 c:/program files (x86)/embitz/1.11/share/em_armgcc/bin/../lib/gcc/arm-none-eabi/5.4.1/armv7-m/crti.o
 .bss           0x00000000        0x0 c:/program files (x86)/embitz/1.11/share/em_armgcc/bin/../lib/gcc/arm-none-eabi/5.4.1/armv7-m/crti.o
 .data          0x00000000        0x4 c:/program files (x86)/embitz/1.11/share/em_armgcc/bin/../lib/gcc/arm-none-eabi/5.4.1/armv7-m/crtbegin.o
 .data          0x00000000        0x0 c:/program files (x86)/embitz/1.11/share/em_armgcc/bin/../lib/gcc/arm-none-eabi/5.4.1/../../../../arm-none-eabi/lib/armv7-m/crt0.o
 .bss           0x00000000        0x0 c:/program files (x86)/embitz/1.11/share/em_armgcc/bin/../lib/gcc/arm-none-eabi/5.4.1/../../../../arm-none-eabi/lib/armv7-m/crt0.o
 .ARM.extab     0x00000000        0x0 c:/program files (x86)/embitz/1.11/share/em_armgcc/bin/../lib/gcc/arm-none-eabi/5.4.1/../../../../arm-none-eabi/lib/armv7-m/crt0.o
 .group         0x00000000        0x8 obj\debug\spl\src\misc.o
 .group         0x00000000        0x8 obj\debug\spl\src\misc.o
 .group         0x00000000        0x8 obj\debug\spl\src\misc.o
 .group         0x00000000        0x8 obj\debug\spl\src\misc.o
 .group         0x00000000        0x8 obj\debug\spl\src\misc.o
 .group         0x00000000        0x8 obj\debug\spl\src\misc.o
 .group         0x00000000        0x8 obj\debug\spl\src\misc.o
 .group         0x00000000        0x8 obj\debug\spl\src\misc.o
 .group         0x00000000        0x8 obj\debug\spl\src\misc.o
 .group         0x00000000        0x8 obj\debug\spl\src\misc.o
 .group         0x00000000        0x8 obj\debug\spl\src\misc.o
 .group         0x00000000        0x8 obj\debug\spl\src\misc.o
 .group         0x00000000        0x8 obj\debug\spl\src\misc.o
 .group         0x00000000        0x8 obj\debug\spl\src\misc.o
[...]
Memory Configuration

Name             Origin             Length             Attributes
ROM              0x08000000         0x00010000         xr
RAM              0x20000000         0x00005000         xrw
*default*        0x00000000         0xffffffff

Linker script and memory map

LOAD c:/program files (x86)/embitz/1.11/share/em_armgcc/bin/../lib/gcc/arm-none-eabi/5.4.1/armv7-m/crti.o
LOAD c:/program files (x86)/embitz/1.11/share/em_armgcc/bin/../lib/gcc/arm-none-eabi/5.4.1/armv7-m/crtbegin.o
LOAD c:/program files (x86)/embitz/1.11/share/em_armgcc/bin/../lib/gcc/arm-none-eabi/5.4.1/../../../../arm-none-eabi/lib/armv7-m/crt0.o
                0x00000000                __HEAP_SIZE = 0x0
                0x00000100                __STACK_SIZE = 0x100

.text           0x08000000     0x2e0c
 *(.isr_vector)
 .isr_vector    0x08000000       0xec obj\debug\src\startup_stm32f10x_md.o
                0x08000000                __isr_vector
 *(.text*)
 .text          0x080000ec       0x5c c:/program files (x86)/embitz/1.11/share/em_armgcc/bin/../lib/gcc/arm-none-eabi/5.4.1/armv7-m/crtbegin.o
 .text          0x08000148       0x74 c:/program files (x86)/embitz/1.11/share/em_armgcc/bin/../lib/gcc/arm-none-eabi/5.4.1/../../../../arm-none-eabi/lib/armv7-m/crt0.o
                0x08000148                _start
                0x08000148                _mainCRTStartup
 .text.NVIC_PriorityGroupConfig
                0x080001bc       0x24 obj\debug\spl\src\misc.o
                0x080001bc                NVIC_PriorityGroupConfig
 .text.NVIC_Init
                0x080001e0       0xc4 obj\debug\spl\src\misc.o
                0x080001e0                NVIC_Init
 .text.EXTI_Init
                0x080002a4       0xe4 obj\debug\spl\src\stm32f10x_exti.o
                0x080002a4                EXTI_Init
 .text.EXTI_ClearITPendingBit
                0x08000388       0x1c obj\debug\spl\src\stm32f10x_exti.o
                0x08000388                EXTI_ClearITPendingBit
 .text.GPIO_Init
                0x080003a4      0x178 obj\debug\spl\src\stm32f10x_gpio.o
                0x080003a4                GPIO_Init
 .text.GPIO_SetBits
                0x0800051c       0x1c obj\debug\spl\src\stm32f10x_gpio.o
                0x0800051c                GPIO_SetBits
 .text.GPIO_ResetBits
                0x08000538       0x1c obj\debug\spl\src\stm32f10x_gpio.o
                0x08000538                GPIO_ResetBits
 .text.RCC_USBCLKConfig
                0x08000554       0x1c obj\debug\spl\src\stm32f10x_rcc.o
                0x08000554                RCC_USBCLKConfig
 .text.RCC_APB2PeriphClockCmd
                0x08000570       0x3c obj\debug\spl\src\stm32f10x_rcc.o
                0x08000570                RCC_APB2PeriphClockCmd
 .text.RCC_APB1PeriphClockCmd
                0x080005ac       0x3c obj\debug\spl\src\stm32f10x_rcc.o
                0x080005ac                RCC_APB1PeriphClockCmd
 .text.Set_System
                0x080005e8       0x58 obj\debug\src\hw_config.o
                0x080005e8                Set_System
 .text.Set_USBClock
                0x08000640       0x18 obj\debug\src\hw_config.o
                0x08000640                Set_USBClock
 .text.Leave_LowPowerMode
                0x08000658       0x34 obj\debug\src\hw_config.o
                0x08000658                Leave_LowPowerMode
 .text.USB_Interrupts_Config
                0x0800068c       0x40 obj\debug\src\hw_config.o
                0x0800068c                USB_Interrupts_Config
 .text.USB_Cable_Config
                0x080006cc       0x34 obj\debug\src\hw_config.o
                0x080006cc                USB_Cable_Config
 .text.Get_SerialNum
                0x08000700       0x58 obj\debug\src\hw_config.o
                0x08000700                Get_SerialNum
 .text.IntToUnicode
                0x08000758       0x7c obj\debug\src\hw_config.o
 .text.CDC_Send_DATA
                0x080007d4       0x4c obj\debug\src\hw_config.o
                0x080007d4                CDC_Send_DATA
 .text.CDC_Receive_DATA
                0x08000820       0x1c obj\debug\src\hw_config.o
                0x08000820                CDC_Receive_DATA
 .text.main     0x0800083c       0x58 obj\debug\src\main.o
                0x0800083c                main
 .text.SysTick_Handler
                0x08000894       0x24 obj\debug\src\main.o
                0x08000894                SysTick_Handler
 .text          0x080008b8       0xb8 obj\debug\src\startup_stm32f10x_md.o
                0x080008b8                Reset_Handler
                0x08000910                Default_Handler
                0x08000912                WWDG_IRQHandler
                0x08000914                PVD_IRQHandler
                0x08000916                TAMPER_IRQHandler
                0x08000918                RTC_IRQHandler
                0x0800091a                FLASH_IRQHandler
                0x0800091c                RCC_IRQHandler
                0x0800091e                EXTI0_IRQHandler
                0x08000920                EXTI1_IRQHandler
                0x08000922                EXTI2_IRQHandler
                0x08000924                EXTI3_IRQHandler
                0x08000926                EXTI4_IRQHandler
                0x08000928                DMA1_Channel1_IRQHandler
                0x0800092a                DMA1_Channel2_IRQHandler
                0x0800092c                DMA1_Channel3_IRQHandler
                0x0800092e                DMA1_Channel4_IRQHandler
                0x08000930                DMA1_Channel5_IRQHandler
                0x08000932                DMA1_Channel6_IRQHandler
                0x08000934                DMA1_Channel7_IRQHandler
                0x08000936                ADC1_2_IRQHandler
                0x08000938                USB_HP_CAN1_TX_IRQHandler
                0x0800093c                CAN1_RX1_IRQHandler
                0x0800093e                CAN1_SCE_IRQHandler
                0x08000940                EXTI9_5_IRQHandler
                0x08000942                TIM1_BRK_IRQHandler
                0x08000944                TIM1_UP_IRQHandler
                0x08000946                TIM1_TRG_COM_IRQHandler
                0x08000948                TIM1_CC_IRQHandler
                0x0800094a                TIM2_IRQHandler
                0x0800094c                TIM3_IRQHandler
                0x0800094e                TIM4_IRQHandler
                0x08000950                I2C1_EV_IRQHandler
                0x08000952                I2C1_ER_IRQHandler
                0x08000954                I2C2_EV_IRQHandler
                0x08000956                I2C2_ER_IRQHandler
                0x08000958                SPI1_IRQHandler
                0x0800095a                SPI2_IRQHandler
                0x0800095c                USART1_IRQHandler
                0x0800095e                USART2_IRQHandler
                0x08000960                USART3_IRQHandler
                0x08000962                EXTI15_10_IRQHandler
                0x08000964                RTCAlarm_IRQHandler
 .text.NMI_Handler
                0x08000970        0xc obj\debug\src\stm32_it.o
                0x08000970                NMI_Handler
 .text.HardFault_Handler
                0x0800097c        0x8 obj\debug\src\stm32_it.o
                0x0800097c                HardFault_Handler
 .text.MemManage_Handler
                0x08000984        0x8 obj\debug\src\stm32_it.o
                0x08000984                MemManage_Handler
 .text.BusFault_Handler
                0x0800098c        0x8 obj\debug\src\stm32_it.o
                0x0800098c                BusFault_Handler
 .text.UsageFault_Handler
                0x08000994        0x8 obj\debug\src\stm32_it.o
                0x08000994                UsageFault_Handler
 .text.SVC_Handler
                0x0800099c        0xc obj\debug\src\stm32_it.o
                0x0800099c                SVC_Handler
 .text.DebugMon_Handler
                0x080009a8        0xc obj\debug\src\stm32_it.o
                0x080009a8                DebugMon_Handler
 .text.PendSV_Handler
                0x080009b4        0xc obj\debug\src\stm32_it.o
                0x080009b4                PendSV_Handler
 .text.USB_LP_CAN1_RX0_IRQHandler
                0x080009c0        0xc obj\debug\src\stm32_it.o
                0x080009c0                USB_LP_CAN1_RX0_IRQHandler
 .text.USBWakeUp_IRQHandler
                0x080009cc       0x10 obj\debug\src\stm32_it.o
                0x080009cc                USBWakeUp_IRQHandler
 .text.SystemInit
                0x080009dc       0x68 obj\debug\src\system_stm32f10x.o
                0x080009dc                SystemInit
 .text.SetSysClock
                0x08000a44        0xc obj\debug\src\system_stm32f10x.o
 .text.SetSysClockTo72
                0x08000a50      0x100 obj\debug\src\system_stm32f10x.o
 .text.Standard_GetConfiguration
                0x08000b50       0x3c obj\debug\src\usb_core.o
                0x08000b50                Standard_GetConfiguration
 .text.Standard_SetConfiguration
                0x08000b8c       0x50 obj\debug\src\usb_core.o
                0x08000b8c                Standard_SetConfiguration
 .text.Standard_GetInterface
                0x08000bdc       0x3c obj\debug\src\usb_core.o
                0x08000bdc                Standard_GetInterface
 .text.Standard_SetInterface
                0x08000c18       0x88 obj\debug\src\usb_core.o
                0x08000c18                Standard_SetInterface
 .text.Standard_GetStatus
                0x08000ca0      0x134 obj\debug\src\usb_core.o
                0x08000ca0                Standard_GetStatus
 .text.Standard_ClearFeature
                0x08000dd4      0x1d0 obj\debug\src\usb_core.o
                0x08000dd4                Standard_ClearFeature
 .text.Standard_SetEndPointFeature
                0x08000fa4      0x110 obj\debug\src\usb_core.o
                0x08000fa4                Standard_SetEndPointFeature
 .text.Standard_SetDeviceFeature
                0x080010b4       0x2c obj\debug\src\usb_core.o
                0x080010b4                Standard_SetDeviceFeature
 .text.Standard_GetDescriptorData
                0x080010e0       0x48 obj\debug\src\usb_core.o
                0x080010e0                Standard_GetDescriptorData
 .text.DataStageOut
                0x08001128      0x104 obj\debug\src\usb_core.o
 .text.DataStageIn
                0x0800122c      0x10c obj\debug\src\usb_core.o
 .text.NoData_Setup0
                0x08001338      0x190 obj\debug\src\usb_core.o
 .text.Data_Setup0
                0x080014c8      0x324 obj\debug\src\usb_core.o
 .text.Setup0_Process
                0x080017ec       0xd8 obj\debug\src\usb_core.o
                0x080017ec                Setup0_Process
 .text.In0_Process
                0x080018c4       0x90 obj\debug\src\usb_core.o
                0x080018c4                In0_Process
 .text.Out0_Process
                0x08001954       0x74 obj\debug\src\usb_core.o
                0x08001954                Out0_Process
 .text.Post0_Process
                0x080019c8       0x50 obj\debug\src\usb_core.o
                0x080019c8                Post0_Process
 .text.SetDeviceAddress
                0x08001a18       0x78 obj\debug\src\usb_core.o
                0x08001a18                SetDeviceAddress
 .text.NOP_Process
                0x08001a90        0xc obj\debug\src\usb_core.o
                0x08001a90                NOP_Process
 .text.EP1_IN_Callback
                0x08001a9c       0x18 obj\debug\src\usb_endp.o
                0x08001a9c                EP1_IN_Callback
 .text.EP3_OUT_Callback
                0x08001ab4       0x3c obj\debug\src\usb_endp.o
                0x08001ab4                EP3_OUT_Callback
 .text.USB_Init
                0x08001af0       0x44 obj\debug\src\usb_init.o
                0x08001af0                USB_Init
 .text.CTR_LP   0x08001b34      0x2f0 obj\debug\src\usb_int.o
                0x08001b34                CTR_LP
 .text.USB_Istr
                0x08001e24      0x220 obj\debug\src\usb_istr.o
                0x08001e24                USB_Istr
 .text.UserToPMABufferCopy
                0x08002044       0x74 obj\debug\src\usb_mem.o
                0x08002044                UserToPMABufferCopy
 .text.PMAToUserBufferCopy
                0x080020b8       0x5c obj\debug\src\usb_mem.o
                0x080020b8                PMAToUserBufferCopy
 .text.Virtual_Com_Port_init
                0x08002114       0x2c obj\debug\src\usb_prop.o
                0x08002114                Virtual_Com_Port_init
 .text.Virtual_Com_Port_Reset
                0x08002140       0xf4 obj\debug\src\usb_prop.o
                0x08002140                Virtual_Com_Port_Reset
 .text.Virtual_Com_Port_SetConfiguration
                0x08002234       0x2c obj\debug\src\usb_prop.o
                0x08002234                Virtual_Com_Port_SetConfiguration
 .text.Virtual_Com_Port_SetDeviceAddress
                0x08002260       0x18 obj\debug\src\usb_prop.o
                0x08002260                Virtual_Com_Port_SetDeviceAddress
 .text.Virtual_Com_Port_Status_In
                0x08002278       0x20 obj\debug\src\usb_prop.o
                0x08002278                Virtual_Com_Port_Status_In
 .text.Virtual_Com_Port_Status_Out
                0x08002298        0xc obj\debug\src\usb_prop.o
                0x08002298                Virtual_Com_Port_Status_Out
 .text.Virtual_Com_Port_Data_Setup
                0x080022a4       0x80 obj\debug\src\usb_prop.o
                0x080022a4                Virtual_Com_Port_Data_Setup
 .text.Virtual_Com_Port_NoData_Setup
                0x08002324       0x3c obj\debug\src\usb_prop.o
                0x08002324                Virtual_Com_Port_NoData_Setup
 .text.Virtual_Com_Port_GetDeviceDescriptor
                0x08002360       0x24 obj\debug\src\usb_prop.o
                0x08002360                Virtual_Com_Port_GetDeviceDescriptor
 .text.Virtual_Com_Port_GetConfigDescriptor
                0x08002384       0x24 obj\debug\src\usb_prop.o
                0x08002384                Virtual_Com_Port_GetConfigDescriptor
 .text.Virtual_Com_Port_GetStringDescriptor
                0x080023a8       0x40 obj\debug\src\usb_prop.o
                0x080023a8                Virtual_Com_Port_GetStringDescriptor
 .text.Virtual_Com_Port_Get_Interface_Setting
                0x080023e8       0x30 obj\debug\src\usb_prop.o
                0x080023e8                Virtual_Com_Port_Get_Interface_Setting
 .text.Virtual_Com_Port_GetLineCoding
                0x08002418       0x30 obj\debug\src\usb_prop.o
                0x08002418                Virtual_Com_Port_GetLineCoding
 .text.Virtual_Com_Port_SetLineCoding
                0x08002448       0x30 obj\debug\src\usb_prop.o
                0x08002448                Virtual_Com_Port_SetLineCoding
 .text.PowerOn  0x08002478       0x50 obj\debug\src\usb_pwr.o
                0x08002478                PowerOn
 .text.Suspend  0x080024c8      0x164 obj\debug\src\usb_pwr.o
                0x080024c8                Suspend
 .text.Resume_Init
                0x0800262c       0x34 obj\debug\src\usb_pwr.o
                0x0800262c                Resume_Init
 .text.Resume   0x08002660      0x11c obj\debug\src\usb_pwr.o
                0x08002660                Resume
 .text.SetBTABLE
                0x0800277c       0x24 obj\debug\src\usb_regs.o
                0x0800277c                SetBTABLE
 .text.SetEPType
                0x080027a0       0x4c obj\debug\src\usb_regs.o
                0x080027a0                SetEPType
 .text.SetEPTxStatus
                0x080027ec       0x70 obj\debug\src\usb_regs.o
                0x080027ec                SetEPTxStatus
 .text.SetEPRxStatus
                0x0800285c       0x70 obj\debug\src\usb_regs.o
                0x0800285c                SetEPRxStatus
 .text.SetEPTxValid
                0x080028cc       0x54 obj\debug\src\usb_regs.o
                0x080028cc                SetEPTxValid
 .text.SetEPRxValid
                0x08002920       0x54 obj\debug\src\usb_regs.o
                0x08002920                SetEPRxValid
 .text.Clear_Status_Out
                0x08002974       0x48 obj\debug\src\usb_regs.o
                0x08002974                Clear_Status_Out
 .text.ClearDTOG_RX
                0x080029bc       0x58 obj\debug\src\usb_regs.o
                0x080029bc                ClearDTOG_RX
 .text.ClearDTOG_TX
                0x08002a14       0x58 obj\debug\src\usb_regs.o
                0x08002a14                ClearDTOG_TX
 .text.SetEPTxAddr
                0x08002a6c       0x40 obj\debug\src\usb_regs.o
                0x08002a6c                SetEPTxAddr
 .text.SetEPRxAddr
                0x08002aac       0x40 obj\debug\src\usb_regs.o
                0x08002aac                SetEPRxAddr
 .text.GetEPTxAddr
                0x08002aec       0x34 obj\debug\src\usb_regs.o
                0x08002aec                GetEPTxAddr
 .text.GetEPRxAddr
                0x08002b20       0x34 obj\debug\src\usb_regs.o
                0x08002b20                GetEPRxAddr
 .text.SetEPTxCount
                0x08002b54       0x3c obj\debug\src\usb_regs.o
                0x08002b54                SetEPTxCount
 .text.SetEPRxCount
                0x08002b90       0x84 obj\debug\src\usb_regs.o
                0x08002b90                SetEPRxCount
 .text.GetEPRxCount
                0x08002c14       0x38 obj\debug\src\usb_regs.o
                0x08002c14                GetEPRxCount
 .text.ByteSwap
                0x08002c4c       0x30 obj\debug\src\usb_regs.o
                0x08002c4c                ByteSwap
 .text.USB_SIL_Init
                0x08002c7c       0x30 obj\debug\src\usb_sil.o
                0x08002c7c                USB_SIL_Init
 .text.exit     0x08002cac       0x28 c:/program files (x86)/embitz/1.11/share/em_armgcc/bin/../lib/gcc/arm-none-eabi/5.4.1/../../../../arm-none-eabi/lib/armv7-m\libg_n.a(lib_a-exit.o)
                0x08002cac                exit
 .text.__libc_init_array
                0x08002cd4       0x4c c:/program files (x86)/embitz/1.11/share/em_armgcc/bin/../lib/gcc/arm-none-eabi/5.4.1/../../../../arm-none-eabi/lib/armv7-m\libg_n.a(lib_a-init.o)
                0x08002cd4                __libc_init_array
 .text.memset   0x08002d20       0x10 c:/program files (x86)/embitz/1.11/share/em_armgcc/bin/../lib/gcc/arm-none-eabi/5.4.1/../../../../arm-none-eabi/lib/armv7-m\libg_n.a(lib_a-memset.o)
                0x08002d20                memset
 .text._exit    0x08002d30        0x2 c:/program files (x86)/embitz/1.11/share/em_armgcc/bin/../lib/gcc/arm-none-eabi/5.4.1/../../../../arm-none-eabi/lib/armv7-m\libnosys_s.a(_exit.o)
                0x08002d30                _exit
 *(.init)
 *fill*         0x08002d32        0x2 
 .init          0x08002d34        0x4 c:/program files (x86)/embitz/1.11/share/em_armgcc/bin/../lib/gcc/arm-none-eabi/5.4.1/armv7-m/crti.o
                0x08002d34                _init
 .init          0x08002d38        0x8 c:/program files (x86)/embitz/1.11/share/em_armgcc/bin/../lib/gcc/arm-none-eabi/5.4.1/armv7-m/crtn.o
 *(.fini)
 .fini          0x08002d40        0x4 c:/program files (x86)/embitz/1.11/share/em_armgcc/bin/../lib/gcc/arm-none-eabi/5.4.1/armv7-m/crti.o
                0x08002d40                _fini
 .fini          0x08002d44        0x8 c:/program files (x86)/embitz/1.11/share/em_armgcc/bin/../lib/gcc/arm-none-eabi/5.4.1/armv7-m/crtn.o
 *crtbegin.o(.ctors)
 *crtbegin?.o(.ctors)
 *(EXCLUDE_FILE(*crtend.o *crtend?.o) .ctors)
 *(SORT(.ctors.*))
 *(.ctors)
 *crtbegin.o(.dtors)
 *crtbegin?.o(.dtors)
 *(EXCLUDE_FILE(*crtend.o *crtend?.o) .dtors)
 *(SORT(.dtors.*))
 *(.dtors)
 *(.rodata*)
 .rodata.Virtual_Com_Port_DeviceDescriptor
                0x08002d4c       0x12 obj\debug\src\usb_desc.o
                0x08002d4c                Virtual_Com_Port_DeviceDescriptor
 *fill*         0x08002d5e        0x2 
 .rodata.Virtual_Com_Port_ConfigDescriptor
                0x08002d60       0x43 obj\debug\src\usb_desc.o
                0x08002d60                Virtual_Com_Port_ConfigDescriptor
 *fill*         0x08002da3        0x1 
 .rodata.Virtual_Com_Port_StringLangID
                0x08002da4        0x4 obj\debug\src\usb_desc.o
                0x08002da4                Virtual_Com_Port_StringLangID
 .rodata.Virtual_Com_Port_StringVendor
                0x08002da8       0x26 obj\debug\src\usb_desc.o
                0x08002da8                Virtual_Com_Port_StringVendor
 *fill*         0x08002dce        0x2 
 .rodata.Virtual_Com_Port_StringProduct
                0x08002dd0       0x32 obj\debug\src\usb_desc.o
                0x08002dd0                Virtual_Com_Port_StringProduct
 .rodata.str1.1
                0x08002e02        0x2 c:/program files (x86)/embitz/1.11/share/em_armgcc/bin/../lib/gcc/arm-none-eabi/5.4.1/../../../../arm-none-eabi/lib/armv7-m\libg_n.a(lib_a-impure.o)
 .rodata._global_impure_ptr
                0x08002e04        0x4 c:/program files (x86)/embitz/1.11/share/em_armgcc/bin/../lib/gcc/arm-none-eabi/5.4.1/../../../../arm-none-eabi/lib/armv7-m\libg_n.a(lib_a-impure.o)
                0x08002e04                _global_impure_ptr
 *(.eh_frame*)
 .eh_frame      0x08002e08        0x0 c:/program files (x86)/embitz/1.11/share/em_armgcc/bin/../lib/gcc/arm-none-eabi/5.4.1/armv7-m/crtbegin.o
 .eh_frame      0x08002e08        0x4 c:/program files (x86)/embitz/1.11/share/em_armgcc/bin/../lib/gcc/arm-none-eabi/5.4.1/armv7-m/crtend.o

.glue_7         0x08002e0c        0x0
 .glue_7        0x08002e0c        0x0 linker stubs

.glue_7t        0x08002e0c        0x0
 .glue_7t       0x08002e0c        0x0 linker stubs

.vfp11_veneer   0x08002e0c        0x0
 .vfp11_veneer  0x08002e0c        0x0 linker stubs

.v4_bx          0x08002e0c        0x0
 .v4_bx         0x08002e0c        0x0 linker stubs

.iplt           0x08002e0c        0x0
 .iplt          0x08002e0c        0x0 c:/program files (x86)/embitz/1.11/share/em_armgcc/bin/../lib/gcc/arm-none-eabi/5.4.1/armv7-m/crtbegin.o

.ARM.extab
 *(.ARM.extab* .gnu.linkonce.armextab.*)
                0x08002e0c                __exidx_start = .

.ARM.exidx      0x08002e0c        0x8
 *(.ARM.exidx* .gnu.linkonce.armexidx.*)
 .ARM.exidx     0x08002e0c        0x8 c:/program files (x86)/embitz/1.11/share/em_armgcc/bin/../lib/gcc/arm-none-eabi/5.4.1/../../../../arm-none-eabi/lib/armv7-m/crt0.o
                0x08002e14                __exidx_end = .
                0x08002e14                __etext = .

.rel.dyn        0x08002e14        0x0
 .rel.iplt      0x08002e14        0x0 c:/program files (x86)/embitz/1.11/share/em_armgcc/bin/../lib/gcc/arm-none-eabi/5.4.1/armv7-m/crtbegin.o

.data           0x20000000      0x158 load address 0x08002e14
                0x20000000                __data_start__ = .
 *(vtable)
 *(.data*)
 .data.packet_sent
                0x20000000        0x4 obj\debug\src\main.o
                0x20000000                packet_sent
 .data.packet_receive
                0x20000004        0x4 obj\debug\src\main.o
                0x20000004                packet_receive
 .data.Virtual_Com_Port_StringSerial
                0x20000008       0x1a obj\debug\src\usb_desc.o
                0x20000008                Virtual_Com_Port_StringSerial
 *fill*         0x20000022        0x2 
 .data.pEpInt_IN
                0x20000024       0x1c obj\debug\src\usb_istr.o
                0x20000024                pEpInt_IN
 .data.pEpInt_OUT
                0x20000040       0x1c obj\debug\src\usb_istr.o
                0x20000040                pEpInt_OUT
 .data.linecoding
                0x2000005c        0x8 obj\debug\src\usb_prop.o
                0x2000005c                linecoding
 .data.Device_Table
                0x20000064        0x2 obj\debug\src\usb_prop.o
                0x20000064                Device_Table
 *fill*         0x20000066        0x2 
 .data.Device_Property
                0x20000068       0x30 obj\debug\src\usb_prop.o
                0x20000068                Device_Property
 .data.User_Standard_Requests
                0x20000098       0x24 obj\debug\src\usb_prop.o
                0x20000098                User_Standard_Requests
 .data.Device_Descriptor
                0x200000bc        0x8 obj\debug\src\usb_prop.o
                0x200000bc                Device_Descriptor
 .data.Config_Descriptor
                0x200000c4        0x8 obj\debug\src\usb_prop.o
                0x200000c4                Config_Descriptor
 .data.String_Descriptor
                0x200000cc       0x20 obj\debug\src\usb_prop.o
                0x200000cc                String_Descriptor
 .data.fSuspendEnabled
                0x200000ec        0x1 obj\debug\src\usb_pwr.o
                0x200000ec                fSuspendEnabled
 *fill*         0x200000ed        0x3 
 .data.impure_data
                0x200000f0       0x60 c:/program files (x86)/embitz/1.11/share/em_armgcc/bin/../lib/gcc/arm-none-eabi/5.4.1/../../../../arm-none-eabi/lib/armv7-m\libg_n.a(lib_a-impure.o)
                0x20000150                . = ALIGN (0x4)
                0x20000150                PROVIDE (__preinit_array_start, .)
 *(.preinit_array)
                0x20000150                PROVIDE (__preinit_array_end, .)
                0x20000150                . = ALIGN (0x4)
                0x20000150                PROVIDE (__init_array_start, .)
 *(SORT(.init_array.*))
 *(.init_array)
 .init_array    0x20000150        0x4 c:/program files (x86)/embitz/1.11/share/em_armgcc/bin/../lib/gcc/arm-none-eabi/5.4.1/armv7-m/crtbegin.o
                0x20000154                PROVIDE (__init_array_end, .)
                0x20000154                . = ALIGN (0x4)
                [!provide]                PROVIDE (__fini_array_start, .)
 *(SORT(.fini_array.*))
 *(.fini_array)
 .fini_array    0x20000154        0x4 c:/program files (x86)/embitz/1.11/share/em_armgcc/bin/../lib/gcc/arm-none-eabi/5.4.1/armv7-m/crtbegin.o
                [!provide]                PROVIDE (__fini_array_end, .)
                0x20000158                . = ALIGN (0x4)
                0x20000158                __data_end__ = .

.jcr            0x20000158        0x0 load address 0x08002f6c
 .jcr           0x20000158        0x0 c:/program files (x86)/embitz/1.11/share/em_armgcc/bin/../lib/gcc/arm-none-eabi/5.4.1/armv7-m/crtbegin.o

.igot.plt       0x20000158        0x0 load address 0x08002f6c
 .igot.plt      0x20000158        0x0 c:/program files (x86)/embitz/1.11/share/em_armgcc/bin/../lib/gcc/arm-none-eabi/5.4.1/armv7-m/crtbegin.o

.bss            0x20000158       0xec load address 0x08002f6c
                0x20000158                __bss_start__ = .
 *(.bss*)
 .bss           0x20000158       0x1c c:/program files (x86)/embitz/1.11/share/em_armgcc/bin/../lib/gcc/arm-none-eabi/5.4.1/armv7-m/crtbegin.o
 .bss.TimingDelay
                0x20000174        0x4 obj\debug\src\main.o
 .bss.Data_Mul_MaxPacketSize
                0x20000178        0x1 obj\debug\src\usb_core.o
                0x20000178                Data_Mul_MaxPacketSize
 .bss.bIntPackSOF
                0x20000179        0x1 obj\debug\src\usb_istr.o
                0x20000179                bIntPackSOF
 *fill*         0x2000017a        0x2 
 .bss.esof_counter
                0x2000017c        0x4 obj\debug\src\usb_istr.o
                0x2000017c                esof_counter
 .bss.wCNTR     0x20000180        0x4 obj\debug\src\usb_istr.o
                0x20000180                wCNTR
 .bss.Request   0x20000184        0x1 obj\debug\src\usb_prop.o
                0x20000184                Request
 *fill*         0x20000185        0x3 
 .bss.bDeviceState
                0x20000188        0x4 obj\debug\src\usb_pwr.o
                0x20000188                bDeviceState
 .bss.remotewakeupon
                0x2000018c        0x4 obj\debug\src\usb_pwr.o
                0x2000018c                remotewakeupon
 *(COMMON)
 COMMON         0x20000190       0x50 obj\debug\src\hw_config.o
                0x20000190                HSEStartUpStatus
                0x20000194                Receive_Buffer
                0x200001d4                EXTI_InitStructure
                0x200001dc                Send_length
 COMMON         0x200001e0        0x2 obj\debug\src\usb_core.o
                0x200001e0                StatusInfo
 *fill*         0x200001e2        0x2 
 COMMON         0x200001e4        0x4 obj\debug\src\usb_endp.o
                0x200001e4                Receive_length
 COMMON         0x200001e8       0x32 obj\debug\src\usb_init.o
                0x200001e8                SaveState
                0x200001ec                pProperty
                0x200001f0                EPindex
                0x200001f4                Device_Info
                0x20000210                pUser_Standard_Requests
                0x20000214                pInformation
                0x20000218                wInterrupt_Mask
 COMMON         0x2000021a        0x4 obj\debug\src\usb_int.o
                0x2000021a                SaveRState
                0x2000021c                SaveTState
 COMMON         0x2000021e        0x2 obj\debug\src\usb_istr.o
                0x2000021e                wIstr
 COMMON         0x20000220       0x24 obj\debug\src\usb_pwr.o
                0x20000220                ResumeS
                0x20000224                EP
                0x20000244                __bss_end__ = .

.heap           0x20000248        0x0
                0x20000248                __end__ = .
                0x20000248                end = __end__
 *(.heap*)
 .heap          0x20000248        0x0 obj\debug\src\startup_stm32f10x_md.o
                0x20000248                __HeapLimit = .

.stack_dummy    0x20000248      0x100
 *(.stack)
 .stack         0x20000248      0x100 obj\debug\src\startup_stm32f10x_md.o
                0x20005000                __StackTop = (ORIGIN (RAM) + LENGTH (RAM))
                0x20004f00                __StackLimit = (__StackTop - SIZEOF (.stack_dummy))
                0x20005000                PROVIDE (__stack, __StackTop)
                0x00000001                ASSERT ((__StackLimit >= __HeapLimit), region RAM overflowed with stack)
LOAD obj\debug\spl\src\misc.o
LOAD obj\debug\spl\src\stm32f10x_adc.o
LOAD obj\debug\spl\src\stm32f10x_bkp.o
LOAD obj\debug\spl\src\stm32f10x_can.o
LOAD obj\debug\spl\src\stm32f10x_cec.o
LOAD obj\debug\spl\src\stm32f10x_crc.o
LOAD obj\debug\spl\src\stm32f10x_dac.o
LOAD obj\debug\spl\src\stm32f10x_dbgmcu.o
LOAD obj\debug\spl\src\stm32f10x_dma.o
LOAD obj\debug\spl\src\stm32f10x_exti.o
LOAD obj\debug\spl\src\stm32f10x_flash.o
LOAD obj\debug\spl\src\stm32f10x_fsmc.o
LOAD obj\debug\spl\src\stm32f10x_gpio.o
LOAD obj\debug\spl\src\stm32f10x_i2c.o
LOAD obj\debug\spl\src\stm32f10x_iwdg.o
LOAD obj\debug\spl\src\stm32f10x_pwr.o
LOAD obj\debug\spl\src\stm32f10x_rcc.o
LOAD obj\debug\spl\src\stm32f10x_rtc.o
LOAD obj\debug\spl\src\stm32f10x_sdio.o
LOAD obj\debug\spl\src\stm32f10x_spi.o
LOAD obj\debug\spl\src\stm32f10x_tim.o
LOAD obj\debug\spl\src\stm32f10x_usart.o
LOAD obj\debug\spl\src\stm32f10x_wwdg.o
LOAD obj\debug\src\hw_config.o
LOAD obj\debug\src\main.o
LOAD obj\debug\src\startup_stm32f10x_md.o
LOAD obj\debug\src\stm3210b_eval.o
LOAD obj\debug\src\stm3210b_eval_i2c_tsensor.o
LOAD obj\debug\src\stm3210b_eval_spi_flash.o
LOAD obj\debug\src\stm3210b_eval_spi_sd.o
LOAD obj\debug\src\stm32_it.o
LOAD obj\debug\src\system_stm32f10x.o
LOAD obj\debug\src\usb_core.o
LOAD obj\debug\src\usb_desc.o
LOAD obj\debug\src\usb_endp.o
LOAD obj\debug\src\usb_init.o
LOAD obj\debug\src\usb_int.o
LOAD obj\debug\src\usb_istr.o
LOAD obj\debug\src\usb_mem.o
LOAD obj\debug\src\usb_prop.o
LOAD obj\debug\src\usb_pwr.o
LOAD obj\debug\src\usb_regs.o
LOAD obj\debug\src\usb_sil.o
START GROUP
LOAD c:/program files (x86)/embitz/1.11/share/em_armgcc/bin/../lib/gcc/arm-none-eabi/5.4.1/armv7-m\libgcc.a
LOAD c:/program files (x86)/embitz/1.11/share/em_armgcc/bin/../lib/gcc/arm-none-eabi/5.4.1/../../../../arm-none-eabi/lib/armv7-m\libg_n.a
LOAD c:/program files (x86)/embitz/1.11/share/em_armgcc/bin/../lib/gcc/arm-none-eabi/5.4.1/../../../../arm-none-eabi/lib/armv7-m\libc_n.a
END GROUP
START GROUP
LOAD c:/program files (x86)/embitz/1.11/share/em_armgcc/bin/../lib/gcc/arm-none-eabi/5.4.1/armv7-m\libgcc.a
LOAD c:/program files (x86)/embitz/1.11/share/em_armgcc/bin/../lib/gcc/arm-none-eabi/5.4.1/../../../../arm-none-eabi/lib/armv7-m\libc_n.a
LOAD c:/program files (x86)/embitz/1.11/share/em_armgcc/bin/../lib/gcc/arm-none-eabi/5.4.1/../../../../arm-none-eabi/lib/armv7-m\libnosys_s.a
END GROUP
LOAD c:/program files (x86)/embitz/1.11/share/em_armgcc/bin/../lib/gcc/arm-none-eabi/5.4.1/armv7-m/crtend.o
LOAD c:/program files (x86)/embitz/1.11/share/em_armgcc/bin/../lib/gcc/arm-none-eabi/5.4.1/armv7-m/crtn.o
OUTPUT(bin\Debug\cobalagi.elf elf32-littlearm)

.ARM.attributes
                0x00000000       0x29
 .ARM.attributes
                0x00000000       0x1d c:/program files (x86)/embitz/1.11/share/em_armgcc/bin/../lib/gcc/arm-none-eabi/5.4.1/armv7-m/crti.o
 .ARM.attributes
                0x0000001d       0x2d c:/program files (x86)/embitz/1.11/share/em_armgcc/bin/../lib/gcc/arm-none-eabi/5.4.1/armv7-m/crtbegin.o
 .ARM.attributes
                0x0000004a       0x1b c:/program files (x86)/embitz/1.11/share/em_armgcc/bin/../lib/gcc/arm-none-eabi/5.4.1/../../../../arm-none-eabi/lib/armv7-m/crt0.o
 .ARM.attributes
                0x00000065       0x33 obj\debug\spl\src\misc.o
 .ARM.attributes
                0x00000098       0x33 obj\debug\spl\src\stm32f10x_exti.o
 .ARM.attributes
                0x000000cb       0x33 obj\debug\spl\src\stm32f10x_gpio.o
 .ARM.attributes
                0x000000fe       0x33 obj\debug\spl\src\stm32f10x_rcc.o
 .ARM.attributes
                0x00000131       0x33 obj\debug\src\hw_config.o
 .ARM.attributes
                0x00000164       0x33 obj\debug\src\main.o
 .ARM.attributes
                0x00000197       0x1b obj\debug\src\startup_stm32f10x_md.o
 .ARM.attributes
                0x000001b2       0x33 obj\debug\src\stm32_it.o
 .ARM.attributes
                0x000001e5       0x33 obj\debug\src\system_stm32f10x.o
 .ARM.attributes
                0x00000218       0x33 obj\debug\src\usb_core.o
 .ARM.attributes
                0x0000024b       0x33 obj\debug\src\usb_desc.o
 .ARM.attributes
                0x0000027e       0x33 obj\debug\src\usb_endp.o
 .ARM.attributes
                0x000002b1       0x33 obj\debug\src\usb_init.o
 .ARM.attributes
                0x000002e4       0x33 obj\debug\src\usb_int.o
 .ARM.attributes
                0x00000317       0x33 obj\debug\src\usb_istr.o
 .ARM.attributes
                0x0000034a       0x33 obj\debug\src\usb_mem.o
 .ARM.attributes
                0x0000037d       0x33 obj\debug\src\usb_prop.o
 .ARM.attributes
                0x000003b0       0x33 obj\debug\src\usb_pwr.o
 .ARM.attributes
                0x000003e3       0x33 obj\debug\src\usb_regs.o
 .ARM.attributes
                0x00000416       0x33 obj\debug\src\usb_sil.o
 .ARM.attributes
                0x00000449       0x2d c:/program files (x86)/embitz/1.11/share/em_armgcc/bin/../lib/gcc/arm-none-eabi/5.4.1/../../../../arm-none-eabi/lib/armv7-m\libg_n.a(lib_a-exit.o)
 .ARM.attributes
                0x00000476       0x2d c:/program files (x86)/embitz/1.11/share/em_armgcc/bin/../lib/gcc/arm-none-eabi/5.4.1/../../../../arm-none-eabi/lib/armv7-m\libg_n.a(lib_a-impure.o)
 .ARM.attributes
                0x000004a3       0x2d c:/program files (x86)/embitz/1.11/share/em_armgcc/bin/../lib/gcc/arm-none-eabi/5.4.1/../../../../arm-none-eabi/lib/armv7-m\libg_n.a(lib_a-init.o)
 .ARM.attributes
                0x000004d0       0x2d c:/program files (x86)/embitz/1.11/share/em_armgcc/bin/../lib/gcc/arm-none-eabi/5.4.1/../../../../arm-none-eabi/lib/armv7-m\libg_n.a(lib_a-memset.o)
 .ARM.attributes
                0x000004fd       0x2d c:/program files (x86)/embitz/1.11/share/em_armgcc/bin/../lib/gcc/arm-none-eabi/5.4.1/../../../../arm-none-eabi/lib/armv7-m\libnosys_s.a(_exit.o)
 .ARM.attributes
                0x0000052a       0x2d c:/program files (x86)/embitz/1.11/share/em_armgcc/bin/../lib/gcc/arm-none-eabi/5.4.1/armv7-m/crtend.o
 .ARM.attributes
                0x00000557       0x1d c:/program files (x86)/embitz/1.11/share/em_armgcc/bin/../lib/gcc/arm-none-eabi/5.4.1/armv7-m/crtn.o

.comment        0x00000000       0x6e
 .comment       0x00000000       0x6e obj\debug\spl\src\misc.o
                                 0x6f (size before relaxing)
 .comment       0x0000006e       0x6f obj\debug\spl\src\stm32f10x_exti.o
 .comment       0x0000006e       0x6f obj\debug\spl\src\stm32f10x_gpio.o
 .comment       0x0000006e       0x6f obj\debug\spl\src\stm32f10x_rcc.o
 .comment       0x0000006e       0x6f obj\debug\src\hw_config.o
 .comment       0x0000006e       0x6f obj\debug\src\main.o
 .comment       0x0000006e       0x6f obj\debug\src\stm32_it.o
 .comment       0x0000006e       0x6f obj\debug\src\system_stm32f10x.o
 .comment       0x0000006e       0x6f obj\debug\src\usb_core.o
 .comment       0x0000006e       0x6f obj\debug\src\usb_desc.o
 .comment       0x0000006e       0x6f obj\debug\src\usb_endp.o
 .comment       0x0000006e       0x6f obj\debug\src\usb_init.o
 .comment       0x0000006e       0x6f obj\debug\src\usb_int.o
 .comment       0x0000006e       0x6f obj\debug\src\usb_istr.o
 .comment       0x0000006e       0x6f obj\debug\src\usb_mem.o
 .comment       0x0000006e       0x6f obj\debug\src\usb_prop.o
 .comment       0x0000006e       0x6f obj\debug\src\usb_pwr.o
 .comment       0x0000006e       0x6f obj\debug\src\usb_regs.o
 .comment       0x0000006e       0x6f obj\debug\src\usb_sil.o

.debug_info     0x00000000     0x5e47
 .debug_info    0x00000000      0x55e obj\debug\spl\src\misc.o
 .debug_info    0x0000055e      0x359 obj\debug\spl\src\stm32f10x_exti.o
 .debug_info    0x000008b7      0x6fe obj\debug\spl\src\stm32f10x_gpio.o
 .debug_info    0x00000fb5      0x8ab obj\debug\spl\src\stm32f10x_rcc.o
 .debug_info    0x00001860      0x81f obj\debug\src\hw_config.o
 .debug_info    0x0000207f      0x1dd obj\debug\src\main.o
 .debug_info    0x0000225c       0x65 obj\debug\src\startup_stm32f10x_md.o
 .debug_info    0x000022c1      0x15e obj\debug\src\stm32_it.o
 .debug_info    0x0000241f      0x4a4 obj\debug\src\system_stm32f10x.o
 .debug_info    0x000028c3      0xb86 obj\debug\src\usb_core.o
 .debug_info    0x00003449      0x190 obj\debug\src\usb_desc.o
 .debug_info    0x000035d9      0x13d obj\debug\src\usb_endp.o
 .debug_info    0x00003716      0x45c obj\debug\src\usb_init.o
 .debug_info    0x00003b72      0x1fb obj\debug\src\usb_int.o
 .debug_info    0x00003d6d      0x363 obj\debug\src\usb_istr.o
 .debug_info    0x000040d0      0x1da obj\debug\src\usb_mem.o
 .debug_info    0x000042aa      0x83c obj\debug\src\usb_prop.o
 .debug_info    0x00004ae6      0x544 obj\debug\src\usb_pwr.o
 .debug_info    0x0000502a      0xc8f obj\debug\src\usb_regs.o
 .debug_info    0x00005cb9      0x18e obj\debug\src\usb_sil.o

.debug_abbrev   0x00000000     0x196e
 .debug_abbrev  0x00000000      0x14c obj\debug\spl\src\misc.o
 .debug_abbrev  0x0000014c      0x15a obj\debug\spl\src\stm32f10x_exti.o
 .debug_abbrev  0x000002a6      0x1d1 obj\debug\spl\src\stm32f10x_gpio.o
 .debug_abbrev  0x00000477      0x1c1 obj\debug\spl\src\stm32f10x_rcc.o
 .debug_abbrev  0x00000638      0x27a obj\debug\src\hw_config.o
 .debug_abbrev  0x000008b2      0x10a obj\debug\src\main.o
 .debug_abbrev  0x000009bc       0x14 obj\debug\src\startup_stm32f10x_md.o
 .debug_abbrev  0x000009d0       0x82 obj\debug\src\stm32_it.o
 .debug_abbrev  0x00000a52      0x153 obj\debug\src\system_stm32f10x.o
 .debug_abbrev  0x00000ba5      0x292 obj\debug\src\usb_core.o
 .debug_abbrev  0x00000e37       0x78 obj\debug\src\usb_desc.o
 .debug_abbrev  0x00000eaf       0xb6 obj\debug\src\usb_endp.o
 .debug_abbrev  0x00000f65      0x125 obj\debug\src\usb_init.o
 .debug_abbrev  0x0000108a       0xd3 obj\debug\src\usb_int.o
 .debug_abbrev  0x0000115d      0x11f obj\debug\src\usb_istr.o
 .debug_abbrev  0x0000127c       0xa2 obj\debug\src\usb_mem.o
 .debug_abbrev  0x0000131e      0x20d obj\debug\src\usb_prop.o
 .debug_abbrev  0x0000152b      0x208 obj\debug\src\usb_pwr.o
 .debug_abbrev  0x00001733      0x17b obj\debug\src\usb_regs.o
 .debug_abbrev  0x000018ae       0xc0 obj\debug\src\usb_sil.o

.debug_aranges  0x00000000      0x818
 .debug_aranges
                0x00000000       0x40 obj\debug\spl\src\misc.o
 .debug_aranges
                0x00000040       0x58 obj\debug\spl\src\stm32f10x_exti.o
 .debug_aranges
                0x00000098       0xa8 obj\debug\spl\src\stm32f10x_gpio.o
 .debug_aranges
                0x00000140      0x118 obj\debug\spl\src\stm32f10x_rcc.o
 .debug_aranges
                0x00000258       0x68 obj\debug\src\hw_config.o
 .debug_aranges
                0x000002c0       0x30 obj\debug\src\main.o
 .debug_aranges
                0x000002f0       0x20 obj\debug\src\startup_stm32f10x_md.o
 .debug_aranges
                0x00000310       0x68 obj\debug\src\stm32_it.o
 .debug_aranges
                0x00000378       0x38 obj\debug\src\system_stm32f10x.o
 .debug_aranges
                0x000003b0       0xb0 obj\debug\src\usb_core.o
 .debug_aranges
                0x00000460       0x18 obj\debug\src\usb_desc.o
 .debug_aranges
                0x00000478       0x28 obj\debug\src\usb_endp.o
 .debug_aranges
                0x000004a0       0x20 obj\debug\src\usb_init.o
 .debug_aranges
                0x000004c0       0x28 obj\debug\src\usb_int.o
 .debug_aranges
                0x000004e8       0x20 obj\debug\src\usb_istr.o
 .debug_aranges
                0x00000508       0x28 obj\debug\src\usb_mem.o
 .debug_aranges
                0x00000530       0x88 obj\debug\src\usb_prop.o
 .debug_aranges
                0x000005b8       0x40 obj\debug\src\usb_pwr.o
 .debug_aranges
                0x000005f8      0x1f0 obj\debug\src\usb_regs.o
 .debug_aranges
                0x000007e8       0x30 obj\debug\src\usb_sil.o

.debug_ranges   0x00000000      0x798
 .debug_ranges  0x00000000       0x30 obj\debug\spl\src\misc.o
 .debug_ranges  0x00000030       0x48 obj\debug\spl\src\stm32f10x_exti.o
 .debug_ranges  0x00000078       0x98 obj\debug\spl\src\stm32f10x_gpio.o
 .debug_ranges  0x00000110      0x108 obj\debug\spl\src\stm32f10x_rcc.o
 .debug_ranges  0x00000218       0x58 obj\debug\src\hw_config.o
 .debug_ranges  0x00000270       0x20 obj\debug\src\main.o
 .debug_ranges  0x00000290       0x58 obj\debug\src\stm32_it.o
 .debug_ranges  0x000002e8       0x28 obj\debug\src\system_stm32f10x.o
 .debug_ranges  0x00000310       0xa0 obj\debug\src\usb_core.o
 .debug_ranges  0x000003b0       0x18 obj\debug\src\usb_endp.o
 .debug_ranges  0x000003c8       0x10 obj\debug\src\usb_init.o
 .debug_ranges  0x000003d8       0x18 obj\debug\src\usb_int.o
 .debug_ranges  0x000003f0       0x10 obj\debug\src\usb_istr.o
 .debug_ranges  0x00000400       0x18 obj\debug\src\usb_mem.o
 .debug_ranges  0x00000418       0x78 obj\debug\src\usb_prop.o
 .debug_ranges  0x00000490       0x30 obj\debug\src\usb_pwr.o
 .debug_ranges  0x000004c0      0x2b8 obj\debug\src\usb_regs.o
 .debug_ranges  0x00000778       0x20 obj\debug\src\usb_sil.o

.debug_macro    0x00000000    0x101ff
 .debug_macro   0x00000000      0x195 obj\debug\spl\src\misc.o
 .debug_macro   0x00000195      0x886 obj\debug\spl\src\misc.o
 .debug_macro   0x00000a1b       0x5d obj\debug\spl\src\misc.o
 .debug_macro   0x00000a78       0x3a obj\debug\spl\src\misc.o
 .debug_macro   0x00000ab2       0x22 obj\debug\spl\src\misc.o
 .debug_macro   0x00000ad4       0x87 obj\debug\spl\src\misc.o
 .debug_macro   0x00000b5b       0x44 obj\debug\spl\src\misc.o
 .debug_macro   0x00000b9f       0xfd obj\debug\spl\src\misc.o
 .debug_macro   0x00000c9c       0x5e obj\debug\spl\src\misc.o
 .debug_macro   0x00000cfa      0x1df obj\debug\spl\src\misc.o
 .debug_macro   0x00000ed9       0x18 obj\debug\spl\src\misc.o
 .debug_macro   0x00000ef1      0xa36 obj\debug\spl\src\misc.o
 .debug_macro   0x00001927     0x7eb3 obj\debug\spl\src\misc.o
 .debug_macro   0x000097da      0x2e4 obj\debug\spl\src\misc.o
 .debug_macro   0x00009abe      0x14a obj\debug\spl\src\misc.o
 .debug_macro   0x00009c08      0x3cf obj\debug\spl\src\misc.o
 .debug_macro   0x00009fd7      0x17b obj\debug\spl\src\misc.o
 .debug_macro   0x0000a152       0xac obj\debug\spl\src\misc.o
 .debug_macro   0x0000a1fe      0x3b0 obj\debug\spl\src\misc.o
 .debug_macro   0x0000a5ae       0x9d obj\debug\spl\src\misc.o
 .debug_macro   0x0000a64b      0x2d5 obj\debug\spl\src\misc.o
 .debug_macro   0x0000a920      0x279 obj\debug\spl\src\misc.o
 .debug_macro   0x0000ab99      0x2ad obj\debug\spl\src\misc.o
 .debug_macro   0x0000ae46      0x2b4 obj\debug\spl\src\misc.o
 .debug_macro   0x0000b0fa       0x64 obj\debug\spl\src\misc.o
 .debug_macro   0x0000b15e       0x82 obj\debug\spl\src\misc.o
 .debug_macro   0x0000b1e0      0x3e2 obj\debug\spl\src\misc.o
 .debug_macro   0x0000b5c2       0x58 obj\debug\spl\src\misc.o
 .debug_macro   0x0000b61a      0x344 obj\debug\spl\src\misc.o
 .debug_macro   0x0000b95e      0x2c4 obj\debug\spl\src\misc.o
 .debug_macro   0x0000bc22      0x711 obj\debug\spl\src\misc.o
 .debug_macro   0x0000c333      0x229 obj\debug\spl\src\misc.o
 .debug_macro   0x0000c55c       0x34 obj\debug\spl\src\misc.o
 .debug_macro   0x0000c590       0x35 obj\debug\spl\src\misc.o
 .debug_macro   0x0000c5c5       0x86 obj\debug\spl\src\misc.o
 .debug_macro   0x0000c64b      0x195 obj\debug\spl\src\stm32f10x_exti.o
 .debug_macro   0x0000c7e0       0x97 obj\debug\spl\src\stm32f10x_exti.o
 .debug_macro   0x0000c877      0x1dd obj\debug\spl\src\stm32f10x_gpio.o
 .debug_macro   0x0000ca54      0x2a7 obj\debug\spl\src\stm32f10x_gpio.o
 .debug_macro   0x0000ccfb      0x2af obj\debug\spl\src\stm32f10x_rcc.o
 .debug_macro   0x0000cfaa      0x3dc obj\debug\spl\src\stm32f10x_rcc.o
 .debug_macro   0x0000d386      0x24a obj\debug\src\hw_config.o
 .debug_macro   0x0000d5d0       0x10 obj\debug\src\hw_config.o
 .debug_macro   0x0000d5e0      0x3d4 obj\debug\src\hw_config.o
 .debug_macro   0x0000d9b4      0x3bf obj\debug\src\hw_config.o
 .debug_macro   0x0000dd73       0x28 obj\debug\src\hw_config.o
 .debug_macro   0x0000dd9b       0x82 obj\debug\src\hw_config.o
 .debug_macro   0x0000de1d       0x1c obj\debug\src\hw_config.o
 .debug_macro   0x0000de39      0x454 obj\debug\src\hw_config.o
 .debug_macro   0x0000e28d       0x28 obj\debug\src\hw_config.o
 .debug_macro   0x0000e2b5       0x5e obj\debug\src\hw_config.o
 .debug_macro   0x0000e313       0x6a obj\debug\src\hw_config.o
 .debug_macro   0x0000e37d       0x5e obj\debug\src\hw_config.o
 .debug_macro   0x0000e3db      0x237 obj\debug\src\main.o
 .debug_macro   0x0000e612      0x238 obj\debug\src\stm32_it.o
 .debug_macro   0x0000e84a      0x192 obj\debug\src\system_stm32f10x.o
 .debug_macro   0x0000e9dc      0x25c obj\debug\src\usb_core.o
 .debug_macro   0x0000ec38      0x229 obj\debug\src\usb_desc.o
 .debug_macro   0x0000ee61      0x24b obj\debug\src\usb_endp.o
 .debug_macro   0x0000f0ac      0x220 obj\debug\src\usb_init.o
 .debug_macro   0x0000f2cc      0x220 obj\debug\src\usb_int.o
 .debug_macro   0x0000f4ec      0x23d obj\debug\src\usb_istr.o
 .debug_macro   0x0000f729      0x220 obj\debug\src\usb_mem.o
 .debug_macro   0x0000f949      0x244 obj\debug\src\usb_prop.o
 .debug_macro   0x0000fb8d      0x232 obj\debug\src\usb_pwr.o
 .debug_macro   0x0000fdbf      0x220 obj\debug\src\usb_regs.o
 .debug_macro   0x0000ffdf      0x220 obj\debug\src\usb_sil.o

.debug_line     0x00000000     0x6f43
 .debug_line    0x00000000      0x46f obj\debug\spl\src\misc.o
 .debug_line    0x0000046f      0x4c8 obj\debug\spl\src\stm32f10x_exti.o
 .debug_line    0x00000937      0x5f2 obj\debug\spl\src\stm32f10x_gpio.o
 .debug_line    0x00000f29      0x6ee obj\debug\spl\src\stm32f10x_rcc.o
 .debug_line    0x00001617      0x60b obj\debug\src\hw_config.o
 .debug_line    0x00001c22      0x533 obj\debug\src\main.o
 .debug_line    0x00002155       0xa8 obj\debug\src\startup_stm32f10x_md.o
 .debug_line    0x000021fd      0x5aa obj\debug\src\stm32_it.o
 .debug_line    0x000027a7      0x4ac obj\debug\src\system_stm32f10x.o
 .debug_line    0x00002c53      0x803 obj\debug\src\usb_core.o
 .debug_line    0x00003456      0x4e1 obj\debug\src\usb_desc.o
 .debug_line    0x00003937      0x521 obj\debug\src\usb_endp.o
 .debug_line    0x00003e58      0x4e9 obj\debug\src\usb_init.o
 .debug_line    0x00004341      0x5be obj\debug\src\usb_int.o
 .debug_line    0x000048ff      0x564 obj\debug\src\usb_istr.o
 .debug_line    0x00004e63      0x53d obj\debug\src\usb_mem.o
 .debug_line    0x000053a0      0x636 obj\debug\src\usb_prop.o
 .debug_line    0x000059d6      0x5c7 obj\debug\src\usb_pwr.o
 .debug_line    0x00005f9d      0xa97 obj\debug\src\usb_regs.o
 .debug_line    0x00006a34      0x50f obj\debug\src\usb_sil.o

.debug_str      0x00000000    0x55062
 .debug_str     0x00000000    0x4e012 obj\debug\spl\src\misc.o
                              0x4e19a (size before relaxing)
 .debug_str     0x0004e012      0x1d5 obj\debug\spl\src\stm32f10x_exti.o
                              0x4e11d (size before relaxing)
 .debug_str     0x0004e1e7      0x5a6 obj\debug\spl\src\stm32f10x_gpio.o
                              0x4e50c (size before relaxing)
 .debug_str     0x0004e78d      0xb41 obj\debug\spl\src\stm32f10x_rcc.o
                              0x4eaf2 (size before relaxing)
 .debug_str     0x0004f2ce     0x49fa obj\debug\src\hw_config.o
                              0x52c58 (size before relaxing)
 .debug_str     0x00053cc8       0x56 obj\debug\src\main.o
                              0x5227d (size before relaxing)
 .debug_str     0x00053d1e       0xcd obj\debug\src\stm32_it.o
                              0x5206d (size before relaxing)
 .debug_str     0x00053deb       0xb7 obj\debug\src\system_stm32f10x.o
                              0x4e0cd (size before relaxing)
 .debug_str     0x00053ea2      0x833 obj\debug\src\usb_core.o
                              0x52a28 (size before relaxing)
 .debug_str     0x000546d5       0xae obj\debug\src\usb_desc.o
                              0x52251 (size before relaxing)
 .debug_str     0x00054783       0x4d obj\debug\src\usb_endp.o
                              0x5223a (size before relaxing)
 .debug_str     0x000547d0       0x3a obj\debug\src\usb_init.o
                              0x5235e (size before relaxing)
 .debug_str     0x0005480a       0x3e obj\debug\src\usb_int.o
                              0x5201d (size before relaxing)
 .debug_str     0x00054848       0xbc obj\debug\src\usb_istr.o
                              0x52411 (size before relaxing)
 .debug_str     0x00054904       0x66 obj\debug\src\usb_mem.o
                              0x5201e (size before relaxing)
 .debug_str     0x0005496a      0x23d obj\debug\src\usb_prop.o
                              0x52b95 (size before relaxing)
 .debug_str     0x00054ba7       0x85 obj\debug\src\usb_pwr.o
                              0x5221d (size before relaxing)
 .debug_str     0x00054c2c      0x3d2 obj\debug\src\usb_regs.o
                              0x523a6 (size before relaxing)
 .debug_str     0x00054ffe       0x64 obj\debug\src\usb_sil.o
                              0x5202c (size before relaxing)

.debug_frame    0x00000000     0x1e88
 .debug_frame   0x00000000       0xd8 obj\debug\spl\src\misc.o
 .debug_frame   0x000000d8      0x148 obj\debug\spl\src\stm32f10x_exti.o
 .debug_frame   0x00000220      0x2d0 obj\debug\spl\src\stm32f10x_gpio.o
 .debug_frame   0x000004f0      0x4f4 obj\debug\spl\src\stm32f10x_rcc.o
 .debug_frame   0x000009e4      0x168 obj\debug\src\hw_config.o
 .debug_frame   0x00000b4c       0x74 obj\debug\src\main.o
 .debug_frame   0x00000bc0      0x128 obj\debug\src\stm32_it.o
 .debug_frame   0x00000ce8       0x98 obj\debug\src\system_stm32f10x.o
 .debug_frame   0x00000d80      0x2b8 obj\debug\src\usb_core.o
 .debug_frame   0x00001038       0x4c obj\debug\src\usb_endp.o
 .debug_frame   0x00001084       0x2c obj\debug\src\usb_init.o
 .debug_frame   0x000010b0       0x5c obj\debug\src\usb_int.o
 .debug_frame   0x0000110c       0x34 obj\debug\src\usb_istr.o
 .debug_frame   0x00001140       0x60 obj\debug\src\usb_mem.o
 .debug_frame   0x000011a0      0x200 obj\debug\src\usb_prop.o
 .debug_frame   0x000013a0       0xc0 obj\debug\src\usb_pwr.o
 .debug_frame   0x00001460      0x91c obj\debug\src\usb_regs.o
 .debug_frame   0x00001d7c       0x78 obj\debug\src\usb_sil.o
 .debug_frame   0x00001df4       0x28 c:/program files (x86)/embitz/1.11/share/em_armgcc/bin/../lib/gcc/arm-none-eabi/5.4.1/../../../../arm-none-eabi/lib/armv7-m\libg_n.a(lib_a-exit.o)
 .debug_frame   0x00001e1c       0x2c c:/program files (x86)/embitz/1.11/share/em_armgcc/bin/../lib/gcc/arm-none-eabi/5.4.1/../../../../arm-none-eabi/lib/armv7-m\libg_n.a(lib_a-init.o)
 .debug_frame   0x00001e48       0x20 c:/program files (x86)/embitz/1.11/share/em_armgcc/bin/../lib/gcc/arm-none-eabi/5.4.1/../../../../arm-none-eabi/lib/armv7-m\libg_n.a(lib_a-memset.o)
 .debug_frame   0x00001e68       0x20 c:/program files (x86)/embitz/1.11/share/em_armgcc/bin/../lib/gcc/arm-none-eabi/5.4.1/../../../../arm-none-eabi/lib/armv7-m\libnosys_s.a(_exit.o)
